###############################################################################
#
# IAR ELF Linker V7.70.1.11437/W32 for ARM                03/Oct/2016  17:02:14
# Copyright 2007-2016 IAR Systems AB.
#
#    Output file  =  E:\PLC\IAR\PLC\EWARM\PLC\Exe\PLC.out
#    Map file     =  E:\PLC\IAR\PLC\EWARM\PLC\List\PLC.map
#    Command line =  
#        E:\PLC\IAR\PLC\EWARM\PLC\Obj\adc.o
#        E:\PLC\IAR\PLC\EWARM\PLC\Obj\ARIALB_16pt.o
#        E:\PLC\IAR\PLC\EWARM\PLC\Obj\bsp_driver_sd.o
#        E:\PLC\IAR\PLC\EWARM\PLC\Obj\bsp_driver_sdram.o
#        E:\PLC\IAR\PLC\EWARM\PLC\Obj\calculations.o
#        E:\PLC\IAR\PLC\EWARM\PLC\Obj\can.o E:\PLC\IAR\PLC\EWARM\PLC\Obj\core.o
#        E:\PLC\IAR\PLC\EWARM\PLC\Obj\dac.o
#        E:\PLC\IAR\PLC\EWARM\PLC\Obj\diskio.o
#        E:\PLC\IAR\PLC\EWARM\PLC\Obj\DispInfo.o
#        E:\PLC\IAR\PLC\EWARM\PLC\Obj\dma.o
#        E:\PLC\IAR\PLC\EWARM\PLC\Obj\dma2d.o
#        E:\PLC\IAR\PLC\EWARM\PLC\Obj\fatfs.o E:\PLC\IAR\PLC\EWARM\PLC\Obj\ff.o
#        E:\PLC\IAR\PLC\EWARM\PLC\Obj\ff_gen_drv.o
#        E:\PLC\IAR\PLC\EWARM\PLC\Obj\files.o
#        E:\PLC\IAR\PLC\EWARM\PLC\Obj\fmc.o
#        E:\PLC\IAR\PLC\EWARM\PLC\Obj\GOST_B_23_var.o
#        E:\PLC\IAR\PLC\EWARM\PLC\Obj\gpio.o E:\PLC\IAR\PLC\EWARM\PLC\Obj\gui.o
#        E:\PLC\IAR\PLC\EWARM\PLC\Obj\i2c.o
#        E:\PLC\IAR\PLC\EWARM\PLC\Obj\ImageControl.o
#        E:\PLC\IAR\PLC\EWARM\PLC\Obj\initial.o
#        E:\PLC\IAR\PLC\EWARM\PLC\Obj\InputsTW.o
#        E:\PLC\IAR\PLC\EWARM\PLC\Obj\interrupts.o
#        E:\PLC\IAR\PLC\EWARM\PLC\Obj\keyboard.o
#        E:\PLC\IAR\PLC\EWARM\PLC\Obj\lcd.o E:\PLC\IAR\PLC\EWARM\PLC\Obj\leds.o
#        E:\PLC\IAR\PLC\EWARM\PLC\Obj\lm75.o
#        E:\PLC\IAR\PLC\EWARM\PLC\Obj\ltdc.o
#        E:\PLC\IAR\PLC\EWARM\PLC\Obj\main.o
#        E:\PLC\IAR\PLC\EWARM\PLC\Obj\memory.o
#        E:\PLC\IAR\PLC\EWARM\PLC\Obj\OSDBasic.o
#        E:\PLC\IAR\PLC\EWARM\PLC\Obj\OSDFont.o
#        E:\PLC\IAR\PLC\EWARM\PLC\Obj\OSDinitTable.o
#        E:\PLC\IAR\PLC\EWARM\PLC\Obj\RIAD_16pt.o
#        E:\PLC\IAR\PLC\EWARM\PLC\Obj\RIAD_30pt.o
#        E:\PLC\IAR\PLC\EWARM\PLC\Obj\RIAD_40pt.o
#        E:\PLC\IAR\PLC\EWARM\PLC\Obj\RIAD_80pt.o
#        E:\PLC\IAR\PLC\EWARM\PLC\Obj\rtc.o
#        E:\PLC\IAR\PLC\EWARM\PLC\Obj\sd_diskio.o
#        E:\PLC\IAR\PLC\EWARM\PLC\Obj\sdmmc.o
#        E:\PLC\IAR\PLC\EWARM\PLC\Obj\sdram_diskio.o
#        E:\PLC\IAR\PLC\EWARM\PLC\Obj\sound.o
#        E:\PLC\IAR\PLC\EWARM\PLC\Obj\spi.o
#        E:\PLC\IAR\PLC\EWARM\PLC\Obj\spi_mem.o
#        E:\PLC\IAR\PLC\EWARM\PLC\Obj\startup_stm32f746xx.o
#        E:\PLC\IAR\PLC\EWARM\PLC\Obj\stm32f7xx_hal.o
#        E:\PLC\IAR\PLC\EWARM\PLC\Obj\stm32f7xx_hal_adc.o
#        E:\PLC\IAR\PLC\EWARM\PLC\Obj\stm32f7xx_hal_adc_ex.o
#        E:\PLC\IAR\PLC\EWARM\PLC\Obj\stm32f7xx_hal_can.o
#        E:\PLC\IAR\PLC\EWARM\PLC\Obj\stm32f7xx_hal_cortex.o
#        E:\PLC\IAR\PLC\EWARM\PLC\Obj\stm32f7xx_hal_dac.o
#        E:\PLC\IAR\PLC\EWARM\PLC\Obj\stm32f7xx_hal_dac_ex.o
#        E:\PLC\IAR\PLC\EWARM\PLC\Obj\stm32f7xx_hal_dma.o
#        E:\PLC\IAR\PLC\EWARM\PLC\Obj\stm32f7xx_hal_dma2d.o
#        E:\PLC\IAR\PLC\EWARM\PLC\Obj\stm32f7xx_hal_dma_ex.o
#        E:\PLC\IAR\PLC\EWARM\PLC\Obj\stm32f7xx_hal_flash.o
#        E:\PLC\IAR\PLC\EWARM\PLC\Obj\stm32f7xx_hal_flash_ex.o
#        E:\PLC\IAR\PLC\EWARM\PLC\Obj\stm32f7xx_hal_gpio.o
#        E:\PLC\IAR\PLC\EWARM\PLC\Obj\stm32f7xx_hal_hcd.o
#        E:\PLC\IAR\PLC\EWARM\PLC\Obj\stm32f7xx_hal_i2c.o
#        E:\PLC\IAR\PLC\EWARM\PLC\Obj\stm32f7xx_hal_i2c_ex.o
#        E:\PLC\IAR\PLC\EWARM\PLC\Obj\stm32f7xx_hal_ltdc.o
#        E:\PLC\IAR\PLC\EWARM\PLC\Obj\stm32f7xx_hal_msp.o
#        E:\PLC\IAR\PLC\EWARM\PLC\Obj\stm32f7xx_hal_nand.o
#        E:\PLC\IAR\PLC\EWARM\PLC\Obj\stm32f7xx_hal_pwr.o
#        E:\PLC\IAR\PLC\EWARM\PLC\Obj\stm32f7xx_hal_pwr_ex.o
#        E:\PLC\IAR\PLC\EWARM\PLC\Obj\stm32f7xx_hal_rcc.o
#        E:\PLC\IAR\PLC\EWARM\PLC\Obj\stm32f7xx_hal_rcc_ex.o
#        E:\PLC\IAR\PLC\EWARM\PLC\Obj\stm32f7xx_hal_sd.o
#        E:\PLC\IAR\PLC\EWARM\PLC\Obj\stm32f7xx_hal_sdram.o
#        E:\PLC\IAR\PLC\EWARM\PLC\Obj\stm32f7xx_hal_spi.o
#        E:\PLC\IAR\PLC\EWARM\PLC\Obj\stm32f7xx_hal_tim.o
#        E:\PLC\IAR\PLC\EWARM\PLC\Obj\stm32f7xx_hal_tim_ex.o
#        E:\PLC\IAR\PLC\EWARM\PLC\Obj\stm32f7xx_hal_uart.o
#        E:\PLC\IAR\PLC\EWARM\PLC\Obj\stm32f7xx_it.o
#        E:\PLC\IAR\PLC\EWARM\PLC\Obj\stm32f7xx_ll_fmc.o
#        E:\PLC\IAR\PLC\EWARM\PLC\Obj\stm32f7xx_ll_sdmmc.o
#        E:\PLC\IAR\PLC\EWARM\PLC\Obj\stm32f7xx_ll_usb.o
#        E:\PLC\IAR\PLC\EWARM\PLC\Obj\stmpe811.o
#        E:\PLC\IAR\PLC\EWARM\PLC\Obj\syscall.o
#        E:\PLC\IAR\PLC\EWARM\PLC\Obj\system_stm32f7xx.o
#        E:\PLC\IAR\PLC\EWARM\PLC\Obj\tim.o
#        E:\PLC\IAR\PLC\EWARM\PLC\Obj\timer13.o
#        E:\PLC\IAR\PLC\EWARM\PLC\Obj\timer14.o
#        E:\PLC\IAR\PLC\EWARM\PLC\Obj\tw8819.o
#        E:\PLC\IAR\PLC\EWARM\PLC\Obj\usart.o
#        E:\PLC\IAR\PLC\EWARM\PLC\Obj\usb_host.o
#        E:\PLC\IAR\PLC\EWARM\PLC\Obj\usbh_conf.o
#        E:\PLC\IAR\PLC\EWARM\PLC\Obj\usbh_core.o
#        E:\PLC\IAR\PLC\EWARM\PLC\Obj\usbh_ctlreq.o
#        E:\PLC\IAR\PLC\EWARM\PLC\Obj\usbh_diskio.o
#        E:\PLC\IAR\PLC\EWARM\PLC\Obj\usbh_ioreq.o
#        E:\PLC\IAR\PLC\EWARM\PLC\Obj\usbh_msc.o
#        E:\PLC\IAR\PLC\EWARM\PLC\Obj\usbh_msc_bot.o
#        E:\PLC\IAR\PLC\EWARM\PLC\Obj\usbh_msc_scsi.o
#        E:\PLC\IAR\PLC\EWARM\PLC\Obj\usbh_pipes.o
#        E:\PLC\IAR\PLC\EWARM\PLC\Obj\userinterface.o
#        E:\PLC\IAR\PLC\EWARM\PLC\Obj\video.o --redirect _Printf=_PrintfFull
#        --redirect _Scanf=_ScanfFull -o E:\PLC\IAR\PLC\EWARM\PLC\Exe\PLC.out
#        --map E:\PLC\IAR\PLC\EWARM\PLC\List\PLC.map --config
#        E:\PLC\IAR\PLC\EWARM/stm32f746xx_flash.icf --semihosting --entry
#        __iar_program_start "D:\Program Files\IAR Systems\Embedded Workbench
#        7.5\arm\CMSIS\Lib\IAR\iar_cortexM7ls_math.a" --vfe
#
###############################################################################

*******************************************************************************
*** RUNTIME MODEL ATTRIBUTES
***

CppFlavor       = *
__Heap_Handler  = DLMalloc
__SystemLibrary = DLib


*******************************************************************************
*** PLACEMENT SUMMARY
***

"A0":  place at 0x08000000 { ro section .intvec };
"P1":  place in [from 0x08000000 to 0x080fffff] { ro };
"P2":  place in [from 0x20000000 to 0x2004ffff] { rw, block CSTACK, block HEAP };
do not initialize { section .noinit };
initialize by copy { rw };

  Section            Kind        Address       Size  Object
  -------            ----        -------       ----  ------
"A0":                                         0x1c8
  .intvec            ro code  0x08000000      0x1c8  startup_stm32f746xx.o [1]
                            - 0x080001c8      0x1c8

"P1":                                       0x5597d
  .rodata            const    0x080001c8    0x25470  RIAD_80pt.o [1]
  .rodata            const    0x08025638     0x9a14  RIAD_40pt.o [1]
  .rodata            const    0x0802f04c     0x5f64  RIAD_30pt.o [1]
  .rodata            const    0x08034fb0     0x2560  OSDFont.o [1]
  .rodata            const    0x08037510     0x1f5c  RIAD_16pt.o [1]
  .rodata            const    0x0803946c     0x1d4c  GOST_B_23_var.o [1]
  .text              ro code  0x0803b1b8     0x1ae0  ff.o [1]
  .text              ro code  0x0803cc98       0xf8  diskio.o [1]
  .text              ro code  0x0803cd90       0x38  fatfs.o [1]
  .text              ro code  0x0803cdc8       0x70  ff_gen_drv.o [1]
  .rodata            const    0x0803ce38     0x1878  OSDFont.o [1]
  .text              ro code  0x0803e6b0     0x1838  userinterface.o [1]
  .text              ro code  0x0803fee8      0x704  gui.o [1]
  .text              ro code  0x080405ec      0x30c  calculations.o [1]
  .text              ro code  0x080408f8      0x190  rtc.o [1]
  .text              ro code  0x08040a88      0x2e0  video.o [1]
  .text              ro code  0x08040d68     0x1234  lcd.o [1]
  .text              ro code  0x08041f9c      0x114  timer14.o [1]
  .text              ro code  0x080420b0      0x4f0  stm32f7xx_hal_ltdc.o [1]
  .text              ro code  0x080425a0       0x80  arm_cos_f32.o [4]
  .text              ro code  0x08042620       0x90  arm_sin_f32.o [4]
  .text              ro code  0x080426b0       0x4e  FltToDbl.o [5]
  .text              ro code  0x080426fe        0xa  xsprout.o [3]
  .text              ro code  0x08042708       0xe8  DblAdd.o [5]
  .text              ro code  0x080427f0       0x58  DblToI32.o [5]
  .text              ro code  0x08042848      0x1a2  DblMul.o [5]
  .text              ro code  0x080429ec       0x90  DblToFlt.o [5]
  .text              ro code  0x08042a7c     0x1088  stm32f7xx_hal_i2c.o [1]
  .text              ro code  0x08043b04      0x526  stm32f7xx_hal_dma2d.o [1]
  .text              ro code  0x0804402c      0x1dc  core.o [1]
  .text              ro code  0x08044208      0x20a  tw8819.o [1]
  .text              ro code  0x08044414      0x400  stm32f7xx_hal_gpio.o [1]
  .text              ro code  0x08044814      0x2d8  OSDFont.o [1]
  .text              ro code  0x08044aec       0xb4  DispInfo.o [1]
  .text              ro code  0x08044ba0      0x142  stm32f7xx_hal_dac.o [1]
  .text              ro code  0x08044ce4      0x4ec  stmpe811.o [1]
  .text              ro code  0x080451d0      0x284  ltdc.o [1]
  .text              ro code  0x08045454        0x2  stm32f7xx_hal_ltdc.o [1]
  .text              ro code  0x08045456        0x2  stm32f7xx_hal_ltdc.o [1]
  .text              ro code  0x08045458       0x76  ABImemcpy_unaligned.o [6]
  .text              ro code  0x080454d0      0x180  DblSub.o [5]
  .text              ro code  0x08045650       0xc8  i2c.o [1]
  .text              ro code  0x08045718        0x2  stm32f7xx_hal_i2c.o [1]
  .text              ro code  0x0804571a        0x2  stm32f7xx_hal_i2c.o [1]
  .text              ro code  0x0804571c        0x2  stm32f7xx_hal_i2c.o [1]
  .text              ro code  0x0804571e        0x2  stm32f7xx_hal_i2c.o [1]
  .text              ro code  0x08045720        0x2  stm32f7xx_hal_i2c.o [1]
  .text              ro code  0x08045722        0x2  stm32f7xx_hal_i2c.o [1]
  .text              ro code  0x08045724        0x2  stm32f7xx_hal_i2c.o [1]
  .text              ro code  0x08045728        0xc  stm32f7xx_hal.o [1]
  .text              ro code  0x08045734       0x6c  dma2d.o [1]
  .text              ro code  0x080457a0       0x68  interrupts.o [1]
  .text              ro code  0x08045808      0x23c  OSDBasic.o [1]
  .text              ro code  0x08045a44       0xb0  dac.o [1]
  .text              ro code  0x08045af4      0x18e  stm32f7xx_hal_cortex.o [1]
  .text              ro code  0x08045c82       0x84  stm32f7xx_hal_i2c_ex.o [1]
  .text              ro code  0x08045d06       0x1a  stm32f7xx_hal.o [1]
  .text              ro code  0x08045d20     0x14f4  dlmalloc.o [3]
  .text              ro code  0x08047214        0x6  abort.o [3]
  .text              ro code  0x0804721c       0x2c  xgetmemchunk.o [3]
  .text              ro code  0x08047248       0x14  exit.o [7]
  .text              ro code  0x0804725c     0x1430  stm32f7xx_hal_sd.o [1]
  .text              ro code  0x0804868c       0xc8  sdmmc.o [1]
  .text              ro code  0x08048754       0xce  stm32f7xx_ll_sdmmc.o [1]
  .text              ro code  0x08048824     0x11d6  stm32f7xx_hal_hcd.o [1]
  .text              ro code  0x080499fc      0x2e4  usbh_conf.o [1]
  .text              ro code  0x08049ce0      0x9c4  stm32f7xx_ll_usb.o [1]
  .text              ro code  0x0804a6a4      0x59e  usbh_core.o [1]
  .text              ro code  0x0804ac42       0xd4  usbh_pipes.o [1]
  .text              ro code  0x0804ad16      0x5ec  usbh_ctlreq.o [1]
  .text              ro code  0x0804b302      0x10e  usbh_ioreq.o [1]
  .text              ro code  0x0804b410      0xdca  xprintffull.o [3]
  .text              ro code  0x0804c1dc       0x16  strchr.o [6]
  .text              ro code  0x0804c1f4       0x36  strlen.o [6]
  .text              ro code  0x0804c22c       0x58  memchr.o [6]
  .text              ro code  0x0804c284       0xee  I64DivMod.o [6]
  .text              ro code  0x0804c372       0x44  xdnorm.o [5]
  .text              ro code  0x0804c3b8       0x2e  DblCmpLe.o [5]
  .text              ro code  0x0804c3e8       0x2e  DblCmpGe.o [5]
  .text              ro code  0x0804c418      0x114  xdscale.o [5]
  .text              ro code  0x0804c52c       0x30  I32ToDbl.o [5]
  .text              ro code  0x0804c55c      0x256  DblDiv.o [5]
  .text              ro code  0x0804c7b2        0xe  div.o [3]
  .text              ro code  0x0804c7c0        0x2  I64DivZer.o [6]
  .text              ro code  0x0804c7c2      0x970  usbh_msc.o [1]
  .text              ro code  0x0804d134      0x448  usbh_msc_bot.o [1]
  .text              ro code  0x0804d57c       0x66  ABImemset.o [6]
  .text              ro code  0x0804d5e2      0x480  usbh_msc_scsi.o [1]
  .text              ro code  0x0804da64      0x8b4  stm32f7xx_hal_rcc.o [1]
  .text              ro code  0x0804e318       0x24  stm32f7xx_hal.o [1]
  .text              ro code  0x0804e33c      0x886  stm32f7xx_hal_uart.o [1]
  .text              ro code  0x0804ebc4      0x1e4  usart.o [1]
  .text              ro code  0x0804eda8        0x2  stm32f7xx_hal_uart.o [1]
  .text              ro code  0x0804edaa        0x2  stm32f7xx_hal_uart.o [1]
  .text              ro code  0x0804edac        0x2  stm32f7xx_hal_uart.o [1]
  .rodata            const    0x0804edb0      0x804  arm_common_tables.o [4]
  .text              ro code  0x0804f5b4      0x7f4  stm32f7xx_hal_rcc_ex.o [1]
  .rodata            const    0x0804fda8      0x700  GOST_B_23_var.o [1]
  .rodata            const    0x080504a8      0x700  RIAD_16pt.o [1]
  .rodata            const    0x08050ba8      0x700  RIAD_30pt.o [1]
  .rodata            const    0x080512a8      0x700  RIAD_40pt.o [1]
  .rodata            const    0x080519a8      0x700  RIAD_80pt.o [1]
  .text              ro code  0x080520a8      0x5f4  stm32f7xx_hal_can.o [1]
  .text              ro code  0x0805269c      0x1c8  can.o [1]
  .text              ro code  0x08052864        0x2  stm32f7xx_hal_can.o [1]
  .text              ro code  0x08052866        0x2  stm32f7xx_hal_can.o [1]
  .text              ro code  0x08052868        0x2  stm32f7xx_hal_can.o [1]
  .text              ro code  0x0805286c      0x390  gpio.o [1]
  .text              ro code  0x08052bfc      0x384  stm32f7xx_hal_adc.o [1]
  .text              ro code  0x08052f80       0xb8  adc.o [1]
  .text              ro code  0x08053038      0x368  system_stm32f7xx.o [1]
  .text              ro code  0x080533a0      0x2d8  stm32f7xx_hal_tim.o [1]
  .text              ro code  0x08053678      0x20c  tim.o [1]
  .text              ro code  0x08053884        0x2  stm32f7xx_hal_tim.o [1]
  .text              ro code  0x08053886        0x2  stm32f7xx_hal_tim.o [1]
  .text              ro code  0x08053888        0x2  stm32f7xx_hal_tim.o [1]
  .text              ro code  0x0805388a        0x2  stm32f7xx_hal_tim.o [1]
  .text              ro code  0x0805388c        0x2  stm32f7xx_hal_tim_ex.o [1]
  .text              ro code  0x0805388e        0x2  stm32f7xx_hal_tim.o [1]
  .text              ro code  0x08053890        0x2  stm32f7xx_hal_tim_ex.o [1]
  .text              ro code  0x08053894       0x68  stm32f7xx_hal_tim_ex.o [1]
  .text              ro code  0x080538fc      0x2a4  stm32f7xx_hal_dma.o [1]
  .text              ro code  0x08053ba0      0x288  keyboard.o [1]
  .text              ro code  0x08053e28      0x274  timer13.o [1]
  .text              ro code  0x0805409c       0x3c  sound.o [1]
  .text              ro code  0x080540d8      0x25c  main.o [1]
  .text              ro code  0x08054334       0x28  stm32f7xx_hal.o [1]
  .text              ro code  0x0805435c       0x44  dma.o [1]
  .text              ro code  0x080543a0      0x210  fmc.o [1]
  .text              ro code  0x080545b0      0x204  spi.o [1]
  .text              ro code  0x080547b4       0x68  usb_host.o [1]
  .text              ro code  0x0805481c       0x5c  initial.o [1]
  .text              ro code  0x08054878       0x88  stm32f7xx_hal_pwr_ex.o [1]
  .text              ro code  0x08054900       0x46  stm32f7xx_hal_msp.o [1]
  .text              ro code  0x08054946      0x134  stm32f7xx_hal_nand.o [1]
  .text              ro code  0x08054a7c       0xca  stm32f7xx_hal_sdram.o [1]
  .text              ro code  0x08054b48       0xd8  stm32f7xx_hal_spi.o [1]
  .text              ro code  0x08054c20       0xe8  memory.o [1]
  .text              ro code  0x08054d08       0x2c  leds.o [1]
  .text              ro code  0x08054d34      0x20c  stm32f7xx_ll_fmc.o [1]
  .text              ro code  0x08054f40        0x2  stm32f7xx_hal_nand.o [1]
  .text              ro code  0x08054f42        0x2  stm32f7xx_hal_sdram.o [1]
  .text              ro code  0x08054f44       0x34  sprintf.o [3]
  .text              ro code  0x08054f78      0x1bc  usbh_diskio.o [1]
  .text              ro code  0x08055134      0x124  sd_diskio.o [1]
  .text              ro code  0x08055258       0xd0  bsp_driver_sd.o [1]
  .rodata            const    0x08055328       0xe8  userinterface.o [1]
  .text              ro code  0x08055410       0xe0  stm32f7xx_it.o [1]
  .text              ro code  0x080554f0       0x10  stm32f7xx_hal.o [1]
  .rodata            const    0x08055500       0x80  ff.o [1]
  .rodata            const    0x08055580       0x50  OSDFont.o [1]
  .text              ro code  0x080555d0       0x40  zero_init3.o [6]
  .text              ro code  0x08055610       0x38  packbits_init_single.o [6]
  .rodata            const    0x08055648       0x28  memory.o [1]
  .rodata            const    0x08055670       0x28  OSDinitTable.o [1]
  .text              ro code  0x08055698       0x28  data_init.o [6]
  .text              ro code  0x080556c0       0x22  fpinit_M.o [5]
  .iar.init_table    const    0x080556e4       0x20  - Linker created -
  .text              ro code  0x08055704       0x1a  cmain.o [6]
  .text              ro code  0x0805571e        0x4  low_level_init.o [3]
  .text              ro code  0x08055722        0x4  exit.o [3]
  .text              ro code  0x08055728        0xa  cexit.o [6]
  .rodata            const    0x08055734       0x18  userinterface.o [1]
  .rodata            const    0x0805574c       0x14  sd_diskio.o [1]
  .rodata            const    0x08055760       0x14  usbh_diskio.o [1]
  .rodata            const    0x08055774       0x10  ff.o [1]
  .rodata            const    0x08055784       0x10  stm32f7xx_hal_rcc.o [1]
  .text              ro code  0x08055794       0x10  startup_stm32f746xx.o [1]
  .text              ro code  0x080557a4        0xc  cstartup_M.o [6]
  .rodata            const    0x080557b0        0x8  DispInfo.o [1]
  .rodata            const    0x080557b8        0x8  keyboard.o [1]
  .rodata            const    0x080557c0        0x8  stm32f7xx_hal_dma.o [1]
  .rodata            const    0x080557c8        0x8  userinterface.o [1]
  .rodata            const    0x080557d0        0x8  userinterface.o [1]
  .rodata            const    0x080557d8        0x8  video.o [1]
  .rodata            const    0x080557e0        0x8  video.o [1]
  .rodata            const    0x080557e8        0x4  OSDFont.o [1]
  .rodata            const    0x080557ec        0x4  usbh_msc.o [1]
  .text              ro code  0x080557f0        0x4  startup_stm32f746xx.o [1]
  .text              ro code  0x080557f4        0x4  startup_stm32f746xx.o [1]
  .text              ro code  0x080557f8        0x4  startup_stm32f746xx.o [1]
  .text              ro code  0x080557fc        0x4  startup_stm32f746xx.o [1]
  .text              ro code  0x08055800        0x4  startup_stm32f746xx.o [1]
  .text              ro code  0x08055804        0x4  startup_stm32f746xx.o [1]
  .text              ro code  0x08055808        0x4  startup_stm32f746xx.o [1]
  .text              ro code  0x0805580c        0x4  startup_stm32f746xx.o [1]
  .text              ro code  0x08055810        0x4  startup_stm32f746xx.o [1]
  .text              ro code  0x08055814        0x4  startup_stm32f746xx.o [1]
  .text              ro code  0x08055818        0x4  startup_stm32f746xx.o [1]
  .text              ro code  0x0805581c        0x4  startup_stm32f746xx.o [1]
  .text              ro code  0x08055820        0x4  startup_stm32f746xx.o [1]
  .text              ro code  0x08055824        0x4  startup_stm32f746xx.o [1]
  .text              ro code  0x08055828        0x4  startup_stm32f746xx.o [1]
  .text              ro code  0x0805582c        0x4  startup_stm32f746xx.o [1]
  .text              ro code  0x08055830        0x4  startup_stm32f746xx.o [1]
  .text              ro code  0x08055834        0x4  startup_stm32f746xx.o [1]
  .text              ro code  0x08055838        0x4  startup_stm32f746xx.o [1]
  .text              ro code  0x0805583c        0x4  startup_stm32f746xx.o [1]
  .text              ro code  0x08055840        0x4  startup_stm32f746xx.o [1]
  .text              ro code  0x08055844        0x4  startup_stm32f746xx.o [1]
  .text              ro code  0x08055848        0x4  startup_stm32f746xx.o [1]
  .text              ro code  0x0805584c        0x4  startup_stm32f746xx.o [1]
  .text              ro code  0x08055850        0x4  startup_stm32f746xx.o [1]
  .text              ro code  0x08055854        0x4  startup_stm32f746xx.o [1]
  .text              ro code  0x08055858        0x4  startup_stm32f746xx.o [1]
  .text              ro code  0x0805585c        0x4  startup_stm32f746xx.o [1]
  .text              ro code  0x08055860        0x4  startup_stm32f746xx.o [1]
  .text              ro code  0x08055864        0x4  startup_stm32f746xx.o [1]
  .text              ro code  0x08055868        0x4  startup_stm32f746xx.o [1]
  .text              ro code  0x0805586c        0x4  startup_stm32f746xx.o [1]
  .text              ro code  0x08055870        0x4  startup_stm32f746xx.o [1]
  .text              ro code  0x08055874        0x4  startup_stm32f746xx.o [1]
  .text              ro code  0x08055878        0x4  startup_stm32f746xx.o [1]
  .text              ro code  0x0805587c        0x4  startup_stm32f746xx.o [1]
  .text              ro code  0x08055880        0x4  startup_stm32f746xx.o [1]
  .text              ro code  0x08055884        0x4  startup_stm32f746xx.o [1]
  .text              ro code  0x08055888        0x4  startup_stm32f746xx.o [1]
  .text              ro code  0x0805588c        0x4  startup_stm32f746xx.o [1]
  .text              ro code  0x08055890        0x4  startup_stm32f746xx.o [1]
  .text              ro code  0x08055894        0x4  startup_stm32f746xx.o [1]
  .text              ro code  0x08055898        0x4  startup_stm32f746xx.o [1]
  .text              ro code  0x0805589c        0x4  startup_stm32f746xx.o [1]
  .text              ro code  0x080558a0        0x4  startup_stm32f746xx.o [1]
  .text              ro code  0x080558a4        0x4  startup_stm32f746xx.o [1]
  .text              ro code  0x080558a8        0x4  startup_stm32f746xx.o [1]
  .text              ro code  0x080558ac        0x4  startup_stm32f746xx.o [1]
  .text              ro code  0x080558b0        0x4  startup_stm32f746xx.o [1]
  .text              ro code  0x080558b4        0x4  startup_stm32f746xx.o [1]
  .text              ro code  0x080558b8        0x4  startup_stm32f746xx.o [1]
  .text              ro code  0x080558bc        0x4  startup_stm32f746xx.o [1]
  .text              ro code  0x080558c0        0x4  startup_stm32f746xx.o [1]
  .text              ro code  0x080558c4        0x4  startup_stm32f746xx.o [1]
  .text              ro code  0x080558c8        0x4  startup_stm32f746xx.o [1]
  .text              ro code  0x080558cc        0x4  startup_stm32f746xx.o [1]
  .text              ro code  0x080558d0        0x4  startup_stm32f746xx.o [1]
  .text              ro code  0x080558d4        0x4  startup_stm32f746xx.o [1]
  .text              ro code  0x080558d8        0x4  startup_stm32f746xx.o [1]
  .text              ro code  0x080558dc        0x4  startup_stm32f746xx.o [1]
  .text              ro code  0x080558e0        0x4  startup_stm32f746xx.o [1]
  .text              ro code  0x080558e4        0x4  startup_stm32f746xx.o [1]
  .text              ro code  0x080558e8        0x4  startup_stm32f746xx.o [1]
  .text              ro code  0x080558ec        0x4  startup_stm32f746xx.o [1]
  .text              ro code  0x080558f0        0x4  startup_stm32f746xx.o [1]
  .text              ro code  0x080558f4        0x4  startup_stm32f746xx.o [1]
  .text              ro code  0x080558f8        0x4  startup_stm32f746xx.o [1]
  .text              ro code  0x080558fc        0x4  startup_stm32f746xx.o [1]
  .text              ro code  0x08055900        0x4  startup_stm32f746xx.o [1]
  .text              ro code  0x08055904        0x4  startup_stm32f746xx.o [1]
  .text              ro code  0x08055908        0x4  startup_stm32f746xx.o [1]
  .text              ro code  0x0805590c        0x4  startup_stm32f746xx.o [1]
  .text              ro code  0x08055910        0x4  startup_stm32f746xx.o [1]
  .text              ro code  0x08055914        0x4  startup_stm32f746xx.o [1]
  .text              ro code  0x08055918        0x4  startup_stm32f746xx.o [1]
  .text              ro code  0x0805591c        0x4  startup_stm32f746xx.o [1]
  .text              ro code  0x08055920        0x4  startup_stm32f746xx.o [1]
  .text              ro code  0x08055924        0x4  startup_stm32f746xx.o [1]
  .text              ro code  0x08055928        0x4  startup_stm32f746xx.o [1]
  .text              ro code  0x0805592c        0x4  startup_stm32f746xx.o [1]
  .text              ro code  0x08055930        0x4  startup_stm32f746xx.o [1]
  .text              ro code  0x08055934        0x4  startup_stm32f746xx.o [1]
  .text              ro code  0x08055938        0x4  startup_stm32f746xx.o [1]
  .text              ro code  0x0805593c        0x4  startup_stm32f746xx.o [1]
  .text              ro code  0x08055940        0x4  startup_stm32f746xx.o [1]
  .text              ro code  0x08055944        0x4  startup_stm32f746xx.o [1]
  .rodata            const    0x08055948        0x0  zero_init3.o [6]
  .rodata            const    0x08055948        0x0  packbits_init_single.o [6]
  Initializer bytes  const    0x08055948      0x1fd  <for P2-1>
                            - 0x08055b45    0x5597d

"P2", part 1 of 3:                            0x4e4
  P2-1                        0x20000000      0x4e4  <Init block>
    .data            inited   0x20000000      0x100  core.o [1]
    .data            inited   0x20000100      0x100  core.o [1]
    .data            inited   0x20000200      0x100  core.o [1]
    .data            inited   0x20000300        0xc  GOST_B_23_var.o [1]
    .data            inited   0x2000030c        0xc  RIAD_16pt.o [1]
    .data            inited   0x20000318        0xc  RIAD_30pt.o [1]
    .data            inited   0x20000324        0xc  RIAD_40pt.o [1]
    .data            inited   0x20000330        0xc  RIAD_80pt.o [1]
    .data            inited   0x2000033c        0xc  stmpe811.o [1]
    .data            inited   0x20000348        0x4  system_stm32f7xx.o [1]
    .data            inited   0x2000034c      0x14c  tw8819.o [1]
    .data            inited   0x20000498       0x20  usbh_msc.o [1]
    .data            inited   0x200004b8        0xc  userinterface.o [1]
    .data            inited   0x200004c4        0xc  userinterface.o [1]
    .data            inited   0x200004d0        0x8  userinterface.o [1]
    .data            inited   0x200004d8        0x4  video.o [1]
    .data            inited   0x200004dc        0x2  keyboard.o [1]
    .data            inited   0x200004de        0x2  tw8819.o [1]
    .data            inited   0x200004e0        0x1  keyboard.o [1]
    .data            inited   0x200004e1        0x1  sd_diskio.o [1]
    .data            inited   0x200004e2        0x1  spi.o [1]
    .data            inited   0x200004e3        0x1  spi.o [1]
                            - 0x200004e4      0x4e4

"P2", part 2 of 3:                           0x2200
  CSTACK                      0x200004e8     0x2000  <Block>
    CSTACK           uninit   0x200004e8     0x2000  <Block tail>
  HEAP                        0x200024e8      0x200  <Block>
    HEAP             uninit   0x200024e8      0x200  <Block tail>
                            - 0x200026e8     0x2200

"P2", part 3 of 3:                           0x20dc
  .bss               zero     0x200026e8      0xa00  gui.o [1]
  .bss               zero     0x200030e8      0x4b4  userinterface.o [1]
  .bss               zero     0x2000359c      0x3c8  usb_host.o [1]
  .bss               zero     0x20003964      0x294  usbh_conf.o [1]
  .bss               zero     0x20003bf8      0x1d8  dlmalloc.o [3]
  .bss               zero     0x20003dd0       0xa8  ltdc.o [1]
  .bss               zero     0x20003e78       0xa0  userinterface.o [1]
  .bss               zero     0x20003f18       0x80  userinterface.o [1]
  .bss               zero     0x20003f98       0x70  usart.o [1]
  .bss               zero     0x20004008       0x70  usart.o [1]
  .bss               zero     0x20004078       0x70  usart.o [1]
  .bss               zero     0x200040e8       0x64  spi.o [1]
  .bss               zero     0x2000414c       0x60  calculations.o [1]
  .bss               zero     0x200041ac       0x60  sdmmc.o [1]
  .bss               zero     0x2000420c       0x4c  userinterface.o [1]
  .bss               zero     0x20004258       0x58  sdmmc.o [1]
  .bss               zero     0x200042b0       0x58  spi.o [1]
  .bss               zero     0x20004308       0x58  spi.o [1]
  .bss               zero     0x20004360       0x48  adc.o [1]
  .bss               zero     0x200043a8       0x40  can.o [1]
  .bss               zero     0x200043e8       0x40  can.o [1]
  .bss               zero     0x20004428       0x40  dma2d.o [1]
  .bss               zero     0x20004468       0x3c  i2c.o [1]
  .bss               zero     0x200044a4       0x3c  tim.o [1]
  .bss               zero     0x200044e0       0x3c  tim.o [1]
  .bss               zero     0x2000451c       0x3c  tim.o [1]
  .bss               zero     0x20004558       0x3c  tim.o [1]
  .bss               zero     0x20004594       0x3c  tim.o [1]
  .bss               zero     0x200045d0       0x38  fmc.o [1]
  .bss               zero     0x20004608       0x34  fmc.o [1]
  .bss               zero     0x2000463c       0x28  gui.o [1]
  .bss               zero     0x20004664       0x18  ff.o [1]
  .bss               zero     0x2000467c       0x18  lcd.o [1]
  .bss               zero     0x20004694       0x18  dlmalloc.o [3]
  .bss               zero     0x200046ac       0x14  dac.o [1]
  .bss               zero     0x200046c0       0x14  ff_gen_drv.o [1]
  .bss               zero     0x200046d4        0xc  ff.o [1]
  .bss               zero     0x200046e0        0x8  sound.o [1]
  .bss               zero     0x200046e8        0x8  stmpe811.o [1]
  .bss               zero     0x200046f0        0x8  userinterface.o [1]
  .bss               zero     0x200046f8        0x8  userinterface.o [1]
  .bss               zero     0x20004700        0x8  userinterface.o [1]
  .bss               zero     0x20004708        0x4  calculations.o [1]
  .bss               zero     0x2000470c        0x4  calculations.o [1]
  .bss               zero     0x20004710        0x4  calculations.o [1]
  .bss               zero     0x20004714        0x4  calculations.o [1]
  .bss               zero     0x20004718        0x4  calculations.o [1]
  .bss               zero     0x2000471c        0x4  calculations.o [1]
  .bss               zero     0x20004720        0x4  can.o [1]
  .bss               zero     0x20004724        0x4  fatfs.o [1]
  .bss               zero     0x20004728        0x4  fatfs.o [1]
  .bss               zero     0x2000472c        0x4  fmc.o [1]
  .bss               zero     0x20004730        0x4  gui.o [1]
  .bss               zero     0x20004734        0x4  gui.o [1]
  .bss               zero     0x20004738        0x4  gui.o [1]
  .bss               zero     0x2000473c        0x4  gui.o [1]
  .bss               zero     0x20004740        0x4  keyboard.o [1]
  .bss               zero     0x20004744        0x4  keyboard.o [1]
  .bss               zero     0x20004748        0x4  lcd.o [1]
  .bss               zero     0x2000474c        0x4  lcd.o [1]
  .bss               zero     0x20004750        0x4  lcd.o [1]
  .bss               zero     0x20004754        0x4  lcd.o [1]
  .bss               zero     0x20004758        0x4  lcd.o [1]
  .bss               zero     0x2000475c        0x4  lcd.o [1]
  .bss               zero     0x20004760        0x4  lcd.o [1]
  .bss               zero     0x20004764        0x4  lcd.o [1]
  .bss               zero     0x20004768        0x4  lcd.o [1]
  .bss               zero     0x2000476c        0x4  lcd.o [1]
  .bss               zero     0x20004770        0x4  lcd.o [1]
  .bss               zero     0x20004774        0x4  lcd.o [1]
  .bss               zero     0x20004778        0x4  stm32f7xx_hal.o [1]
  .bss               zero     0x2000477c        0x4  stmpe811.o [1]
  .bss               zero     0x20004780        0x4  stmpe811.o [1]
  .bss               zero     0x20004784        0x4  timer13.o [1]
  .bss               zero     0x20004788        0x4  timer13.o [1]
  .bss               zero     0x2000478c        0x4  timer14.o [1]
  .bss               zero     0x20004790        0x4  userinterface.o [1]
  .bss               zero     0x20004794        0x4  xgetmemchunk.o [3]
  .bss               zero     0x20004798        0x2  ff.o [1]
  .bss               zero     0x2000479a        0x2  lcd.o [1]
  .bss               zero     0x2000479c        0x2  lcd.o [1]
  .bss               zero     0x2000479e        0x2  tw8819.o [1]
  .bss               zero     0x200047a0        0x1  calculations.o [1]
  .bss               zero     0x200047a1        0x1  core.o [1]
  .bss               zero     0x200047a2        0x1  core.o [1]
  .bss               zero     0x200047a3        0x1  core.o [1]
  .bss               zero     0x200047a4        0x1  core.o [1]
  .bss               zero     0x200047a5        0x1  core.o [1]
  .bss               zero     0x200047a6        0x1  core.o [1]
  .bss               zero     0x200047a7        0x1  core.o [1]
  .bss               zero     0x200047a8        0x1  core.o [1]
  .bss               zero     0x200047a9        0x1  core.o [1]
  .bss               zero     0x200047aa        0x1  core.o [1]
  .bss               zero     0x200047ab        0x1  core.o [1]
  .bss               zero     0x200047ac        0x1  core.o [1]
  .bss               zero     0x200047ad        0x1  DispInfo.o [1]
  .bss               zero     0x200047ae        0x1  fatfs.o [1]
  .bss               zero     0x200047af        0x1  fatfs.o [1]
  .bss               zero     0x200047b0        0x1  keyboard.o [1]
  .bss               zero     0x200047b1        0x1  keyboard.o [1]
  .bss               zero     0x200047b2        0x1  keyboard.o [1]
  .bss               zero     0x200047b3        0x1  keyboard.o [1]
  .bss               zero     0x200047b4        0x1  lcd.o [1]
  .bss               zero     0x200047b5        0x1  lcd.o [1]
  .bss               zero     0x200047b6        0x1  lcd.o [1]
  .bss               zero     0x200047b7        0x1  lcd.o [1]
  .bss               zero     0x200047b8        0x1  rtc.o [1]
  .bss               zero     0x200047b9        0x1  spi.o [1]
  .bss               zero     0x200047ba        0x1  stmpe811.o [1]
  .bss               zero     0x200047bb        0x1  timer13.o [1]
  .bss               zero     0x200047bc        0x1  timer14.o [1]
  .bss               zero     0x200047bd        0x1  usb_host.o [1]
  .bss               zero     0x200047be        0x1  userinterface.o [1]
  .bss               zero     0x200047bf        0x1  userinterface.o [1]
  .bss               zero     0x200047c0        0x1  userinterface.o [1]
  .bss               zero     0x200047c1        0x1  video.o [1]
                            - 0x200047c2     0x20da

Absolute sections:                        0x2000000
  .noinit            uninit   0xc0000000  0x2000000  memory.o [1]
                            - 0xc2000000  0x2000000


*******************************************************************************
*** INIT TABLE
***

          Address     Size
          -------     ----
Zero (__iar_zero_init3)
    1 destination range, total size 0x20da:
          0x200026e8  0x20da

Copy/packbits (__iar_packbits_init_single3)
    1 source range, total size 0x1fd (40% of destination):
          0x08055948   0x1fd
    1 destination range, total size 0x4e4:
          0x20000000   0x4e4



*******************************************************************************
*** MODULE SUMMARY
***

    Module                  ro code  ro data  rw data     rw data
                                                           (abs)
    ------                  -------  -------  -------     -------
E:\PLC\IAR\PLC\EWARM\PLC\Obj: [1]
    DispInfo.o                  180        8        1
    GOST_B_23_var.o                    9 297       12
    OSDBasic.o                  572
    OSDFont.o                   728   15 916
    OSDinitTable.o                        40
    RIAD_16pt.o                        9 824       12
    RIAD_30pt.o                       26 217       12
    RIAD_40pt.o                       41 241       12
    RIAD_80pt.o                      154 485       12
    adc.o                       184                72
    bsp_driver_sd.o             208
    calculations.o              780               121
    can.o                       456               132
    core.o                      476      312      780
    dac.o                       176                20
    diskio.o                    248
    dma.o                        68
    dma2d.o                     108                64
    fatfs.o                      56                10
    ff.o                      6 880      144       38
    ff_gen_drv.o                112                20
    fmc.o                       528               112
    gpio.o                      912
    gui.o                     1 796             2 616
    i2c.o                       200                60
    initial.o                    92
    interrupts.o                104
    keyboard.o                  648        9       15
    lcd.o                     4 660                80
    leds.o                       44
    ltdc.o                      644               168
    main.o                      604
    memory.o                    232       40           33 554 432
    rtc.o                       400                 1
    sd_diskio.o                 292       21        1
    sdmmc.o                     200               184
    sound.o                      60                 8
    spi.o                       516        1      279
    startup_stm32f746xx.o       816
    stm32f7xx_hal.o             130                 4
    stm32f7xx_hal_adc.o         900
    stm32f7xx_hal_can.o       1 530
    stm32f7xx_hal_cortex.o      398
    stm32f7xx_hal_dac.o         322
    stm32f7xx_hal_dma.o         676        8
    stm32f7xx_hal_dma2d.o     1 318
    stm32f7xx_hal_gpio.o      1 024
    stm32f7xx_hal_hcd.o       4 566
    stm32f7xx_hal_i2c.o       4 246
    stm32f7xx_hal_i2c_ex.o      132
    stm32f7xx_hal_ltdc.o      1 268
    stm32f7xx_hal_msp.o          70
    stm32f7xx_hal_nand.o        310
    stm32f7xx_hal_pwr_ex.o      136
    stm32f7xx_hal_rcc.o       2 228       16
    stm32f7xx_hal_rcc_ex.o    2 036
    stm32f7xx_hal_sd.o        5 168
    stm32f7xx_hal_sdram.o       204
    stm32f7xx_hal_spi.o         216
    stm32f7xx_hal_tim.o         738
    stm32f7xx_hal_tim_ex.o      108
    stm32f7xx_hal_uart.o      2 188
    stm32f7xx_it.o              224
    stm32f7xx_ll_fmc.o          524
    stm32f7xx_ll_sdmmc.o        206
    stm32f7xx_ll_usb.o        2 500
    stmpe811.o                1 260        5       29
    system_stm32f7xx.o          872        2        4
    tim.o                       524               300
    timer13.o                   628                 9
    timer14.o                   276                 5
    tw8819.o                    522      136      336
    usart.o                     484               336
    usb_host.o                  104               969
    usbh_conf.o                 740               660
    usbh_core.o               1 438
    usbh_ctlreq.o             1 516
    usbh_diskio.o               444       20
    usbh_ioreq.o                270
    usbh_msc.o                2 416       17       32
    usbh_msc_bot.o            1 096
    usbh_msc_scsi.o           1 152
    usbh_pipes.o                212
    userinterface.o           6 200      285    1 631
    video.o                     736       17        5
    -------------------------------------------------------------
    Total:                   78 236  258 061    9 162  33 554 432

command line: [2]
    -------------------------------------------------------------
    Total:

dl7M_tln.a: [3]
    abort.o                       6
    div.o                        14
    dlmalloc.o                5 364               496
    exit.o                        4
    low_level_init.o              4
    sprintf.o                    52
    xgetmemchunk.o               44                 4
    xprintffull.o             3 530
    xsprout.o                    10
    -------------------------------------------------------------
    Total:                    9 028               500

iar_cortexM7ls_math.a: [4]
    arm_common_tables.o                2 052
    arm_cos_f32.o               128
    arm_sin_f32.o               144
    -------------------------------------------------------------
    Total:                      272    2 052

m7M_tls.a: [5]
    DblAdd.o                    232
    DblCmpGe.o                   46
    DblCmpLe.o                   46
    DblDiv.o                    598
    DblMul.o                    418
    DblSub.o                    384
    DblToFlt.o                  144
    DblToI32.o                   88
    FltToDbl.o                   78
    I32ToDbl.o                   48
    fpinit_M.o                   34
    xdnorm.o                     68
    xdscale.o                   276
    -------------------------------------------------------------
    Total:                    2 460

rt7M_tl.a: [6]
    ABImemcpy_unaligned.o       118
    ABImemset.o                 102
    I64DivMod.o                 238
    I64DivZer.o                   2
    cexit.o                      10
    cmain.o                      26
    cstartup_M.o                 12
    data_init.o                  40
    memchr.o                     88
    packbits_init_single.o       56
    strchr.o                     22
    strlen.o                     54
    zero_init3.o                 64
    -------------------------------------------------------------
    Total:                      832

shb_l.a: [7]
    exit.o                       20
    -------------------------------------------------------------
    Total:                       20

    Gaps                         46        6
    Linker created                        32    8 704
-----------------------------------------------------------------
    Grand Total:             90 894  260 151   18 366  33 554 432


*******************************************************************************
*** ENTRY LIST
***

Entry                      Address       Size  Type      Object
-----                      -------       ----  ----      ------
.iar.init_table$$Base   0x080556e4              --   Gb  - Linker created -
.iar.init_table$$Limit  0x08055704              --   Gb  - Linker created -
?main                   0x08055705             Code  Gb  cmain.o [6]
ADC_Init                0x08052e03      0x166  Code  Lc  stm32f7xx_hal_adc.o [1]
APBAHBPrescTable        0x08055784       0x10  Data  Gb  stm32f7xx_hal_rcc.o [1]
ActiveLayer             0x20004748        0x4  Data  Lc  lcd.o [1]
Appli_state             0x200047bd        0x1  Data  Gb  usb_host.o [1]
BSP_SD_GetCardInfo      0x08055301        0xe  Code  Gb  bsp_driver_sd.o [1]
BSP_SD_GetStatus        0x080552f7        0xa  Code  Gb  bsp_driver_sd.o [1]
BSP_SD_Init             0x08055259       0x3e  Code  Gb  bsp_driver_sd.o [1]
BSP_SD_IsDetected       0x08055319       0x10  Code  Gb  bsp_driver_sd.o [1]
BSP_SD_ReadBlocks       0x08055297       0x30  Code  Gb  bsp_driver_sd.o [1]
BSP_SD_WriteBlocks      0x080552c7       0x30  Code  Gb  bsp_driver_sd.o [1]
Bip                     0x0805409d       0x3c  Code  Gb  sound.o [1]
CAM_flag                0x200047bf        0x1  Data  Gb  userinterface.o [1]
CAN1_RX0_IRQHandler     0x08055433        0xa  Code  Gb  stm32f7xx_it.o [1]
CAN1_RX1_IRQHandler     0x0805543d        0xa  Code  Gb  stm32f7xx_it.o [1]
CAN1_TX_IRQHandler      0x08055429        0xa  Code  Gb  stm32f7xx_it.o [1]
CAN_Receive_IT          0x080524fd      0x1a0  Code  Lc  stm32f7xx_hal_can.o [1]
CAN_Transmit_IT         0x08052489       0x74  Code  Lc  stm32f7xx_hal_can.o [1]
CSTACK$$Base            0x200004e8              --   Gb  - Linker created -
CSTACK$$Limit           0x200024e8              --   Gb  - Linker created -
ClearDataCnt            0x08045957       0x7e  Code  Gb  OSDBasic.o [1]
ClearInput              0x08044b71       0x22  Code  Gb  DispInfo.o [1]
ClearOSDInfo            0x08044aed       0x12  Code  Gb  DispInfo.o [1]
DISP                    0x200046f8        0x8  Data  Gb  userinterface.o [1]
DMA1_Stream3_IRQHandler
                        0x08054771       0x10  Code  Gb  spi.o [1]
DMA1_Stream4_IRQHandler
                        0x08054761       0x10  Code  Gb  spi.o [1]
DMA2D_IRQHandler        0x080554b9        0xa  Code  Gb  stm32f7xx_it.o [1]
DMA2D_SetConfig         0x08043f29      0x102  Code  Lc  stm32f7xx_hal_dma2d.o [1]
DMA_CalcBaseAndBitshift
                        0x08053b5f       0x30  Code  Lc  stm32f7xx_hal_dma.o [1]
DMA_CalcBaseAndBitshift::flagBitshiftOffset
                        0x080557c0        0x8  Data  Lc  stm32f7xx_hal_dma.o [1]
DeInitStateMachine      0x0804a6df       0x5c  Code  Lc  usbh_core.o [1]
DealNumber              0x200047bc        0x1  Data  Gb  timer14.o [1]
DelayOnFastQ            0x080441b3       0x16  Code  Gb  core.o [1]
DisplayedOSD            0x200047ad        0x1  Data  Gb  DispInfo.o [1]
DrawAttrCnt             0x08045899       0xbe  Code  Gb  OSDBasic.o [1]
DrawChar                0x080417cb      0x100  Code  Lc  lcd.o [1]
DrawFastLineHorizontal  0x08041acd       0x82  Code  Gb  lcd.o [1]
DrawFastLineHorizontal::address
                        0x2000476c        0x4  Data  Lc  lcd.o [1]
DrawFastLineHorizontal::color
                        0x20004768        0x4  Data  Lc  lcd.o [1]
DrawFastLineHorizontal::temp
                        0x20004764        0x4  Data  Lc  lcd.o [1]
DrawFastLineVertical    0x08041a4d       0x80  Code  Gb  lcd.o [1]
DrawFastLineVertical::address
                        0x20004760        0x4  Data  Lc  lcd.o [1]
DrawFastLineVertical::color
                        0x2000475c        0x4  Data  Lc  lcd.o [1]
DrawFastLineVertical::temp
                        0x20004758        0x4  Data  Lc  lcd.o [1]
DrawProp                0x2000467c       0x18  Data  Lc  lcd.o [1]
EXTI0_IRQHandler        0x0805541f        0xa  Code  Gb  stm32f7xx_it.o [1]
EXTI9_5_IRQHandler      0x080457d5       0x24  Code  Gb  interrupts.o [1]
Error                   0x200047b9        0x1  Data  Gb  spi.o [1]
Error_Handler           0x08054759        0x8  Code  Gb  spi.o [1]
ExCvt                   0x08055500       0x80  Data  Lc  ff.o [1]
FATFS_LinkDriver        0x0803ce21       0x12  Code  Gb  ff_gen_drv.o [1]
FATFS_LinkDriverEx      0x0803cdc9       0x58  Code  Gb  ff_gen_drv.o [1]
FMC_IRQHandler          0x08055481       0x10  Code  Gb  stm32f7xx_it.o [1]
FMC_Initialized         0x2000472c        0x4  Data  Lc  fmc.o [1]
FMC_NAND_AttributeSpace_Timing_Init
                        0x08054d9d       0x2c  Code  Gb  stm32f7xx_ll_fmc.o [1]
FMC_NAND_CommonSpace_Timing_Init
                        0x08054d71       0x2c  Code  Gb  stm32f7xx_ll_fmc.o [1]
FMC_NAND_Init           0x08054d35       0x36  Code  Gb  stm32f7xx_ll_fmc.o [1]
FMC_SDRAM_Init          0x08054dc9       0x7c  Code  Gb  stm32f7xx_ll_fmc.o [1]
FMC_SDRAM_ProgramRefreshRate
                        0x08054f33        0xe  Code  Gb  stm32f7xx_ll_fmc.o [1]
FMC_SDRAM_SendCommand   0x08054ee3       0x50  Code  Gb  stm32f7xx_ll_fmc.o [1]
FMC_SDRAM_Timing_Init   0x08054e45       0x9e  Code  Gb  stm32f7xx_ll_fmc.o [1]
FOSDDownloadFont        0x08044a35       0xa6  Code  Gb  OSDFont.o [1]
FOSDDownloadFontDirect  0x08044933      0x102  Code  Gb  OSDFont.o [1]
FOSDLUT                 0x080448c1       0x72  Code  Gb  OSDFont.o [1]
FOSDShowWindowAll       0x08044871       0x50  Code  Gb  OSDFont.o [1]
FOSDWinBase             0x080557e8        0x4  Data  Gb  OSDFont.o [1]
FOSDWinEnable           0x08044815       0x5c  Code  Gb  OSDFont.o [1]
F_first                 0x200047a9        0x1  Data  Gb  core.o [1]
F_last                  0x200047a7        0x1  Data  Gb  core.o [1]
F_pull                  0x0804415b       0x58  Code  Gb  core.o [1]
Fast_LCD_DrawPixel      0x080414e5       0x84  Code  Gb  lcd.o [1]
Fast_LCD_DrawPixel::addressDraw
                        0x20004754        0x4  Data  Lc  lcd.o [1]
FatFs                   0x200046d4        0xc  Data  Lc  ff.o [1]
Files                   0x20004664       0x18  Data  Lc  ff.o [1]
FillImageSoft           0x08041bbd       0x76  Code  Gb  lcd.o [1]
FillStructIMG           0x0803f6a5       0xe2  Code  Gb  userinterface.o [1]
FillStructIMG::Name     0x200004d0        0x8  Data  Lc  userinterface.o [1]
Font2                   0x08034fb0     0x2560  Data  Gb  OSDFont.o [1]
FontAll                 0x0803ce38     0x1878  Data  Gb  OSDFont.o [1]
Fsid                    0x20004798        0x2  Data  Lc  ff.o [1]
GOST_B_23_var           0x20000300        0xc  Data  Gb  GOST_B_23_var.o [1]
GUI_Free                0x0803fee9       0x70  Code  Gb  gui.o [1]
GUI_Objects             0x200026e8      0xa00  Data  Lc  gui.o [1]
GUI_Release             0x08040073      0x4e8  Code  Gb  gui.o [1]
GUI_Release::i          0x20004738        0x4  Data  Lc  gui.o [1]
GUI_Release::j          0x2000473c        0x4  Data  Lc  gui.o [1]
GUI_SetObject           0x0803ff59      0x11a  Code  Gb  gui.o [1]
GUI_SetObject::NullObj  0x2000463c       0x28  Data  Lc  gui.o [1]
GUI_SetObject::i        0x20004730        0x4  Data  Lc  gui.o [1]
GUI_SetObject::j        0x20004734        0x4  Data  Lc  gui.o [1]
GenerateKbdMessages     0x08053d5f       0x9e  Code  Gb  keyboard.o [1]
GenerateKbdMessages::Event
                        0x200047b2        0x1  Data  Lc  keyboard.o [1]
GenerateKbdMessages::i  0x200047b3        0x1  Data  Lc  keyboard.o [1]
GetDateToStr            0x080409b1       0x6e  Code  Gb  rtc.o [1]
GetTimeToStr            0x08040a1f       0x66  Code  Gb  rtc.o [1]
HAL_ADC_ConfigChannel   0x08052c63      0x1a0  Code  Gb  stm32f7xx_hal_adc.o [1]
HAL_ADC_Init            0x08052bfd       0x66  Code  Gb  stm32f7xx_hal_adc.o [1]
HAL_ADC_MspInit         0x08052fe7       0x42  Code  Gb  adc.o [1]
HAL_CAN_ErrorCallback   0x08052865        0x2  Code  Wk  stm32f7xx_hal_can.o [1]
HAL_CAN_IRQHandler      0x0805225b      0x220  Code  Gb  stm32f7xx_hal_can.o [1]
HAL_CAN_Init            0x080520a9      0x1b2  Code  Gb  stm32f7xx_hal_can.o [1]
HAL_CAN_MspInit         0x08052749       0xfe  Code  Gb  can.o [1]
HAL_CAN_RxCpltCallback  0x08052869        0x2  Code  Wk  stm32f7xx_hal_can.o [1]
HAL_CAN_TxCpltCallback  0x08052867        0x2  Code  Wk  stm32f7xx_hal_can.o [1]
HAL_DAC_ConfigChannel   0x08044c5d       0x56  Code  Gb  stm32f7xx_hal_dac.o [1]
HAL_DAC_Init            0x08044ba1       0x2c  Code  Gb  stm32f7xx_hal_dac.o [1]
HAL_DAC_MspInit         0x08045aa3       0x42  Code  Gb  dac.o [1]
HAL_DAC_SetValue        0x08044cb3       0x30  Code  Gb  stm32f7xx_hal_dac.o [1]
HAL_DAC_Start           0x08044bcd       0x90  Code  Gb  stm32f7xx_hal_dac.o [1]
HAL_DMA2D_ConfigLayer   0x08043e09      0x11a  Code  Gb  stm32f7xx_hal_dma2d.o [1]
HAL_DMA2D_IRQHandler    0x08043d41       0xc8  Code  Gb  stm32f7xx_hal_dma2d.o [1]
HAL_DMA2D_Init          0x08043b05       0x6c  Code  Gb  stm32f7xx_hal_dma2d.o [1]
HAL_DMA2D_MspInit       0x08045759       0x3c  Code  Gb  dma2d.o [1]
HAL_DMA2D_PollForTransfer
                        0x08043c45       0xfc  Code  Gb  stm32f7xx_hal_dma2d.o [1]
HAL_DMA2D_Start         0x08043b71       0x58  Code  Gb  stm32f7xx_hal_dma2d.o [1]
HAL_DMA2D_Start_IT      0x08043bc9       0x7c  Code  Gb  stm32f7xx_hal_dma2d.o [1]
HAL_DMA_IRQHandler      0x08053983      0x1dc  Code  Gb  stm32f7xx_hal_dma.o [1]
HAL_DMA_Init            0x080538fd       0x86  Code  Gb  stm32f7xx_hal_dma.o [1]
HAL_Delay               0x08045d07       0x1a  Code  Wk  stm32f7xx_hal.o [1]
HAL_FMC_MspInit         0x08054499       0xd6  Code  Lc  fmc.o [1]
HAL_GPIO_DeInit         0x08044611      0x176  Code  Gb  stm32f7xx_hal_gpio.o [1]
HAL_GPIO_EXTI_Callback  0x080457b5       0x20  Code  Gb  interrupts.o [1]
HAL_GPIO_EXTI_IRQHandler
                        0x080447b3       0x1e  Code  Gb  stm32f7xx_hal_gpio.o [1]
HAL_GPIO_Init           0x08044415      0x1fc  Code  Gb  stm32f7xx_hal_gpio.o [1]
HAL_GPIO_ReadPin        0x08044787       0x18  Code  Gb  stm32f7xx_hal_gpio.o [1]
HAL_GPIO_WritePin       0x0804479f       0x14  Code  Gb  stm32f7xx_hal_gpio.o [1]
HAL_GetTick             0x08045729        0xc  Code  Wk  stm32f7xx_hal.o [1]
HAL_HCD_Connect_Callback
                        0x08049a83        0xe  Code  Gb  usbh_conf.o [1]
HAL_HCD_Disconnect_Callback
                        0x08049a91        0xe  Code  Gb  usbh_conf.o [1]
HAL_HCD_GetCurrentFrame
                        0x08048dff        0xc  Code  Gb  stm32f7xx_hal_hcd.o [1]
HAL_HCD_GetCurrentSpeed
                        0x08048e0b        0xc  Code  Gb  stm32f7xx_hal_hcd.o [1]
HAL_HCD_HC_GetURBState  0x08048de5        0xe  Code  Gb  stm32f7xx_hal_hcd.o [1]
HAL_HCD_HC_GetXferCount
                        0x08048df3        0xc  Code  Gb  stm32f7xx_hal_hcd.o [1]
HAL_HCD_HC_Halt         0x08048955       0x30  Code  Gb  stm32f7xx_hal_hcd.o [1]
HAL_HCD_HC_Init         0x08048881       0xd4  Code  Gb  stm32f7xx_hal_hcd.o [1]
HAL_HCD_HC_NotifyURBChange_Callback
                        0x08049a9f        0x2  Code  Gb  usbh_conf.o [1]
HAL_HCD_HC_SubmitRequest
                        0x08048985      0x2c4  Code  Gb  stm32f7xx_hal_hcd.o [1]
HAL_HCD_IRQHandler      0x08048c49      0x13c  Code  Gb  stm32f7xx_hal_hcd.o [1]
HAL_HCD_Init            0x08048825       0x5c  Code  Gb  stm32f7xx_hal_hcd.o [1]
HAL_HCD_MspInit         0x080499fd       0x78  Code  Gb  usbh_conf.o [1]
HAL_HCD_ResetPort       0x08048dd9        0xc  Code  Gb  stm32f7xx_hal_hcd.o [1]
HAL_HCD_SOF_Callback    0x08049a75        0xe  Code  Gb  usbh_conf.o [1]
HAL_HCD_Start           0x08048d85       0x2e  Code  Gb  stm32f7xx_hal_hcd.o [1]
HAL_HCD_Stop            0x08048db3       0x26  Code  Gb  stm32f7xx_hal_hcd.o [1]
HAL_I2CEx_ConfigAnalogFilter
                        0x08045c83       0x84  Code  Gb  stm32f7xx_hal_i2c_ex.o [1]
HAL_I2C_ER_IRQHandler   0x08043257       0x78  Code  Gb  stm32f7xx_hal_i2c.o [1]
HAL_I2C_EV_IRQHandler   0x08043129      0x12e  Code  Gb  stm32f7xx_hal_i2c.o [1]
HAL_I2C_ErrorCallback   0x08045719        0x2  Code  Wk  stm32f7xx_hal_i2c.o [1]
HAL_I2C_Init            0x08042a7d       0xbc  Code  Gb  stm32f7xx_hal_i2c.o [1]
HAL_I2C_MasterRxCpltCallback
                        0x08045721        0x2  Code  Wk  stm32f7xx_hal_i2c.o [1]
HAL_I2C_MasterTxCpltCallback
                        0x0804571d        0x2  Code  Wk  stm32f7xx_hal_i2c.o [1]
HAL_I2C_Master_Receive  0x08042c97      0x15e  Code  Gb  stm32f7xx_hal_i2c.o [1]
HAL_I2C_Master_Transmit
                        0x08042b39      0x15e  Code  Gb  stm32f7xx_hal_i2c.o [1]
HAL_I2C_MemRxCpltCallback
                        0x0804571f        0x2  Code  Wk  stm32f7xx_hal_i2c.o [1]
HAL_I2C_MemTxCpltCallback
                        0x0804571b        0x2  Code  Wk  stm32f7xx_hal_i2c.o [1]
HAL_I2C_Mem_Read        0x08042f8d      0x196  Code  Gb  stm32f7xx_hal_i2c.o [1]
HAL_I2C_Mem_Write       0x08042df5      0x198  Code  Gb  stm32f7xx_hal_i2c.o [1]
HAL_I2C_MspInit         0x0804569b       0x6a  Code  Gb  i2c.o [1]
HAL_I2C_SlaveRxCpltCallback
                        0x08045725        0x2  Code  Wk  stm32f7xx_hal_i2c.o [1]
HAL_I2C_SlaveTxCpltCallback
                        0x08045723        0x2  Code  Wk  stm32f7xx_hal_i2c.o [1]
HAL_IncTick             0x080554f1       0x10  Code  Wk  stm32f7xx_hal.o [1]
HAL_Init                0x08054335       0x22  Code  Gb  stm32f7xx_hal.o [1]
HAL_InitTick            0x0804e319       0x24  Code  Wk  stm32f7xx_hal.o [1]
HAL_LTDC_ConfigLayer    0x08042281       0x52  Code  Gb  stm32f7xx_hal_ltdc.o [1]
HAL_LTDC_ErrorCallback  0x08045455        0x2  Code  Wk  stm32f7xx_hal_ltdc.o [1]
HAL_LTDC_IRQHandler     0x080421eb       0x96  Code  Gb  stm32f7xx_hal_ltdc.o [1]
HAL_LTDC_Init           0x080420b1      0x13a  Code  Gb  stm32f7xx_hal_ltdc.o [1]
HAL_LTDC_LineEventCallback
                        0x08045457        0x2  Code  Wk  stm32f7xx_hal_ltdc.o [1]
HAL_LTDC_MspDeInit      0x080453df       0x56  Code  Gb  ltdc.o [1]
HAL_LTDC_MspInit        0x080452fd       0xe2  Code  Gb  ltdc.o [1]
HAL_LTDC_SetAddress     0x080422d3       0x4e  Code  Gb  stm32f7xx_hal_ltdc.o [1]
HAL_MspInit             0x08054901       0x46  Code  Gb  stm32f7xx_hal_msp.o [1]
HAL_NAND_IRQHandler     0x0805499d       0x6e  Code  Gb  stm32f7xx_hal_nand.o [1]
HAL_NAND_ITCallback     0x08054f41        0x2  Code  Wk  stm32f7xx_hal_nand.o [1]
HAL_NAND_Init           0x08054947       0x56  Code  Gb  stm32f7xx_hal_nand.o [1]
HAL_NAND_MspInit        0x0805456f        0xa  Code  Gb  fmc.o [1]
HAL_NAND_Read_ID        0x08054a0b       0x70  Code  Gb  stm32f7xx_hal_nand.o [1]
HAL_NVIC_DisableIRQ     0x08045c19        0xe  Code  Gb  stm32f7xx_hal_cortex.o [1]
HAL_NVIC_EnableIRQ      0x08045c0b        0xe  Code  Gb  stm32f7xx_hal_cortex.o [1]
HAL_NVIC_SetPriority    0x08045be5       0x26  Code  Gb  stm32f7xx_hal_cortex.o [1]
HAL_NVIC_SetPriorityGrouping
                        0x08045bd9        0xc  Code  Gb  stm32f7xx_hal_cortex.o [1]
HAL_PWREx_EnableOverDrive
                        0x08054879       0x7a  Code  Gb  stm32f7xx_hal_pwr_ex.o [1]
HAL_RCCEx_PeriphCLKConfig
                        0x0804f5b5      0x7c6  Code  Gb  stm32f7xx_hal_rcc_ex.o [1]
HAL_RCC_CAN1_CLK_ENABLED
                        0x20004720        0x4  Data  Lc  can.o [1]
HAL_RCC_ClockConfig     0x0804df75      0x256  Code  Gb  stm32f7xx_hal_rcc.o [1]
HAL_RCC_EnableCSS       0x0804e1cb        0xe  Code  Gb  stm32f7xx_hal_rcc.o [1]
HAL_RCC_GetHCLKFreq     0x0804e27d       0x28  Code  Gb  stm32f7xx_hal_rcc.o [1]
HAL_RCC_GetPCLK1Freq    0x0804e2a5       0x20  Code  Gb  stm32f7xx_hal_rcc.o [1]
HAL_RCC_GetPCLK2Freq    0x0804e2c5       0x20  Code  Gb  stm32f7xx_hal_rcc.o [1]
HAL_RCC_GetSysClockFreq
                        0x0804e1d9       0xa4  Code  Gb  stm32f7xx_hal_rcc.o [1]
HAL_RCC_OscConfig       0x0804da65      0x510  Code  Gb  stm32f7xx_hal_rcc.o [1]
HAL_SDRAM_IRQHandler    0x08054ac1       0x20  Code  Gb  stm32f7xx_hal_sdram.o [1]
HAL_SDRAM_Init          0x08054a7d       0x44  Code  Gb  stm32f7xx_hal_sdram.o [1]
HAL_SDRAM_MspInit       0x08054579        0xa  Code  Gb  fmc.o [1]
HAL_SDRAM_ProgramRefreshRate
                        0x08054b1d       0x2a  Code  Gb  stm32f7xx_hal_sdram.o [1]
HAL_SDRAM_RefreshErrorCallback
                        0x08054f43        0x2  Code  Wk  stm32f7xx_hal_sdram.o [1]
HAL_SDRAM_SendCommand   0x08054ae1       0x3c  Code  Gb  stm32f7xx_hal_sdram.o [1]
HAL_SD_GetStatus        0x08047bbf       0x26  Code  Gb  stm32f7xx_hal_sd.o [1]
HAL_SD_Get_CardInfo     0x08047793      0x362  Code  Gb  stm32f7xx_hal_sd.o [1]
HAL_SD_Init             0x0804725d       0xb6  Code  Gb  stm32f7xx_hal_sd.o [1]
HAL_SD_MspInit          0x080486bb       0x86  Code  Gb  sdmmc.o [1]
HAL_SD_ReadBlocks       0x08047313      0x1f6  Code  Gb  stm32f7xx_hal_sd.o [1]
HAL_SD_StopTransfer     0x08047b87       0x38  Code  Gb  stm32f7xx_hal_sd.o [1]
HAL_SD_WideBusOperation_Config
                        0x08047af5       0x92  Code  Gb  stm32f7xx_hal_sd.o [1]
HAL_SD_WriteBlocks      0x08047509      0x28a  Code  Gb  stm32f7xx_hal_sd.o [1]
HAL_SPI_Init            0x08054b49       0xd8  Code  Gb  stm32f7xx_hal_spi.o [1]
HAL_SPI_MspInit         0x0805461d      0x13c  Code  Gb  spi.o [1]
HAL_SYSTICK_CLKSourceConfig
                        0x08045c33       0x20  Code  Gb  stm32f7xx_hal_cortex.o [1]
HAL_SYSTICK_Callback    0x08045c81        0x2  Code  Wk  stm32f7xx_hal_cortex.o [1]
HAL_SYSTICK_Config      0x08045c27        0xc  Code  Gb  stm32f7xx_hal_cortex.o [1]
HAL_SYSTICK_IRQHandler  0x08045c79        0x8  Code  Gb  stm32f7xx_hal_cortex.o [1]
HAL_TIMEx_BreakCallback
                        0x0805388d        0x2  Code  Wk  stm32f7xx_hal_tim_ex.o [1]
HAL_TIMEx_CommutationCallback
                        0x08053891        0x2  Code  Wk  stm32f7xx_hal_tim_ex.o [1]
HAL_TIMEx_MasterConfigSynchronization
                        0x08053895       0x5e  Code  Gb  stm32f7xx_hal_tim_ex.o [1]
HAL_TIM_Base_Init       0x080533a1       0x32  Code  Gb  stm32f7xx_hal_tim.o [1]
HAL_TIM_Base_MspInit    0x08053761       0xf4  Code  Gb  tim.o [1]
HAL_TIM_IC_CaptureCallback
                        0x08053885        0x2  Code  Wk  stm32f7xx_hal_tim.o [1]
HAL_TIM_IRQHandler      0x080533d3      0x194  Code  Gb  stm32f7xx_hal_tim.o [1]
HAL_TIM_OC_DelayElapsedCallback
                        0x08053887        0x2  Code  Wk  stm32f7xx_hal_tim.o [1]
HAL_TIM_PWM_PulseFinishedCallback
                        0x08053889        0x2  Code  Wk  stm32f7xx_hal_tim.o [1]
HAL_TIM_PeriodElapsedCallback
                        0x0805388b        0x2  Code  Wk  stm32f7xx_hal_tim.o [1]
HAL_TIM_TriggerCallback
                        0x0805388f        0x2  Code  Wk  stm32f7xx_hal_tim.o [1]
HAL_UART_ErrorCallback  0x0804eda9        0x2  Code  Wk  stm32f7xx_hal_uart.o [1]
HAL_UART_IRQHandler     0x0804e3bb       0xf0  Code  Gb  stm32f7xx_hal_uart.o [1]
HAL_UART_Init           0x0804e33d       0x7e  Code  Gb  stm32f7xx_hal_uart.o [1]
HAL_UART_MspInit        0x0804ec9d       0xe0  Code  Gb  usart.o [1]
HAL_UART_RxCpltCallback
                        0x0804edad        0x2  Code  Wk  stm32f7xx_hal_uart.o [1]
HAL_UART_TxCpltCallback
                        0x0804edab        0x2  Code  Wk  stm32f7xx_hal_uart.o [1]
HCD_HC_IN_IRQHandler    0x08048e17      0x508  Code  Lc  stm32f7xx_hal_hcd.o [1]
HCD_HC_OUT_IRQHandler   0x0804931f      0x504  Code  Lc  stm32f7xx_hal_hcd.o [1]
HCD_Port_IRQHandler     0x0804991d       0xde  Code  Lc  stm32f7xx_hal_hcd.o [1]
HCD_RXQLVL_IRQHandler   0x08049823       0xf6  Code  Lc  stm32f7xx_hal_hcd.o [1]
HEAP$$Base              0x200024e8              --   Gb  - Linker created -
HEAP$$Limit             0x200026e8              --   Gb  - Linker created -
I2C2_ER_IRQHandler      0x0805545b        0xa  Code  Gb  stm32f7xx_it.o [1]
I2C2_EV_IRQHandler      0x08055451        0xa  Code  Gb  stm32f7xx_it.o [1]
I2CDeviceInitialize     0x08044311       0x44  Code  Gb  tw8819.o [1]
I2C_IsAcknowledgeFailed
                        0x08043a51       0x80  Code  Lc  stm32f7xx_hal_i2c.o [1]
I2C_MasterReceive_ISR   0x0804346d      0x18e  Code  Lc  stm32f7xx_hal_i2c.o [1]
I2C_MasterTransmit_ISR  0x080432cf      0x19c  Code  Lc  stm32f7xx_hal_i2c.o [1]
I2C_RequestMemoryRead   0x08043805       0x98  Code  Lc  stm32f7xx_hal_i2c.o [1]
I2C_RequestMemoryWrite  0x0804376b       0x9a  Code  Lc  stm32f7xx_hal_i2c.o [1]
I2C_SlaveReceive_ISR    0x080436bd       0xae  Code  Lc  stm32f7xx_hal_i2c.o [1]
I2C_SlaveTransmit_ISR   0x080435fb       0xc2  Code  Lc  stm32f7xx_hal_i2c.o [1]
I2C_TransferConfig      0x08043ad1       0x2a  Code  Lc  stm32f7xx_hal_i2c.o [1]
I2C_WaitOnFlagUntilTimeout
                        0x080438a1       0x8e  Code  Lc  stm32f7xx_hal_i2c.o [1]
I2C_WaitOnRXNEFlagUntilTimeout
                        0x080439d3       0x7e  Code  Lc  stm32f7xx_hal_i2c.o [1]
I2C_WaitOnSTOPFlagUntilTimeout
                        0x08043983       0x50  Code  Lc  stm32f7xx_hal_i2c.o [1]
I2C_WaitOnTXISFlagUntilTimeout
                        0x0804392f       0x54  Code  Lc  stm32f7xx_hal_i2c.o [1]
IMAGES                  0x200030e8      0x4b4  Data  Gb  userinterface.o [1]
Images                  0x20003e78       0xa0  Data  Gb  userinterface.o [1]
InitCVBSAll             0x2000034c      0x14c  Data  Gb  tw8819.o [1]
InitOSDWindow           0x080459eb       0x56  Code  Gb  OSDBasic.o [1]
InitPeriph              0x0805481d       0x5c  Code  Gb  initial.o [1]
Init_Osd_DisplayInput   0x08055670       0x28  Data  Gb  OSDinitTable.o [1]
Itoa                    0x08040815       0xe4  Code  Gb  calculations.o [1]
KBD_Handle              0x0803f871      0x2a4  Code  Gb  userinterface.o [1]
KB_Status               0x20004744        0x4  Data  Gb  keyboard.o [1]
LCD_DisplayChar         0x08040ecb       0x6e  Code  Gb  lcd.o [1]
LCD_DisplayStringAt     0x08040f39      0x120  Code  Gb  lcd.o [1]
LCD_DrawCircle          0x08041265      0x13e  Code  Gb  lcd.o [1]
LCD_DrawFullCircle      0x080413a9       0xc8  Code  Gb  lcd.o [1]
LCD_DrawLine            0x08041059      0x1a0  Code  Gb  lcd.o [1]
LCD_DrawPolygon         0x08041471       0x6c  Code  Gb  lcd.o [1]
LCD_DrawRect            0x080411f9       0x6c  Code  Gb  lcd.o [1]
LCD_FillPolygon         0x0804156d      0x25e  Code  Gb  lcd.o [1]
LCD_FillRect            0x08041b4f       0x38  Code  Gb  lcd.o [1]
LCD_FillTriangle        0x08041cf9      0x24a  Code  Gb  lcd.o [1]
LCD_FillTriangle::i     0x200047b4        0x1  Data  Lc  lcd.o [1]
LCD_FillTriangle::indexA
                        0x200047b5        0x1  Data  Lc  lcd.o [1]
LCD_FillTriangle::indexB
                        0x200047b6        0x1  Data  Lc  lcd.o [1]
LCD_FillTriangle::indexC
                        0x200047b7        0x1  Data  Lc  lcd.o [1]
LCD_FillTriangle::sy    0x2000479a        0x2  Data  Lc  lcd.o [1]
LCD_FillTriangle::tmp   0x2000479c        0x2  Data  Lc  lcd.o [1]
LCD_Fill_Image          0x08041b87       0x36  Code  Gb  lcd.o [1]
LCD_Fill_Image::address
                        0x20004770        0x4  Data  Lc  lcd.o [1]
LCD_Fill_ImageTRANSP    0x08041c35       0xb0  Code  Gb  lcd.o [1]
LCD_Fill_ImageTRANSP::address
                        0x20004774        0x4  Data  Lc  lcd.o [1]
LCD_GetXSize            0x08040d69       0x14  Code  Gb  lcd.o [1]
LCD_GetYSize            0x08040d7d       0x14  Code  Gb  lcd.o [1]
LCD_Init                0x08041993       0x3e  Code  Gb  lcd.o [1]
LCD_InitParams          0x08041941       0x40  Code  Gb  lcd.o [1]
LCD_LayerDefaultInit    0x08040db9       0xa0  Code  Gb  lcd.o [1]
LCD_SelectLayer         0x08040e59        0x8  Code  Gb  lcd.o [1]
LCD_SetColorPixel       0x08041981       0x12  Code  Gb  lcd.o [1]
LCD_SetLayerVisible     0x08040e61       0x6a  Code  Gb  lcd.o [1]
LCD_SetLight            0x080419d1       0x7c  Code  Gb  lcd.o [1]
LCD_SetXSize            0x08040d91       0x14  Code  Gb  lcd.o [1]
LCD_SetYSize            0x08040da5       0x14  Code  Gb  lcd.o [1]
LCD_Video_GPIO_Deinit   0x0804427d        0xc  Code  Gb  tw8819.o [1]
LCD_Video_GPIO_Init     0x08044289        0xc  Code  Gb  tw8819.o [1]
LED_control             0x08054d09       0x2c  Code  Gb  leds.o [1]
LL_ConvertLineToRGB888  0x080418cb       0x76  Code  Gb  lcd.o [1]
LTDC_ER_IRQHandler      0x080554af        0xa  Code  Gb  stm32f7xx_it.o [1]
LTDC_IRQHandler         0x080554a5        0xa  Code  Gb  stm32f7xx_it.o [1]
LTDC_SetConfig          0x08042321      0x276  Code  Lc  stm32f7xx_hal_ltdc.o [1]
LayerIndex              0x20004750        0x4  Data  Lc  lcd.o [1]
LayerOfView             0x200047c1        0x1  Data  Gb  video.o [1]
LoadBitmapFromSD        0x08040b35      0x17a  Code  Gb  video.o [1]
LoadInt                 0x0804b9b1       0x6e  Code  Lc  xprintffull.o [3]
Load_GUI_0              0x0803e6b1      0x6cc  Code  Gb  userinterface.o [1]
MX_ADC1_Init            0x08052f81       0x66  Code  Gb  adc.o [1]
MX_CAN1_Init            0x0805269d       0x56  Code  Gb  can.o [1]
MX_CAN2_Init            0x080526f3       0x56  Code  Gb  can.o [1]
MX_DAC_Init             0x08045a45       0x5e  Code  Gb  dac.o [1]
MX_DMA2D_Init           0x08045735       0x24  Code  Gb  dma2d.o [1]
MX_DMA_Init             0x0805435d       0x44  Code  Gb  dma.o [1]
MX_FATFS_Init           0x0803cd91       0x1c  Code  Gb  fatfs.o [1]
MX_FMC_Init             0x080543a1       0xf8  Code  Gb  fmc.o [1]
MX_GPIO_Init            0x0805286d      0x390  Code  Gb  gpio.o [1]
MX_I2C2_Init            0x08045651       0x4a  Code  Gb  i2c.o [1]
MX_LTDC_Init            0x080451d1      0x12c  Code  Gb  ltdc.o [1]
MX_SDMMC1_SD_Init       0x0804868d       0x2e  Code  Gb  sdmmc.o [1]
MX_SPI2_Init            0x080545b1       0x6c  Code  Gb  spi.o [1]
MX_TIM11_Init           0x080536dd       0x2a  Code  Gb  tim.o [1]
MX_TIM13_Init           0x08053707       0x2e  Code  Gb  tim.o [1]
MX_TIM14_Init           0x08053735       0x2c  Code  Gb  tim.o [1]
MX_TIM6_Init            0x08053679       0x32  Code  Gb  tim.o [1]
MX_TIM7_Init            0x080536ab       0x32  Code  Gb  tim.o [1]
MX_Touch_Read           0x08044d11        0x8  Code  Gb  stmpe811.o [1]
MX_USART2_UART_Init     0x0804ebc5       0x48  Code  Gb  usart.o [1]
MX_USART3_UART_Init     0x0804ec0d       0x48  Code  Gb  usart.o [1]
MX_USART6_UART_Init     0x0804ec55       0x48  Code  Gb  usart.o [1]
MX_USB_HOST_Init        0x080547b5       0x1e  Code  Gb  usb_host.o [1]
MX_USB_HOST_Process     0x080547d3        0xa  Code  Gb  usb_host.o [1]
M_first                 0x200047a8        0x1  Data  Gb  core.o [1]
M_last                  0x200047a6        0x1  Data  Gb  core.o [1]
M_pull                  0x08044103       0x58  Code  Gb  core.o [1]
MemManage_Handler       0x08055411        0x2  Code  Gb  stm32f7xx_it.o [1]
NAND_readId             0x08054c3b       0x30  Code  Gb  memory.o [1]
NVIC_ClearPendingIRQ    0x080457a1       0x14  Code  Lc  interrupts.o [1]
NVIC_DisableIRQ         0x08045b31       0x14  Code  Lc  stm32f7xx_hal_cortex.o [1]
NVIC_EnableIRQ          0x08045b1d       0x14  Code  Lc  stm32f7xx_hal_cortex.o [1]
NVIC_EnableIRQ          0x08053e29       0x14  Code  Lc  timer13.o [1]
NVIC_EnableIRQ          0x08041f9d       0x14  Code  Lc  timer14.o [1]
NVIC_EncodePriority     0x08045b6b       0x3e  Code  Lc  stm32f7xx_hal_cortex.o [1]
NVIC_GetPriorityGrouping
                        0x08045b13        0xa  Code  Lc  stm32f7xx_hal_cortex.o [1]
NVIC_SetPriority        0x08045b45       0x26  Code  Lc  stm32f7xx_hal_cortex.o [1]
NVIC_SetPriorityGrouping
                        0x08045af5       0x1e  Code  Lc  stm32f7xx_hal_cortex.o [1]
OSDDisplayInput         0x08044aff       0x72  Code  Gb  DispInfo.o [1]
OSDSetDEDelay           0x080443bd       0x56  Code  Gb  tw8819.o [1]
OTG_FS_IRQHandler       0x08055491        0xa  Code  Gb  stm32f7xx_it.o [1]
PCF8563_read_datetime   0x08040915       0x9c  Code  Gb  rtc.o [1]
PLC_DMA2D_Status        0x200004d8        0x4  Data  Gb  video.o [1]
P_Touch_Config          0x08044f1d      0x144  Code  Gb  stmpe811.o [1]
P_Touch_Config::regArray
                        0x2000033c        0xc  Data  Lc  stmpe811.o [1]
P_Touch_FnctCmd         0x08044e83       0x74  Code  Gb  stmpe811.o [1]
P_Touch_FreeIRQ         0x08044ef7       0x26  Code  Gb  stmpe811.o [1]
P_Touch_ReadID          0x08045061       0x68  Code  Gb  stmpe811.o [1]
P_Touch_Read_16b        0x08045125       0x66  Code  Gb  stmpe811.o [1]
P_Touch_Read_X          0x080450c9       0x28  Code  Lc  stmpe811.o [1]
P_Touch_Read_Y          0x080450f1       0x34  Code  Lc  stmpe811.o [1]
P_Touch_Reset           0x08044e31       0x52  Code  Gb  stmpe811.o [1]
PatchParms              0x20004700        0x8  Data  Gb  userinterface.o [1]
PreLoadImages           0x0803f787       0xbe  Code  Gb  userinterface.o [1]
ProjectionLayerAddress  0x080557e0        0x8  Data  Gb  video.o [1]
RESmutex_1              0x200047a3        0x1  Data  Gb  core.o [1]
RESmutex_2              0x200047a4        0x1  Data  Gb  core.o [1]
RIAD_16pt               0x2000030c        0xc  Data  Gb  RIAD_16pt.o [1]
RIAD_16ptBitmaps        0x08037510     0x1f5c  Data  Gb  RIAD_16pt.o [1]
RIAD_16ptDescriptors    0x080504a8      0x700  Data  Gb  RIAD_16pt.o [1]
RIAD_30pt               0x20000318        0xc  Data  Gb  RIAD_30pt.o [1]
RIAD_30ptBitmaps        0x0802f04c     0x5f64  Data  Gb  RIAD_30pt.o [1]
RIAD_30ptDescriptors    0x08050ba8      0x700  Data  Gb  RIAD_30pt.o [1]
RIAD_40pt               0x20000324        0xc  Data  Gb  RIAD_40pt.o [1]
RIAD_40ptBitmaps        0x08025638     0x9a14  Data  Gb  RIAD_40pt.o [1]
RIAD_40ptDescriptors    0x080512a8      0x700  Data  Gb  RIAD_40pt.o [1]
RIAD_80pt               0x20000330        0xc  Data  Gb  RIAD_80pt.o [1]
RIAD_80ptBitmaps        0x080001c8    0x25470  Data  Gb  RIAD_80pt.o [1]
RIAD_80ptDescriptors    0x080519a8      0x700  Data  Gb  RIAD_80pt.o [1]
RateChange              0x200047c0        0x1  Data  Gb  userinterface.o [1]
ReadLineKbd             0x08053c3b       0xb6  Code  Gb  keyboard.o [1]
ReadTW88                0x08044253       0x2a  Code  Gb  tw8819.o [1]
Rect1                   0x20004790        0x4  Data  Gb  userinterface.o [1]
Region$$Table$$Base     0x080556e4              --   Gb  - Linker created -
Region$$Table$$Limit    0x08055704              --   Gb  - Linker created -
ReleaseFunction         0x0803fdf5       0x4a  Code  Gb  userinterface.o [1]
RestorePoly             0x080407a9       0x3c  Code  Gb  calculations.o [1]
RotatePoint             0x080405ed      0x11c  Code  Gb  calculations.o [1]
RotatePoint::X          0x20004718        0x4  Data  Lc  calculations.o [1]
RotatePoint::Xo         0x20004710        0x4  Data  Lc  calculations.o [1]
RotatePoint::Y          0x2000471c        0x4  Data  Lc  calculations.o [1]
RotatePoint::Yo         0x20004714        0x4  Data  Lc  calculations.o [1]
RotatePoint::cosV       0x20004708        0x4  Data  Lc  calculations.o [1]
RotatePoint::sinV       0x2000470c        0x4  Data  Lc  calculations.o [1]
RotatePoly              0x08040709       0x64  Code  Gb  calculations.o [1]
RotatedF                0x200047a0        0x1  Data  Lc  calculations.o [1]
RoutineFast             0x0804402d       0x2e  Code  Gb  core.o [1]
RoutineFast::branch     0x200047a5        0x1  Data  Lc  core.o [1]
Run_GUI                 0x0803eded      0x890  Code  Gb  userinterface.o [1]
SCB_EnableDCache        0x080540fd       0x5a  Code  Lc  main.o [1]
SCB_EnableICache        0x080540d9       0x24  Code  Lc  main.o [1]
SDCardInfo1             0x20004258       0x58  Data  Gb  sdmmc.o [1]
SDMMC_DataConfig        0x080487f5       0x2e  Code  Gb  stm32f7xx_ll_sdmmc.o [1]
SDMMC_GetCommandResponse
                        0x080487d7        0x6  Code  Gb  stm32f7xx_ll_sdmmc.o [1]
SDMMC_GetPowerState     0x080487a5        0x8  Code  Gb  stm32f7xx_ll_sdmmc.o [1]
SDMMC_GetResponse       0x080487dd       0x18  Code  Gb  stm32f7xx_ll_sdmmc.o [1]
SDMMC_Init              0x08048755       0x2e  Code  Gb  stm32f7xx_ll_sdmmc.o [1]
SDMMC_PowerState_ON     0x0804879b        0xa  Code  Gb  stm32f7xx_ll_sdmmc.o [1]
SDMMC_ReadFIFO          0x08048789        0x6  Code  Gb  stm32f7xx_ll_sdmmc.o [1]
SDMMC_SendCommand       0x080487ad       0x2a  Code  Gb  stm32f7xx_ll_sdmmc.o [1]
SDMMC_WriteFIFO         0x0804878f        0xc  Code  Gb  stm32f7xx_ll_sdmmc.o [1]
SDRAM_Initialization_Sequence
                        0x08054c75       0x94  Code  Gb  memory.o [1]
SDRAM_free              0x08054c21       0x1a  Code  Gb  memory.o [1]
SD_CmdError             0x08047f4b       0x4a  Code  Lc  stm32f7xx_hal_sd.o [1]
SD_CmdResp1Error        0x08048009      0x118  Code  Lc  stm32f7xx_hal_sd.o [1]
SD_CmdResp2Error        0x08048151       0x46  Code  Lc  stm32f7xx_hal_sd.o [1]
SD_CmdResp3Error        0x08048121       0x30  Code  Lc  stm32f7xx_hal_sd.o [1]
SD_CmdResp6Error        0x08048197       0xa8  Code  Lc  stm32f7xx_hal_sd.o [1]
SD_CmdResp7Error        0x08047f95       0x74  Code  Lc  stm32f7xx_hal_sd.o [1]
SD_Driver               0x0805574c       0x14  Data  Gb  sd_diskio.o [1]
SD_FindSCR              0x080483a3      0x176  Code  Lc  stm32f7xx_hal_sd.o [1]
SD_GetState             0x08047be5       0x24  Code  Lc  stm32f7xx_hal_sd.o [1]
SD_Initialize_Cards     0x08047c09      0x128  Code  Lc  stm32f7xx_hal_sd.o [1]
SD_IsCardProgramming    0x08048519      0x16c  Code  Lc  stm32f7xx_hal_sd.o [1]
SD_Path                 0x20004724        0x4  Data  Gb  fatfs.o [1]
SD_PowerON              0x08047d6b      0x180  Code  Lc  stm32f7xx_hal_sd.o [1]
SD_Select_Deselect      0x08047d31       0x3a  Code  Lc  stm32f7xx_hal_sd.o [1]
SD_SendStatus           0x08047eeb       0x60  Code  Lc  stm32f7xx_hal_sd.o [1]
SD_WideBus_Disable      0x080482f1       0xb2  Code  Lc  stm32f7xx_hal_sd.o [1]
SD_WideBus_Enable       0x0804823f       0xb2  Code  Lc  stm32f7xx_hal_sd.o [1]
SD_initialize           0x08055135       0x24  Code  Gb  sd_diskio.o [1]
SD_ioctl                0x080551e9       0x6a  Code  Gb  sd_diskio.o [1]
SD_read                 0x0805517d       0x36  Code  Gb  sd_diskio.o [1]
SD_status               0x08055159       0x24  Code  Gb  sd_diskio.o [1]
SD_write                0x080551b3       0x36  Code  Gb  sd_diskio.o [1]
SOUND                   0x200046e0        0x8  Data  Gb  sound.o [1]
SPI_FONT1               0x08055580       0x50  Data  Gb  OSDFont.o [1]
SPI_received            0x200004e2        0x1  Data  Gb  spi.o [1]
SPI_transmitted         0x200004e3        0x1  Data  Gb  spi.o [1]
SetLineKbd              0x08053ba1       0x9a  Code  Gb  keyboard.o [1]
Show_GUI                0x0804055b       0x5a  Code  Gb  gui.o [1]
SolvePressedKeys        0x08053cf1       0x6e  Code  Gb  keyboard.o [1]
SolvePressedKeys::Index
                        0x200047b0        0x1  Data  Lc  keyboard.o [1]
SolvePressedKeys::Lines_Kb
                        0x200004dc        0x2  Data  Lc  keyboard.o [1]
SolvePressedKeys::OldKeysLine
                        0x200004e0        0x1  Data  Lc  keyboard.o [1]
SolvePressedKeys::Pressed
                        0x200047b1        0x1  Data  Lc  keyboard.o [1]
Stat                    0x200004e1        0x1  Data  Lc  sd_diskio.o [1]
StoreArrayOfPoly        0x2000414c       0x60  Data  Lc  calculations.o [1]
StorePoly               0x0804076d       0x3c  Code  Gb  calculations.o [1]
StrDATA                 0x20003f18       0x80  Data  Gb  userinterface.o [1]
StrDate                 0x200004b8        0xc  Data  Gb  userinterface.o [1]
StrTime                 0x200004c4        0xc  Data  Gb  userinterface.o [1]
Switch_Camera           0x08044295       0x7c  Code  Gb  tw8819.o [1]
SysTick_Config          0x08045ba9       0x30  Code  Lc  stm32f7xx_hal_cortex.o [1]
SysTick_Handler         0x08055413        0xc  Code  Gb  stm32f7xx_it.o [1]
SystemClock_Config      0x08054213       0xf0  Code  Gb  main.o [1]
SystemCoreClock         0x20000348        0x4  Data  Gb  system_stm32f7xx.o [1]
SystemInit              0x08053039       0x5a  Code  Gb  system_stm32f7xx.o [1]
SystemInit_ExtMemCtl    0x08053093      0x1ee  Code  Lc  system_stm32f7xx.o [1]
TIM13_IRQHandler        0x08053e6d      0x1f4  Code  Gb  timer13.o [1]
TIM13_IRQHandler::Counter
                        0x20004784        0x4  Data  Lc  timer13.o [1]
TIM13_IRQHandler::CounterUPD
[...]
USBH_GetFreePipe        0x0804ace9       0x2e  Code  Lc  usbh_pipes.o [1]
USBH_GetNextDesc        0x0804b083       0x18  Code  Gb  usbh_ctlreq.o [1]
USBH_Get_CfgDesc        0x0804ad61       0x3c  Code  Gb  usbh_ctlreq.o [1]
USBH_Get_DevDesc        0x0804ad17       0x4a  Code  Gb  usbh_ctlreq.o [1]
USBH_Get_StringDesc     0x0804ad9d       0x4c  Code  Gb  usbh_ctlreq.o [1]
USBH_HandleControl      0x0804b0f7      0x20c  Code  Lc  usbh_ctlreq.o [1]
USBH_HandleEnum         0x0804a9ff      0x198  Code  Lc  usbh_core.o [1]
USBH_HandleSof          0x0804abb3       0x1e  Code  Lc  usbh_core.o [1]
USBH_Init               0x0804a6a5       0x3a  Code  Gb  usbh_core.o [1]
USBH_LL_ClosePipe       0x08049bc5       0x16  Code  Gb  usbh_conf.o [1]
USBH_LL_Connect         0x0804abd1       0x32  Code  Gb  usbh_core.o [1]
USBH_LL_Disconnect      0x0804ac03       0x40  Code  Gb  usbh_core.o [1]
USBH_LL_DriverVBUS      0x08049c39       0x16  Code  Gb  usbh_conf.o [1]
USBH_LL_GetLastXferSize
                        0x08049b6f       0x14  Code  Gb  usbh_conf.o [1]
USBH_LL_GetSpeed        0x08049b29       0x36  Code  Gb  usbh_conf.o [1]
USBH_LL_GetToggle       0x08049c8f       0x46  Code  Gb  usbh_conf.o [1]
USBH_LL_GetURBState     0x08049c25       0x14  Code  Gb  usbh_conf.o [1]
USBH_LL_IncTimer        0x0804ab9d       0x16  Code  Gb  usbh_core.o [1]
USBH_LL_Init            0x08049aa1       0x56  Code  Gb  usbh_conf.o [1]
USBH_LL_OpenPipe        0x08049b83       0x42  Code  Gb  usbh_conf.o [1]
USBH_LL_ResetPort       0x08049b5f       0x10  Code  Gb  usbh_conf.o [1]
USBH_LL_SetTimer        0x0804ab97        0x6  Code  Gb  usbh_core.o [1]
USBH_LL_SetToggle       0x08049c4f       0x40  Code  Gb  usbh_conf.o [1]
USBH_LL_Start           0x08049b09       0x10  Code  Gb  usbh_conf.o [1]
USBH_LL_Stop            0x08049b19       0x10  Code  Gb  usbh_conf.o [1]
USBH_LL_SubmitURB       0x08049bdb       0x4a  Code  Gb  usbh_conf.o [1]
USBH_MSC_BOT_Abort      0x0804d4c9       0x44  Code  Lc  usbh_msc_bot.o [1]
USBH_MSC_BOT_Init       0x0804d17f       0x24  Code  Gb  usbh_msc_bot.o [1]
USBH_MSC_BOT_Process    0x0804d1a3      0x326  Code  Gb  usbh_msc_bot.o [1]
USBH_MSC_BOT_REQ_GetMaxLUN
                        0x0804d159       0x26  Code  Gb  usbh_msc_bot.o [1]
USBH_MSC_BOT_REQ_Reset  0x0804d135       0x24  Code  Gb  usbh_msc_bot.o [1]
USBH_MSC_ClassRequest   0x0804c9b5       0x8a  Code  Lc  usbh_msc.o [1]
USBH_MSC_DecodeCSW      0x0804d50d       0x62  Code  Lc  usbh_msc_bot.o [1]
USBH_MSC_GetLUNInfo     0x0804cf93       0x3c  Code  Gb  usbh_msc.o [1]
USBH_MSC_InterfaceDeInit
                        0x0804c957       0x5e  Code  Lc  usbh_msc.o [1]
USBH_MSC_InterfaceInit  0x0804c7c3      0x194  Code  Lc  usbh_msc.o [1]
USBH_MSC_Process        0x0804ca3f      0x392  Code  Lc  usbh_msc.o [1]
USBH_MSC_RdWrProcess    0x0804cdd7      0x18e  Code  Lc  usbh_msc.o [1]
USBH_MSC_Read           0x0804cfcf       0xb2  Code  Gb  usbh_msc.o [1]
USBH_MSC_SCSI_Inquiry   0x0804d713      0x12c  Code  Gb  usbh_msc_scsi.o [1]
USBH_MSC_SCSI_Read      0x0804d9b1       0xb2  Code  Gb  usbh_msc_scsi.o [1]
USBH_MSC_SCSI_ReadCapacity
                        0x0804d655       0xbe  Code  Gb  usbh_msc_scsi.o [1]
USBH_MSC_SCSI_RequestSense
                        0x0804d83f       0xc0  Code  Gb  usbh_msc_scsi.o [1]
USBH_MSC_SCSI_TestUnitReady
                        0x0804d5e3       0x72  Code  Gb  usbh_msc_scsi.o [1]
USBH_MSC_SCSI_Write     0x0804d8ff       0xb2  Code  Gb  usbh_msc_scsi.o [1]
USBH_MSC_SOFProcess     0x0804cdd1        0x6  Code  Lc  usbh_msc.o [1]
USBH_MSC_UnitIsReady    0x0804cf65       0x2e  Code  Gb  usbh_msc.o [1]
USBH_MSC_Write          0x0804d081       0xb2  Code  Gb  usbh_msc.o [1]
USBH_OpenPipe           0x0804ac43       0x40  Code  Gb  usbh_pipes.o [1]
USBH_ParseCfgDesc       0x0804af11       0xec  Code  Lc  usbh_ctlreq.o [1]
USBH_ParseDevDesc       0x0804aeb5       0x5c  Code  Lc  usbh_ctlreq.o [1]
USBH_ParseEPDesc        0x0804b023       0x20  Code  Lc  usbh_ctlreq.o [1]
USBH_ParseInterfaceDesc
                        0x0804affd       0x26  Code  Lc  usbh_ctlreq.o [1]
USBH_ParseStringDesc    0x0804b043       0x40  Code  Lc  usbh_ctlreq.o [1]
USBH_Path               0x20004728        0x4  Data  Gb  fatfs.o [1]
USBH_Process            0x0804a817      0x1e8  Code  Gb  usbh_core.o [1]
USBH_RegisterClass      0x0804a73b       0x3a  Code  Gb  usbh_core.o [1]
USBH_SelectInterface    0x0804a775       0x22  Code  Gb  usbh_core.o [1]
USBH_SetAddress         0x0804ae33       0x2c  Code  Gb  usbh_ctlreq.o [1]
USBH_SetCfg             0x0804ae5f       0x2a  Code  Gb  usbh_ctlreq.o [1]
USBH_Start              0x0804a801       0x16  Code  Gb  usbh_core.o [1]
USBH_UserProcess        0x080547dd       0x32  Code  Lc  usb_host.o [1]
USBH_initialize         0x08054f79        0x6  Code  Gb  usbh_diskio.o [1]
USBH_ioctl              0x0805509b       0x94  Code  Gb  usbh_diskio.o [1]
USBH_msc                0x20000498       0x20  Data  Gb  usbh_msc.o [1]
USBH_read               0x08054fa3       0x76  Code  Gb  usbh_diskio.o [1]
USBH_status             0x08054f7f       0x24  Code  Gb  usbh_diskio.o [1]
USBH_write              0x08055019       0x82  Code  Gb  usbh_diskio.o [1]
USB_CoreInit            0x08049ce1       0x6e  Code  Gb  stm32f7xx_ll_usb.o [1]
USB_CoreReset           0x08049e71       0x38  Code  Lc  stm32f7xx_ll_usb.o [1]
USB_DisableGlobalInt    0x08049d5d        0xe  Code  Gb  stm32f7xx_ll_usb.o [1]
USB_DoPing              0x0804a5ad       0x44  Code  Gb  stm32f7xx_ll_usb.o [1]
USB_DriveVbus           0x0804a015       0x4a  Code  Gb  stm32f7xx_ll_usb.o [1]
USB_EnableGlobalInt     0x08049d4f        0xe  Code  Gb  stm32f7xx_ll_usb.o [1]
USB_FlushRxFifo         0x08049dc5       0x20  Code  Gb  stm32f7xx_ll_usb.o [1]
USB_FlushTxFifo         0x08049da1       0x24  Code  Gb  stm32f7xx_ll_usb.o [1]
USB_GetCurrentFrame     0x0804a075        0xa  Code  Gb  stm32f7xx_ll_usb.o [1]
USB_GetHostSpeed        0x0804a05f       0x16  Code  Gb  stm32f7xx_ll_usb.o [1]
USB_GetMode             0x08049e69        0x8  Code  Gb  stm32f7xx_ll_usb.o [1]
USB_HC_Halt             0x0804a427      0x186  Code  Gb  stm32f7xx_ll_usb.o [1]
USB_HC_Init             0x0804a07f      0x1b0  Code  Gb  stm32f7xx_ll_usb.o [1]
USB_HC_ReadInterrupt    0x0804a41d        0xa  Code  Gb  stm32f7xx_ll_usb.o [1]
USB_HC_StartXfer        0x0804a22f      0x1d4  Code  Gb  stm32f7xx_ll_usb.o [1]
USB_HostInit            0x08049ea9       0xe0  Code  Gb  stm32f7xx_ll_usb.o [1]
USB_InitFSLSPClkSel     0x08049f91       0x4c  Code  Gb  stm32f7xx_ll_usb.o [1]
USB_ReadInterrupts      0x08049e5b        0xe  Code  Gb  stm32f7xx_ll_usb.o [1]
USB_ReadPacket          0x08049e2f       0x2c  Code  Gb  stm32f7xx_ll_usb.o [1]
USB_ResetPort           0x08049fdd       0x38  Code  Gb  stm32f7xx_ll_usb.o [1]
USB_SetCurrentMode      0x08049d6b       0x36  Code  Gb  stm32f7xx_ll_usb.o [1]
USB_StopHost            0x0804a5f1       0xb4  Code  Gb  stm32f7xx_ll_usb.o [1]
USB_WritePacket         0x08049de9       0x46  Code  Gb  stm32f7xx_ll_usb.o [1]
UpDownRate              0x0803fe4d       0x32  Code  Gb  userinterface.o [1]
UpdateScreen            0x200047be        0x1  Data  Gb  userinterface.o [1]
VideoCAMOnOff           0x08040cb9       0x88  Code  Gb  video.o [1]
ViewScreen              0x0803fcbd      0x12a  Code  Gb  userinterface.o [1]
WaitVBlank              0x08044369       0x54  Code  Gb  tw8819.o [1]
WriteStringToAddr       0x08045809       0x90  Code  Gb  OSDBasic.o [1]
WriteTW88               0x0804422b       0x28  Code  Gb  tw8819.o [1]
WriteTW88::buffer       0x2000479e        0x2  Data  Lc  tw8819.o [1]
WriteTW88Page           0x08044209       0x22  Code  Gb  tw8819.o [1]
WriteTW88Page::buffer   0x200004de        0x2  Data  Lc  tw8819.o [1]
ZonesTS_0               0x08055328       0xe8  Data  Gb  userinterface.o [1]
_GenldFull              0x0804bf29      0x26a  Code  Lc  xprintffull.o [3]
_HW_Fill_Display_From_Mem
                        0x08040a89       0xac  Code  Gb  video.o [1]
_LdtobFull              0x0804bb29      0x3fa  Code  Lc  xprintffull.o [3]
_LitobFull              0x0804ba1f      0x10a  Code  Lc  xprintffull.o [3]
_PrintfFull             0x0804b411      0x59a  Code  Gb  xprintffull.o [3]
_PutcharsFull           0x0804c193       0x2e  Code  Lc  xprintffull.o [3]
_SProut                 0x080426ff        0xa  Code  Gb  xsprout.o [3]
__aeabi_cdcmple         0x0804c3b9             Code  Gb  DblCmpLe.o [5]
__aeabi_cdrcmple        0x0804c3e9             Code  Gb  DblCmpGe.o [5]
__aeabi_d2f             0x080429ed             Code  Gb  DblToFlt.o [5]
__aeabi_d2iz            0x080427f1             Code  Gb  DblToI32.o [5]
__aeabi_d2uiz           0x0804281d             Code  Gb  DblToI32.o [5]
__aeabi_dadd            0x08042709             Code  Gb  DblAdd.o [5]
__aeabi_ddiv            0x0804c55d             Code  Gb  DblDiv.o [5]
__aeabi_dmul            0x08042849             Code  Gb  DblMul.o [5]
__aeabi_dsub            0x080454d1             Code  Gb  DblSub.o [5]
__aeabi_f2d             0x080426b1             Code  Gb  FltToDbl.o [5]
__aeabi_i2d             0x0804c52d             Code  Gb  I32ToDbl.o [5]
__aeabi_ldiv0           0x0804c7c1             Code  Gb  I64DivZer.o [6]
__aeabi_memset          0x0804d57d             Code  Gb  ABImemset.o [6]
__aeabi_ui2d            0x0804c541             Code  Gb  I32ToDbl.o [5]
__aeabi_uldivmod        0x0804c285             Code  Gb  I64DivMod.o [6]
__cmain                 0x08055705             Code  Gb  cmain.o [6]
__data_GetMemChunk      0x0804721d       0x2c  Code  Gb  xgetmemchunk.o [3]
__data_GetMemChunk::start
                        0x20004794        0x4  Data  Lc  xgetmemchunk.o [3]
__exit                  0x08047249       0x14  Code  Gb  exit.o [7]
__iar_Dnorm             0x0804c373       0x44  Code  Gb  xdnorm.o [5]
__iar_Dscale            0x0804c419      0x114  Code  Gb  xdscale.o [5]
__iar_Memchr            0x0804c22d             Code  Gb  memchr.o [6]
__iar_Memset            0x0804d57d             Code  Gb  ABImemset.o [6]
__iar_Memset_word       0x0804d585             Code  Gb  ABImemset.o [6]
__iar_Strchr            0x0804c1dd             Code  Gb  strchr.o [6]
__iar_d2uiz             0x08042829             Code  Gb  DblToI32.o [5]
__iar_dadd              0x0804271d             Code  Gb  DblAdd.o [5]
__iar_data_init3        0x08055699       0x28  Code  Gb  data_init.o [6]
__iar_dlfree            0x08046cf3      0x51a  Code  Gb  dlmalloc.o [3]
__iar_dlmalloc          0x08046a3d      0x2aa  Code  Gb  dlmalloc.o [3]
__iar_dsub              0x080454e5             Code  Gb  DblSub.o [5]
__iar_dsubStart         0x080454f7             Code  Gb  DblSub.o [5]
__iar_init_vfp          0x080556c1             Code  Gb  fpinit_M.o [5]
__iar_packbits_init_single3
                        0x08055611       0x38  Code  Gb  packbits_init_single.o [6]
__iar_program_start     0x080557a5             Code  Gb  cstartup_M.o [6]
__iar_ui2d              0x0804c545             Code  Gb  I32ToDbl.o [5]
__iar_unaligned___aeabi_memcpy
                        0x08045459             Code  Gb  ABImemcpy_unaligned.o [6]
__iar_unaligned___aeabi_memcpy4
                        0x08045479             Code  Gb  ABImemcpy_unaligned.o [6]
__iar_unaligned___aeabi_memcpy8
                        0x08045479             Code  Gb  ABImemcpy_unaligned.o [6]
__iar_zero_init3        0x080555d1       0x40  Code  Gb  zero_init3.o [6]
__low_level_init        0x0805571f        0x4  Code  Gb  low_level_init.o [3]
__vector_table          0x08000000             Data  Gb  startup_stm32f746xx.o [1]
_call_main              0x08055711             Code  Gb  cmain.o [6]
_exit                   0x08055729             Code  Gb  cexit.o [6]
_gm_                    0x20003bf8      0x1d8  Data  Lc  dlmalloc.o [3]
_main                   0x0805571b             Code  Gb  cmain.o [6]
abort                   0x08047215        0x6  Code  Gb  abort.o [3]
arm_cos_f32             0x080425a1       0x80  Code  Gb  arm_cos_f32.o [4]
arm_sin_f32             0x08042621       0x90  Code  Gb  arm_sin_f32.o [4]
bcd2bin                 0x080408f9       0x1c  Code  Gb  rtc.o [1]
check_fs                0x0803bf81       0x82  Code  Lc  ff.o [1]
chk_chr                 0x0803b20f       0x14  Code  Lc  ff.o [1]
chk_lock                0x0803b223       0x9a  Code  Lc  ff.o [1]
clear_lock              0x0803b43d       0x30  Code  Lc  ff.o [1]
clmt_clust              0x0803b9fb       0x3a  Code  Lc  ff.o [1]
clust2sect              0x0803b605       0x20  Code  Gb  ff.o [1]
create_chain            0x0803b8fd       0xfe  Code  Lc  ff.o [1]
create_name             0x0803bd75      0x12c  Code  Lc  ff.o [1]
dataIMG                 0x2000474c        0x4  Data  Lc  lcd.o [1]
dec_lock                0x0803b3dd       0x60  Code  Lc  ff.o [1]
dir_alloc               0x0803bc19       0x66  Code  Lc  ff.o [1]
dir_find                0x0803bcc1       0x68  Code  Lc  ff.o [1]
dir_next                0x0803baed      0x12c  Code  Lc  ff.o [1]
dir_register            0x0803bd29       0x46  Code  Lc  ff.o [1]
dir_sdi                 0x0803ba35       0xb8  Code  Lc  ff.o [1]
disk                    0x200046c0       0x14  Data  Gb  ff_gen_drv.o [1]
disk_initialize         0x0803ccbb       0x36  Code  Gb  diskio.o [1]
disk_ioctl              0x0803cd61       0x2c  Code  Gb  diskio.o [1]
disk_read               0x0803ccf1       0x38  Code  Gb  diskio.o [1]
disk_status             0x0803cc99       0x22  Code  Gb  diskio.o [1]
disk_write              0x0803cd29       0x38  Code  Gb  diskio.o [1]
div                     0x0804c7b3        0xe  Code  Gb  div.o [3]
dt                      0x200046f0        0x8  Data  Gb  userinterface.o [1]
emptyF                  0x0804405f        0x2  Code  Gb  core.o [1]
emptyM                  0x0804405d        0x2  Code  Gb  core.o [1]
emptyS                  0x0804405b        0x2  Code  Gb  core.o [1]
enq_lock                0x0803b2bd       0x28  Code  Lc  ff.o [1]
exit                    0x08055723        0x4  Code  Gb  exit.o [3]
f_close                 0x0803c97d       0x38  Code  Gb  ff.o [1]
f_lseek                 0x0803c9b5      0x2e4  Code  Gb  ff.o [1]
f_mount                 0x0803c487       0x6a  Code  Gb  ff.o [1]
f_open                  0x0803c511      0x1da  Code  Gb  ff.o [1]
f_read                  0x0803c6eb      0x200  Code  Gb  ff.o [1]
f_sync                  0x0803c8eb       0x92  Code  Gb  ff.o [1]
find_volume             0x0803c003      0x448  Code  Lc  ff.o [1]
follow_path             0x0803bea1       0x90  Code  Lc  ff.o [1]
gOSTtypeB_16ptBitmaps   0x0803946c     0x1d4c  Data  Gb  GOST_B_23_var.o [1]
gOSTtypeB_16ptDescriptors
                        0x0804fda8      0x700  Data  Gb  GOST_B_23_var.o [1]
get_fat                 0x0803b625       0xfc  Code  Gb  ff.o [1]
get_fattime             0x0803cdc5        0x4  Code  Gb  fatfs.o [1]
get_ldnumber            0x0803bf31       0x50  Code  Lc  ff.o [1]
hUsbHostFS              0x2000359c      0x3c8  Data  Gb  usb_host.o [1]
hadc1                   0x20004360       0x48  Data  Gb  adc.o [1]
hcan1                   0x200043a8       0x40  Data  Gb  can.o [1]
hcan2                   0x200043e8       0x40  Data  Gb  can.o [1]
hdac                    0x200046ac       0x14  Data  Gb  dac.o [1]
hdma2d                  0x20004428       0x40  Data  Gb  dma2d.o [1]
hdma_spi2_rx            0x200042b0       0x58  Data  Gb  spi.o [1]
hdma_spi2_tx            0x20004308       0x58  Data  Gb  spi.o [1]
hhcd_USB_OTG_FS         0x20003964      0x294  Data  Gb  usbh_conf.o [1]
hi2c2                   0x20004468       0x3c  Data  Gb  i2c.o [1]
hltdc                   0x20003dd0       0xa8  Data  Gb  ltdc.o [1]
hnand1                  0x200045d0       0x38  Data  Gb  fmc.o [1]
hsd1                    0x200041ac       0x60  Data  Gb  sdmmc.o [1]
hsdram1                 0x20004608       0x34  Data  Gb  fmc.o [1]
hspi2                   0x200040e8       0x64  Data  Gb  spi.o [1]
htim11                  0x2000451c       0x3c  Data  Gb  tim.o [1]
htim13                  0x20004558       0x3c  Data  Gb  tim.o [1]
htim14                  0x20004594       0x3c  Data  Gb  tim.o [1]
htim6                   0x200044a4       0x3c  Data  Gb  tim.o [1]
htim7                   0x200044e0       0x3c  Data  Gb  tim.o [1]
huart2                  0x20003f98       0x70  Data  Gb  usart.o [1]
huart3                  0x20004008       0x70  Data  Gb  usart.o [1]
huart6                  0x20004078       0x70  Data  Gb  usart.o [1]
inc_lock                0x0803b2e5       0xf8  Code  Lc  ff.o [1]
init_mparams            0x08045d3d       0x32  Code  Lc  dlmalloc.o [3]
init_top                0x08045d6f       0x34  Code  Lc  dlmalloc.o [3]
ld_clust                0x0803bc7f       0x2a  Code  Lc  ff.o [1]
main                    0x08054157       0xbc  Code  Gb  main.o [1]
mem_cmp                 0x0803b1eb       0x24  Code  Lc  ff.o [1]
mem_cpy                 0x0803b1b9       0x1c  Code  Lc  ff.o [1]
mem_set                 0x0803b1d5       0x16  Code  Lc  ff.o [1]
memchr                  0x0804c22d             Code  Gb  memchr.o [6]
move_window             0x0803b4d5       0x44  Code  Lc  ff.o [1]
mparams                 0x20004694       0x18  Data  Lc  dlmalloc.o [3]
mutexF                  0x200047a1        0x1  Data  Gb  core.o [1]
mutexM                  0x200047a2        0x1  Data  Gb  core.o [1]
my_array_in_SDRAM       0xc0000000  0x2000000  Data  Gb  memory.o [1]
pFastQueue              0x20000200      0x100  Data  Gb  core.o [1]
pFastQueueIni           0x080440cd       0x36  Code  Gb  core.o [1]
pFastQueueIni::i        0x200047ac        0x1  Data  Lc  core.o [1]
pMediumQueue            0x20000100      0x100  Data  Gb  core.o [1]
pMediumQueueIni         0x08044097       0x36  Code  Gb  core.o [1]
pMediumQueueIni::i      0x200047ab        0x1  Data  Lc  core.o [1]
pSlowQueue              0x20000000      0x100  Data  Gb  core.o [1]
pSlowQueueIni           0x08044061       0x36  Code  Gb  core.o [1]
pSlowQueueIni::i        0x200047aa        0x1  Data  Lc  core.o [1]
prepend_alloc           0x08045da3      0x372  Code  Lc  dlmalloc.o [3]
put_fat                 0x0803b721      0x158  Code  Gb  ff.o [1]
readedKeys              0x20004740        0x4  Data  Gb  keyboard.o [1]
remove_chain            0x0803b879       0x84  Code  Lc  ff.o [1]
retSD                   0x200047ae        0x1  Data  Gb  fatfs.o [1]
retUSBH                 0x200047af        0x1  Data  Gb  fatfs.o [1]
segment_holding         0x08045d21       0x1c  Code  Lc  dlmalloc.o [3]
sinTable_f32            0x0804edb0      0x804  Data  Gb  arm_common_tables.o [4]
solveTriangleZones      0x0803fb1d       0x9c  Code  Gb  userinterface.o [1]
sprintf                 0x08054f45       0x34  Code  Gb  sprintf.o [3]
st_clust                0x0803bca9       0x18  Code  Lc  ff.o [1]
strchr                  0x0804c1dd             Code  Gb  strchr.o [6]
strlen                  0x0804c1f5             Code  Gb  strlen.o [6]
strlenA                 0x080459d5       0x16  Code  Gb  OSDBasic.o [1]
sync_fs                 0x0803b519       0xec  Code  Lc  ff.o [1]
sync_window             0x0803b46d       0x68  Code  Lc  ff.o [1]
sys_alloc               0x08046115      0x388  Code  Lc  dlmalloc.o [3]
temp                    0x200047ba        0x1  Data  Gb  stmpe811.o [1]
tmalloc_large           0x080464a9      0x380  Code  Lc  dlmalloc.o [3]
tmalloc_small           0x08046829      0x206  Code  Lc  dlmalloc.o [3]
uwTick                  0x20004778        0x4  Data  Lc  stm32f7xx_hal.o [1]
validate                0x0803c44b       0x3c  Code  Lc  ff.o [1]


[1] = E:\PLC\IAR\PLC\EWARM\PLC\Obj
[2] = command line
[3] = dl7M_tln.a
[4] = iar_cortexM7ls_math.a
[5] = m7M_tls.a
[6] = rt7M_tl.a
[7] = shb_l.a

   90 894 bytes of readonly  code memory
  260 151 bytes of readonly  data memory
   18 366 bytes of readwrite data memory (+ 33 554 432 absolute)

Errors: none
Warnings: none
