###############################################################################
#
# IAR ELF Linker V7.50.2.10312/W32 for ARM                19/Feb/2016  09:02:38
# Copyright 2007-2015 IAR Systems AB.
#
#    Output file  =  C:\PLC\REPO\IAR\PLC\EWARM\PLC\Exe\PLC.out
#    Map file     =  C:\PLC\REPO\IAR\PLC\EWARM\PLC\List\PLC.map
#    Command line =  
#        C:\PLC\REPO\IAR\PLC\EWARM\PLC\Obj\bsp_driver_sd.o
#        C:\PLC\REPO\IAR\PLC\EWARM\PLC\Obj\diskio.o
#        C:\PLC\REPO\IAR\PLC\EWARM\PLC\Obj\fatfs.o
#        C:\PLC\REPO\IAR\PLC\EWARM\PLC\Obj\ff.o
#        C:\PLC\REPO\IAR\PLC\EWARM\PLC\Obj\ff_gen_drv.o
#        C:\PLC\REPO\IAR\PLC\EWARM\PLC\Obj\main.o
#        C:\PLC\REPO\IAR\PLC\EWARM\PLC\Obj\sd_diskio.o
#        C:\PLC\REPO\IAR\PLC\EWARM\PLC\Obj\startup_stm32f746xx.o
#        C:\PLC\REPO\IAR\PLC\EWARM\PLC\Obj\stm32f7xx_hal.o
#        C:\PLC\REPO\IAR\PLC\EWARM\PLC\Obj\stm32f7xx_hal_adc.o
#        C:\PLC\REPO\IAR\PLC\EWARM\PLC\Obj\stm32f7xx_hal_adc_ex.o
#        C:\PLC\REPO\IAR\PLC\EWARM\PLC\Obj\stm32f7xx_hal_can.o
#        C:\PLC\REPO\IAR\PLC\EWARM\PLC\Obj\stm32f7xx_hal_cortex.o
#        C:\PLC\REPO\IAR\PLC\EWARM\PLC\Obj\stm32f7xx_hal_dac.o
#        C:\PLC\REPO\IAR\PLC\EWARM\PLC\Obj\stm32f7xx_hal_dac_ex.o
#        C:\PLC\REPO\IAR\PLC\EWARM\PLC\Obj\stm32f7xx_hal_dma.o
#        C:\PLC\REPO\IAR\PLC\EWARM\PLC\Obj\stm32f7xx_hal_dma2d.o
#        C:\PLC\REPO\IAR\PLC\EWARM\PLC\Obj\stm32f7xx_hal_dma_ex.o
#        C:\PLC\REPO\IAR\PLC\EWARM\PLC\Obj\stm32f7xx_hal_flash.o
#        C:\PLC\REPO\IAR\PLC\EWARM\PLC\Obj\stm32f7xx_hal_flash_ex.o
#        C:\PLC\REPO\IAR\PLC\EWARM\PLC\Obj\stm32f7xx_hal_gpio.o
#        C:\PLC\REPO\IAR\PLC\EWARM\PLC\Obj\stm32f7xx_hal_hcd.o
#        C:\PLC\REPO\IAR\PLC\EWARM\PLC\Obj\stm32f7xx_hal_i2c.o
#        C:\PLC\REPO\IAR\PLC\EWARM\PLC\Obj\stm32f7xx_hal_i2c_ex.o
#        C:\PLC\REPO\IAR\PLC\EWARM\PLC\Obj\stm32f7xx_hal_ltdc.o
#        C:\PLC\REPO\IAR\PLC\EWARM\PLC\Obj\stm32f7xx_hal_msp.o
#        C:\PLC\REPO\IAR\PLC\EWARM\PLC\Obj\stm32f7xx_hal_nand.o
#        C:\PLC\REPO\IAR\PLC\EWARM\PLC\Obj\stm32f7xx_hal_pwr.o
#        C:\PLC\REPO\IAR\PLC\EWARM\PLC\Obj\stm32f7xx_hal_pwr_ex.o
#        C:\PLC\REPO\IAR\PLC\EWARM\PLC\Obj\stm32f7xx_hal_rcc.o
#        C:\PLC\REPO\IAR\PLC\EWARM\PLC\Obj\stm32f7xx_hal_rcc_ex.o
#        C:\PLC\REPO\IAR\PLC\EWARM\PLC\Obj\stm32f7xx_hal_rtc.o
#        C:\PLC\REPO\IAR\PLC\EWARM\PLC\Obj\stm32f7xx_hal_rtc_ex.o
#        C:\PLC\REPO\IAR\PLC\EWARM\PLC\Obj\stm32f7xx_hal_sd.o
#        C:\PLC\REPO\IAR\PLC\EWARM\PLC\Obj\stm32f7xx_hal_sdram.o
#        C:\PLC\REPO\IAR\PLC\EWARM\PLC\Obj\stm32f7xx_hal_spi.o
#        C:\PLC\REPO\IAR\PLC\EWARM\PLC\Obj\stm32f7xx_hal_tim.o
#        C:\PLC\REPO\IAR\PLC\EWARM\PLC\Obj\stm32f7xx_hal_tim_ex.o
#        C:\PLC\REPO\IAR\PLC\EWARM\PLC\Obj\stm32f7xx_hal_uart.o
#        C:\PLC\REPO\IAR\PLC\EWARM\PLC\Obj\stm32f7xx_it.o
#        C:\PLC\REPO\IAR\PLC\EWARM\PLC\Obj\stm32f7xx_ll_fmc.o
#        C:\PLC\REPO\IAR\PLC\EWARM\PLC\Obj\stm32f7xx_ll_sdmmc.o
#        C:\PLC\REPO\IAR\PLC\EWARM\PLC\Obj\stm32f7xx_ll_usb.o
#        C:\PLC\REPO\IAR\PLC\EWARM\PLC\Obj\syscall.o
#        C:\PLC\REPO\IAR\PLC\EWARM\PLC\Obj\system_stm32f7xx.o
#        C:\PLC\REPO\IAR\PLC\EWARM\PLC\Obj\usb_host.o
#        C:\PLC\REPO\IAR\PLC\EWARM\PLC\Obj\usbh_conf.o
#        C:\PLC\REPO\IAR\PLC\EWARM\PLC\Obj\usbh_core.o
#        C:\PLC\REPO\IAR\PLC\EWARM\PLC\Obj\usbh_ctlreq.o
#        C:\PLC\REPO\IAR\PLC\EWARM\PLC\Obj\usbh_diskio.o
#        C:\PLC\REPO\IAR\PLC\EWARM\PLC\Obj\usbh_ioreq.o
#        C:\PLC\REPO\IAR\PLC\EWARM\PLC\Obj\usbh_msc.o
#        C:\PLC\REPO\IAR\PLC\EWARM\PLC\Obj\usbh_msc_bot.o
#        C:\PLC\REPO\IAR\PLC\EWARM\PLC\Obj\usbh_msc_scsi.o
#        C:\PLC\REPO\IAR\PLC\EWARM\PLC\Obj\usbh_pipes.o --redirect
#        _Printf=_PrintfFull --redirect _Scanf=_ScanfFull -o
#        C:\PLC\REPO\IAR\PLC\EWARM\PLC\Exe\PLC.out --map
#        C:\PLC\REPO\IAR\PLC\EWARM\PLC\List\PLC.map --config
#        C:\PLC\REPO\IAR\PLC\EWARM/stm32f746xx_flash.icf --semihosting --entry
#        __iar_program_start --vfe
#
###############################################################################

*******************************************************************************
*** RUNTIME MODEL ATTRIBUTES
***

CppFlavor       = *
__Heap_Handler  = DLMalloc
__SystemLibrary = DLib


*******************************************************************************
*** PLACEMENT SUMMARY
***

"A1":  place at 0x08000000 { ro section .intvec };
"P1":  place in [from 0x08000000 to 0x080fffff] { ro };
"P2":  place in [from 0x20000000 to 0x2004ffff] { rw, block CSTACK, block HEAP };

  Section            Kind        Address    Size  Object
  -------            ----        -------    ----  ------
"A1":                                      0x1c8
  .intvec            ro code  0x08000000   0x1c8  startup_stm32f746xx.o [1]
                            - 0x080001c8   0x1c8

"P1":                                     0xc18c
  .text              ro code  0x080001c8  0x14f0  dlmalloc.o [3]
  .text              ro code  0x080016b8     0x6  abort.o [3]
  .text              ro code  0x080016c0    0x2c  xgetmemchunk.o [3]
  .text              ro code  0x080016ec    0x14  exit.o [6]
  .text              ro code  0x08001700  0x1440  stm32f7xx_hal_sd.o [1]
  .text              ro code  0x08002b40   0x7b8  stm32f7xx_hal_msp.o [1]
  .text              ro code  0x080032f8    0x76  ABImemcpy_unaligned.o [5]
  .text              ro code  0x08003370    0xce  stm32f7xx_ll_sdmmc.o [1]
  .text              ro code  0x08003440    0x7c  stm32f7xx_hal.o [1]
  .text              ro code  0x080034bc   0x166  stm32f7xx_hal_cortex.o [1]
  .text              ro code  0x08003624   0x276  stm32f7xx_hal_gpio.o [1]
  .text              ro code  0x0800389c   0x8a8  stm32f7xx_hal_rcc.o [1]
  .text              ro code  0x08004144  0x10fa  stm32f7xx_hal_hcd.o [1]
  .text              ro code  0x08005240   0x2d8  usbh_conf.o [1]
  .text              ro code  0x08005518   0x9c4  stm32f7xx_ll_usb.o [1]
  .text              ro code  0x08005edc   0x57c  usbh_core.o [1]
  .text              ro code  0x08006458    0xd4  usbh_pipes.o [1]
  .text              ro code  0x0800652c   0x5d4  usbh_ctlreq.o [1]
  .text              ro code  0x08006b00   0x10e  usbh_ioreq.o [1]
  .text              ro code  0x08006c10   0xdb0  main.o [1]
  .text              ro code  0x080079c0    0x34  fatfs.o [1]
  .text              ro code  0x080079f4    0x68  usb_host.o [1]
  .text              ro code  0x08007a5c    0x88  stm32f7xx_hal_pwr_ex.o [1]
  .text              ro code  0x08007ae4   0x7f4  stm32f7xx_hal_rcc_ex.o [1]
  .text              ro code  0x080082d8   0x384  stm32f7xx_hal_adc.o [1]
  .text              ro code  0x0800865c   0x5fa  stm32f7xx_hal_can.o [1]
  .text              ro code  0x08008c58    0x82  stm32f7xx_hal_dac.o [1]
  .text              ro code  0x08008cdc   0x18c  stm32f7xx_hal_dma2d.o [1]
  .text              ro code  0x08008e68   0x6c8  stm32f7xx_hal_i2c.o [1]
  .text              ro code  0x08009530    0x84  stm32f7xx_hal_i2c_ex.o [1]
  .text              ro code  0x080095b4   0x40c  stm32f7xx_hal_ltdc.o [1]
  .text              ro code  0x080099c0    0xd8  stm32f7xx_hal_spi.o [1]
  .text              ro code  0x08009a98   0x2e4  stm32f7xx_hal_tim.o [1]
  .text              ro code  0x08009d7c    0x6c  stm32f7xx_hal_tim_ex.o [1]
  .text              ro code  0x08009de8   0x88a  stm32f7xx_hal_uart.o [1]
  .text              ro code  0x0800a672    0x56  stm32f7xx_hal_nand.o [1]
  .text              ro code  0x0800a6c8    0x44  stm32f7xx_hal_sdram.o [1]
  .text              ro code  0x0800a70c    0x70  ff_gen_drv.o [1]
  .text              ro code  0x0800a77c   0x1ae  stm32f7xx_ll_fmc.o [1]
  .text              ro code  0x0800a92a   0x94a  usbh_msc.o [1]
  .text              ro code  0x0800b274   0x448  usbh_msc_bot.o [1]
  .text              ro code  0x0800b6bc    0x66  ABImemset.o [5]
  .text              ro code  0x0800b722   0x480  usbh_msc_scsi.o [1]
  .text              ro code  0x0800bba4   0x1bc  usbh_diskio.o [1]
  .text              ro code  0x0800bd60   0x124  sd_diskio.o [1]
  .text              ro code  0x0800be84    0xd0  bsp_driver_sd.o [1]
  .text              ro code  0x0800bf54    0x90  stm32f7xx_it.o [1]
  .text              ro code  0x0800bfe4    0x6c  system_stm32f7xx.o [1]
  .text              ro code  0x0800c050    0x40  zero_init3.o [5]
  .text              ro code  0x0800c090    0x2c  copy_init3.o [5]
  .text              ro code  0x0800c0bc    0x28  data_init.o [5]
  Initializer bytes  const    0x0800c0e4    0x28  <for P2-1>
  .text              ro code  0x0800c10c    0x22  fpinit_M.o [4]
  .iar.init_table    const    0x0800c130    0x24  - Linker created -
  .text              ro code  0x0800c154    0x1a  cmain.o [5]
  .text              ro code  0x0800c16e     0x4  low_level_init.o [3]
  .text              ro code  0x0800c172     0x4  exit.o [3]
  .text              ro code  0x0800c178     0xa  cexit.o [5]
  .rodata            const    0x0800c184    0x14  sd_diskio.o [1]
  .rodata            const    0x0800c198    0x14  usbh_diskio.o [1]
  .rodata            const    0x0800c1ac    0x10  stm32f7xx_hal_rcc.o [1]
  .text              ro code  0x0800c1bc    0x10  startup_stm32f746xx.o [1]
  .text              ro code  0x0800c1cc     0xc  cstartup_M.o [5]
  .rodata            const    0x0800c1d8     0x4  usbh_msc.o [1]
  .text              ro code  0x0800c1dc     0x4  startup_stm32f746xx.o [1]
  .text              ro code  0x0800c1e0     0x4  startup_stm32f746xx.o [1]
  .text              ro code  0x0800c1e4     0x4  startup_stm32f746xx.o [1]
  .text              ro code  0x0800c1e8     0x4  startup_stm32f746xx.o [1]
  .text              ro code  0x0800c1ec     0x4  startup_stm32f746xx.o [1]
  .text              ro code  0x0800c1f0     0x4  startup_stm32f746xx.o [1]
  .text              ro code  0x0800c1f4     0x4  startup_stm32f746xx.o [1]
  .text              ro code  0x0800c1f8     0x4  startup_stm32f746xx.o [1]
  .text              ro code  0x0800c1fc     0x4  startup_stm32f746xx.o [1]
  .text              ro code  0x0800c200     0x4  startup_stm32f746xx.o [1]
  .text              ro code  0x0800c204     0x4  startup_stm32f746xx.o [1]
  .text              ro code  0x0800c208     0x4  startup_stm32f746xx.o [1]
  .text              ro code  0x0800c20c     0x4  startup_stm32f746xx.o [1]
  .text              ro code  0x0800c210     0x4  startup_stm32f746xx.o [1]
  .text              ro code  0x0800c214     0x4  startup_stm32f746xx.o [1]
  .text              ro code  0x0800c218     0x4  startup_stm32f746xx.o [1]
  .text              ro code  0x0800c21c     0x4  startup_stm32f746xx.o [1]
  .text              ro code  0x0800c220     0x4  startup_stm32f746xx.o [1]
  .text              ro code  0x0800c224     0x4  startup_stm32f746xx.o [1]
  .text              ro code  0x0800c228     0x4  startup_stm32f746xx.o [1]
  .text              ro code  0x0800c22c     0x4  startup_stm32f746xx.o [1]
  .text              ro code  0x0800c230     0x4  startup_stm32f746xx.o [1]
  .text              ro code  0x0800c234     0x4  startup_stm32f746xx.o [1]
  .text              ro code  0x0800c238     0x4  startup_stm32f746xx.o [1]
  .text              ro code  0x0800c23c     0x4  startup_stm32f746xx.o [1]
  .text              ro code  0x0800c240     0x4  startup_stm32f746xx.o [1]
  .text              ro code  0x0800c244     0x4  startup_stm32f746xx.o [1]
  .text              ro code  0x0800c248     0x4  startup_stm32f746xx.o [1]
  .text              ro code  0x0800c24c     0x4  startup_stm32f746xx.o [1]
  .text              ro code  0x0800c250     0x4  startup_stm32f746xx.o [1]
  .text              ro code  0x0800c254     0x4  startup_stm32f746xx.o [1]
  .text              ro code  0x0800c258     0x4  startup_stm32f746xx.o [1]
  .text              ro code  0x0800c25c     0x4  startup_stm32f746xx.o [1]
  .text              ro code  0x0800c260     0x4  startup_stm32f746xx.o [1]
  .text              ro code  0x0800c264     0x4  startup_stm32f746xx.o [1]
  .text              ro code  0x0800c268     0x4  startup_stm32f746xx.o [1]
  .text              ro code  0x0800c26c     0x4  startup_stm32f746xx.o [1]
  .text              ro code  0x0800c270     0x4  startup_stm32f746xx.o [1]
  .text              ro code  0x0800c274     0x4  startup_stm32f746xx.o [1]
  .text              ro code  0x0800c278     0x4  startup_stm32f746xx.o [1]
  .text              ro code  0x0800c27c     0x4  startup_stm32f746xx.o [1]
  .text              ro code  0x0800c280     0x4  startup_stm32f746xx.o [1]
  .text              ro code  0x0800c284     0x4  startup_stm32f746xx.o [1]
  .text              ro code  0x0800c288     0x4  startup_stm32f746xx.o [1]
  .text              ro code  0x0800c28c     0x4  startup_stm32f746xx.o [1]
  .text              ro code  0x0800c290     0x4  startup_stm32f746xx.o [1]
  .text              ro code  0x0800c294     0x4  startup_stm32f746xx.o [1]
  .text              ro code  0x0800c298     0x4  startup_stm32f746xx.o [1]
  .text              ro code  0x0800c29c     0x4  startup_stm32f746xx.o [1]
  .text              ro code  0x0800c2a0     0x4  startup_stm32f746xx.o [1]
  .text              ro code  0x0800c2a4     0x4  startup_stm32f746xx.o [1]
  .text              ro code  0x0800c2a8     0x4  startup_stm32f746xx.o [1]
  .text              ro code  0x0800c2ac     0x4  startup_stm32f746xx.o [1]
  .text              ro code  0x0800c2b0     0x4  startup_stm32f746xx.o [1]
  .text              ro code  0x0800c2b4     0x4  startup_stm32f746xx.o [1]
  .text              ro code  0x0800c2b8     0x4  startup_stm32f746xx.o [1]
  .text              ro code  0x0800c2bc     0x4  startup_stm32f746xx.o [1]
  .text              ro code  0x0800c2c0     0x4  startup_stm32f746xx.o [1]
  .text              ro code  0x0800c2c4     0x4  startup_stm32f746xx.o [1]
  .text              ro code  0x0800c2c8     0x4  startup_stm32f746xx.o [1]
  .text              ro code  0x0800c2cc     0x4  startup_stm32f746xx.o [1]
  .text              ro code  0x0800c2d0     0x4  startup_stm32f746xx.o [1]
  .text              ro code  0x0800c2d4     0x4  startup_stm32f746xx.o [1]
  .text              ro code  0x0800c2d8     0x4  startup_stm32f746xx.o [1]
  .text              ro code  0x0800c2dc     0x4  startup_stm32f746xx.o [1]
  .text              ro code  0x0800c2e0     0x4  startup_stm32f746xx.o [1]
  .text              ro code  0x0800c2e4     0x4  startup_stm32f746xx.o [1]
  .text              ro code  0x0800c2e8     0x4  startup_stm32f746xx.o [1]
  .text              ro code  0x0800c2ec     0x4  startup_stm32f746xx.o [1]
  .text              ro code  0x0800c2f0     0x4  startup_stm32f746xx.o [1]
  .text              ro code  0x0800c2f4     0x4  startup_stm32f746xx.o [1]
  .text              ro code  0x0800c2f8     0x4  startup_stm32f746xx.o [1]
  .text              ro code  0x0800c2fc     0x4  startup_stm32f746xx.o [1]
  .text              ro code  0x0800c300     0x4  startup_stm32f746xx.o [1]
  .text              ro code  0x0800c304     0x4  startup_stm32f746xx.o [1]
  .text              ro code  0x0800c308     0x4  startup_stm32f746xx.o [1]
  .text              ro code  0x0800c30c     0x4  startup_stm32f746xx.o [1]
  .text              ro code  0x0800c310     0x4  startup_stm32f746xx.o [1]
  .text              ro code  0x0800c314     0x4  startup_stm32f746xx.o [1]
  .text              ro code  0x0800c318     0x4  startup_stm32f746xx.o [1]
  .text              ro code  0x0800c31c     0x4  startup_stm32f746xx.o [1]
  .text              ro code  0x0800c320     0x4  startup_stm32f746xx.o [1]
  .text              ro code  0x0800c324     0x4  startup_stm32f746xx.o [1]
  .text              ro code  0x0800c328     0x4  startup_stm32f746xx.o [1]
  .text              ro code  0x0800c32c     0x4  startup_stm32f746xx.o [1]
  .text              ro code  0x0800c330     0x4  startup_stm32f746xx.o [1]
  .text              ro code  0x0800c334     0x4  startup_stm32f746xx.o [1]
  .text              ro code  0x0800c338     0x4  startup_stm32f746xx.o [1]
  .text              ro code  0x0800c33c     0x4  startup_stm32f746xx.o [1]
  .text              ro code  0x0800c340     0x4  startup_stm32f746xx.o [1]
  .text              ro code  0x0800c344     0x4  startup_stm32f746xx.o [1]
  .text              ro code  0x0800c348     0x4  startup_stm32f746xx.o [1]
  .text              ro code  0x0800c34c     0x4  startup_stm32f746xx.o [1]
  .text              ro code  0x0800c350     0x4  startup_stm32f746xx.o [1]
  .rodata            const    0x0800c354     0x0  zero_init3.o [5]
  .rodata            const    0x0800c354     0x0  copy_init3.o [5]
                            - 0x0800c354  0xc18c

"P2", part 1 of 3:                          0x28
  P2-1                        0x20000000    0x25  <Init block>
    .data            inited   0x20000000     0x4  system_stm32f7xx.o [1]
    .data            inited   0x20000004    0x20  usbh_msc.o [1]
    .data            inited   0x20000024     0x1  sd_diskio.o [1]
                            - 0x20000025    0x25

"P2", part 2 of 3:                         0x600
  CSTACK                      0x20000028   0x200  <Block>
    CSTACK           uninit   0x20000028   0x200  <Block tail>
  HEAP                        0x20000228   0x400  <Block>
    HEAP             uninit   0x20000228   0x400  <Block tail>
                            - 0x20000628   0x600

"P2", part 3 of 3:                         0xe7c
  .bss               zero     0x20000628   0x3c8  usb_host.o [1]
  .bss               zero     0x200009f0   0x294  usbh_conf.o [1]
  .bss               zero     0x20000c84   0x1d8  dlmalloc.o [3]
  .bss               zero     0x20000e5c    0xa8  main.o [1]
  .bss               zero     0x20000f04    0x70  main.o [1]
  .bss               zero     0x20000f74    0x70  main.o [1]
  .bss               zero     0x20000fe4    0x70  main.o [1]
  .bss               zero     0x20001054    0x64  main.o [1]
  .bss               zero     0x200010b8    0x60  main.o [1]
  .bss               zero     0x20001118    0x58  main.o [1]
  .bss               zero     0x20001170    0x48  main.o [1]
  .bss               zero     0x200011b8    0x40  main.o [1]
  .bss               zero     0x200011f8    0x40  main.o [1]
  .bss               zero     0x20001238    0x40  main.o [1]
  .bss               zero     0x20001278    0x3c  main.o [1]
  .bss               zero     0x200012b4    0x3c  main.o [1]
  .bss               zero     0x200012f0    0x3c  main.o [1]
  .bss               zero     0x2000132c    0x3c  main.o [1]
  .bss               zero     0x20001368    0x3c  main.o [1]
  .bss               zero     0x200013a4    0x3c  main.o [1]
  .bss               zero     0x200013e0    0x38  main.o [1]
  .bss               zero     0x20001418    0x34  main.o [1]
  .bss               zero     0x2000144c    0x18  dlmalloc.o [3]
  .bss               zero     0x20001464    0x14  main.o [1]
  .bss               zero     0x20001478    0x10  ff_gen_drv.o [1]
  .bss               zero     0x20001488     0x4  fatfs.o [1]
  .bss               zero     0x2000148c     0x4  fatfs.o [1]
  .bss               zero     0x20001490     0x4  stm32f7xx_hal.o [1]
  .bss               zero     0x20001494     0x4  stm32f7xx_hal_msp.o [1]
  .bss               zero     0x20001498     0x4  stm32f7xx_hal_msp.o [1]
  .bss               zero     0x2000149c     0x4  xgetmemchunk.o [3]
  .bss               zero     0x200014a0     0x1  fatfs.o [1]
  .bss               zero     0x200014a1     0x1  fatfs.o [1]
  .bss               zero     0x200014a2     0x1  usb_host.o [1]
                            - 0x200014a3   0xe7b


*******************************************************************************
*** INIT TABLE
***

          Address     Size
          -------     ----
Zero (__iar_zero_init3)
    1 destination range, total size 0xe7b:
          0x20000628  0xe7b

Copy (__iar_copy_init3)
    1 source range, total size 0x28 (108% of destination):
          0x0800c0e4   0x28
    1 destination range, total size 0x25:
          0x20000000   0x25



*******************************************************************************
*** MODULE SUMMARY
***

    Module                  ro code  ro data  rw data
    ------                  -------  -------  -------
C:\PLC\REPO\IAR\PLC\EWARM\PLC\Obj: [1]
    bsp_driver_sd.o             208
    fatfs.o                      52                10
    ff_gen_drv.o                112                16
    main.o                    3 504             1 540
    sd_diskio.o                 292       21        1
    startup_stm32f746xx.o       848
    stm32f7xx_hal.o             124                 4
    stm32f7xx_hal_adc.o         900
    stm32f7xx_hal_can.o       1 530
    stm32f7xx_hal_cortex.o      358
    stm32f7xx_hal_dac.o         130
    stm32f7xx_hal_dma2d.o       396
    stm32f7xx_hal_gpio.o        630
    stm32f7xx_hal_hcd.o       4 346
    stm32f7xx_hal_i2c.o       1 736
    stm32f7xx_hal_i2c_ex.o      132
    stm32f7xx_hal_ltdc.o      1 036
    stm32f7xx_hal_msp.o       1 976                 8
    stm32f7xx_hal_nand.o         86
    stm32f7xx_hal_pwr_ex.o      136
    stm32f7xx_hal_rcc.o       2 216       16
    stm32f7xx_hal_rcc_ex.o    2 036
    stm32f7xx_hal_sd.o        5 184
    stm32f7xx_hal_sdram.o        68
    stm32f7xx_hal_spi.o         216
    stm32f7xx_hal_tim.o         740
    stm32f7xx_hal_tim_ex.o      108
    stm32f7xx_hal_uart.o      2 186
    stm32f7xx_it.o              144
    stm32f7xx_ll_fmc.o          430
    stm32f7xx_ll_sdmmc.o        206
    stm32f7xx_ll_usb.o        2 500
    system_stm32f7xx.o          108        4        4
    usb_host.o                  104               969
    usbh_conf.o                 728               660
    usbh_core.o               1 404
    usbh_ctlreq.o             1 492
    usbh_diskio.o               444       20
    usbh_ioreq.o                270
    usbh_msc.o                2 378       36       32
    usbh_msc_bot.o            1 096
    usbh_msc_scsi.o           1 152
    usbh_pipes.o                212
    -------------------------------------------------
    Total:                   43 954       97    3 244

command line: [2]
    -------------------------------------------------
    Total:

dl7M_tln.a: [3]
    abort.o                       6
    dlmalloc.o                5 360               496
    exit.o                        4
    low_level_init.o              4
    xgetmemchunk.o               44                 4
    -------------------------------------------------
    Total:                    5 418               500

m7M_tls.a: [4]
    fpinit_M.o                   34
    -------------------------------------------------
    Total:                       34

rt7M_tl.a: [5]
    ABImemcpy_unaligned.o       118
    ABImemset.o                 102
    cexit.o                      10
    cmain.o                      26
    copy_init3.o                 44
    cstartup_M.o                 12
    data_init.o                  40
    zero_init3.o                 64
    -------------------------------------------------
    Total:                      416

shb_l.a: [6]
    exit.o                       20
    -------------------------------------------------
    Total:                       20

    Gaps                         22        4
    Linker created                        39    1 536
-----------------------------------------------------
    Grand Total:             49 864      140    5 280


*******************************************************************************
*** ENTRY LIST
***

Entry                      Address   Size  Type      Object
-----                      -------   ----  ----      ------
.iar.init_table$$Base   0x0800c130          --   Gb  - Linker created -
.iar.init_table$$Limit  0x0800c154          --   Gb  - Linker created -
?main                   0x0800c155         Code  Gb  cmain.o [5]
ADC_Init                0x080084df  0x166  Code  Lc  stm32f7xx_hal_adc.o [1]
APBAHBPrescTable        0x0800c1ac   0x10  Data  Gb  stm32f7xx_hal_rcc.o [1]
Appli_state             0x200014a2    0x1  Data  Gb  usb_host.o [1]
BSP_SD_GetCardInfo      0x0800bf2d    0xe  Code  Gb  bsp_driver_sd.o [1]
BSP_SD_GetStatus        0x0800bf23    0xa  Code  Gb  bsp_driver_sd.o [1]
BSP_SD_Init             0x0800be85   0x3e  Code  Gb  bsp_driver_sd.o [1]
BSP_SD_IsDetected       0x0800bf45   0x10  Code  Gb  bsp_driver_sd.o [1]
BSP_SD_ReadBlocks       0x0800bec3   0x30  Code  Gb  bsp_driver_sd.o [1]
BSP_SD_WriteBlocks      0x0800bef3   0x30  Code  Gb  bsp_driver_sd.o [1]
CAN1_CLK_ENABLED        0x20001494    0x4  Data  Lc  stm32f7xx_hal_msp.o [1]
CAN1_RX0_IRQHandler     0x0800bf77    0xa  Code  Gb  stm32f7xx_it.o [1]
CAN1_RX1_IRQHandler     0x0800bf81    0xa  Code  Gb  stm32f7xx_it.o [1]
CAN1_TX_IRQHandler      0x0800bf6d    0xa  Code  Gb  stm32f7xx_it.o [1]
CAN_Receive_IT          0x08008ab7  0x1a0  Code  Lc  stm32f7xx_hal_can.o [1]
CAN_Transmit_IT         0x08008a43   0x74  Code  Lc  stm32f7xx_hal_can.o [1]
CSTACK$$Base            0x20000028          --   Gb  - Linker created -
CSTACK$$Limit           0x20000228          --   Gb  - Linker created -
DeInitStateMachine      0x08005f17   0x5a  Code  Lc  usbh_core.o [1]
EXTI0_IRQHandler        0x0800bf63    0xa  Code  Gb  stm32f7xx_it.o [1]
FATFS_LinkDriver        0x0800a765   0x12  Code  Gb  ff_gen_drv.o [1]
FATFS_LinkDriverEx      0x0800a70d   0x58  Code  Gb  ff_gen_drv.o [1]
FMC_Initialized         0x20001498    0x4  Data  Lc  stm32f7xx_hal_msp.o [1]
FMC_NAND_AttributeSpace_Timing_Init
                        0x0800a7e5   0x2c  Code  Gb  stm32f7xx_ll_fmc.o [1]
FMC_NAND_CommonSpace_Timing_Init
                        0x0800a7b9   0x2c  Code  Gb  stm32f7xx_ll_fmc.o [1]
FMC_NAND_Init           0x0800a77d   0x36  Code  Gb  stm32f7xx_ll_fmc.o [1]
FMC_SDRAM_Init          0x0800a811   0x7c  Code  Gb  stm32f7xx_ll_fmc.o [1]
FMC_SDRAM_Timing_Init   0x0800a88d   0x9e  Code  Gb  stm32f7xx_ll_fmc.o [1]
HAL_ADC_ConfigChannel   0x0800833f  0x1a0  Code  Gb  stm32f7xx_hal_adc.o [1]
HAL_ADC_Init            0x080082d9   0x66  Code  Gb  stm32f7xx_hal_adc.o [1]
HAL_ADC_MspInit         0x08002b63   0x4c  Code  Gb  stm32f7xx_hal_msp.o [1]
HAL_CAN_ErrorCallback   0x08008a41    0x2  Code  Wk  stm32f7xx_hal_can.o [1]
HAL_CAN_IRQHandler      0x0800880f  0x220  Code  Gb  stm32f7xx_hal_can.o [1]
HAL_CAN_Init            0x0800865d  0x1b2  Code  Gb  stm32f7xx_hal_can.o [1]
HAL_CAN_MspInit         0x08002baf  0x124  Code  Gb  stm32f7xx_hal_msp.o [1]
HAL_CAN_RxCpltCallback  0x08008a3f    0x2  Code  Wk  stm32f7xx_hal_can.o [1]
HAL_CAN_TxCpltCallback  0x08008a3d    0x2  Code  Wk  stm32f7xx_hal_can.o [1]
HAL_DAC_ConfigChannel   0x08008c85   0x56  Code  Gb  stm32f7xx_hal_dac.o [1]
HAL_DAC_Init            0x08008c59   0x2c  Code  Gb  stm32f7xx_hal_dac.o [1]
HAL_DAC_MspInit         0x08002cd3   0x4c  Code  Gb  stm32f7xx_hal_msp.o [1]
HAL_DMA2D_ConfigLayer   0x08008d49  0x11a  Code  Gb  stm32f7xx_hal_dma2d.o [1]
HAL_DMA2D_Init          0x08008cdd   0x6c  Code  Gb  stm32f7xx_hal_dma2d.o [1]
HAL_DMA2D_MspInit       0x08002d1f   0x32  Code  Gb  stm32f7xx_hal_msp.o [1]
HAL_Delay               0x08003499   0x1a  Code  Wk  stm32f7xx_hal.o [1]
HAL_FMC_MspInit         0x0800319d   0xc6  Code  Lc  stm32f7xx_hal_msp.o [1]
HAL_GPIO_EXTI_Callback  0x08003899    0x2  Code  Wk  stm32f7xx_hal_gpio.o [1]
HAL_GPIO_EXTI_IRQHandler
                        0x08003835   0x1e  Code  Gb  stm32f7xx_hal_gpio.o [1]
HAL_GPIO_Init           0x08003625  0x1fc  Code  Gb  stm32f7xx_hal_gpio.o [1]
HAL_GPIO_WritePin       0x08003821   0x14  Code  Gb  stm32f7xx_hal_gpio.o [1]
HAL_GetTick             0x08003493    0x6  Code  Wk  stm32f7xx_hal.o [1]
HAL_HCD_Connect_Callback
                        0x080052c7    0xe  Code  Gb  usbh_conf.o [1]
HAL_HCD_Disconnect_Callback
                        0x080052d5    0xe  Code  Gb  usbh_conf.o [1]
HAL_HCD_GetCurrentFrame
                        0x080046d1    0xc  Code  Gb  stm32f7xx_hal_hcd.o [1]
HAL_HCD_GetCurrentSpeed
                        0x080046dd    0xc  Code  Gb  stm32f7xx_hal_hcd.o [1]
HAL_HCD_HC_GetURBState  0x080046b7    0xe  Code  Gb  stm32f7xx_hal_hcd.o [1]
HAL_HCD_HC_GetXferCount
                        0x080046c5    0xc  Code  Gb  stm32f7xx_hal_hcd.o [1]
HAL_HCD_HC_Halt         0x08004267   0x30  Code  Gb  stm32f7xx_hal_hcd.o [1]
HAL_HCD_HC_Init         0x080041a1   0xc6  Code  Gb  stm32f7xx_hal_hcd.o [1]
HAL_HCD_HC_NotifyURBChange_Callback
                        0x080052e3    0x2  Code  Gb  usbh_conf.o [1]
HAL_HCD_HC_SubmitRequest
                        0x08004297  0x284  Code  Gb  stm32f7xx_hal_hcd.o [1]
HAL_HCD_IRQHandler      0x0800451b  0x13c  Code  Gb  stm32f7xx_hal_hcd.o [1]
HAL_HCD_Init            0x08004145   0x5c  Code  Gb  stm32f7xx_hal_hcd.o [1]
HAL_HCD_MspInit         0x08005241   0x78  Code  Gb  usbh_conf.o [1]
HAL_HCD_ResetPort       0x080046ab    0xc  Code  Gb  stm32f7xx_hal_hcd.o [1]
HAL_HCD_SOF_Callback    0x080052b9    0xe  Code  Gb  usbh_conf.o [1]
HAL_HCD_Start           0x08004657   0x2e  Code  Gb  stm32f7xx_hal_hcd.o [1]
HAL_HCD_Stop            0x08004685   0x26  Code  Gb  stm32f7xx_hal_hcd.o [1]
HAL_I2CEx_ConfigAnalogFilter
                        0x08009531   0x84  Code  Gb  stm32f7xx_hal_i2c_ex.o [1]
HAL_I2C_EV_IRQHandler   0x08008f25  0x12e  Code  Gb  stm32f7xx_hal_i2c.o [1]
HAL_I2C_ErrorCallback   0x0800905f    0x2  Code  Wk  stm32f7xx_hal_i2c.o [1]
HAL_I2C_Init            0x08008e69   0xbc  Code  Gb  stm32f7xx_hal_i2c.o [1]
HAL_I2C_MasterRxCpltCallback
                        0x08009055    0x2  Code  Wk  stm32f7xx_hal_i2c.o [1]
HAL_I2C_MasterTxCpltCallback
                        0x08009053    0x2  Code  Wk  stm32f7xx_hal_i2c.o [1]
HAL_I2C_MemRxCpltCallback
                        0x0800905d    0x2  Code  Wk  stm32f7xx_hal_i2c.o [1]
HAL_I2C_MemTxCpltCallback
                        0x0800905b    0x2  Code  Wk  stm32f7xx_hal_i2c.o [1]
HAL_I2C_MspInit         0x08002d51   0x64  Code  Gb  stm32f7xx_hal_msp.o [1]
HAL_I2C_SlaveRxCpltCallback
                        0x08009059    0x2  Code  Wk  stm32f7xx_hal_i2c.o [1]
HAL_I2C_SlaveTxCpltCallback
                        0x08009057    0x2  Code  Wk  stm32f7xx_hal_i2c.o [1]
HAL_IncTick             0x08003487    0xc  Code  Wk  stm32f7xx_hal.o [1]
HAL_Init                0x08003441   0x22  Code  Gb  stm32f7xx_hal.o [1]
HAL_InitTick            0x08003463   0x24  Code  Wk  stm32f7xx_hal.o [1]
HAL_LTDC_ConfigLayer    0x080096ef   0x50  Code  Gb  stm32f7xx_hal_ltdc.o [1]
HAL_LTDC_Init           0x080095b5  0x13a  Code  Gb  stm32f7xx_hal_ltdc.o [1]
HAL_LTDC_MspInit        0x08002db5   0xf2  Code  Gb  stm32f7xx_hal_msp.o [1]
HAL_MspInit             0x08002b41   0x22  Code  Gb  stm32f7xx_hal_msp.o [1]
HAL_NAND_Init           0x0800a673   0x56  Code  Gb  stm32f7xx_hal_nand.o [1]
HAL_NAND_MspInit        0x08003263    0xa  Code  Gb  stm32f7xx_hal_msp.o [1]
HAL_NVIC_EnableIRQ      0x080035bf    0xe  Code  Gb  stm32f7xx_hal_cortex.o [1]
HAL_NVIC_SetPriority    0x08003599   0x26  Code  Gb  stm32f7xx_hal_cortex.o [1]
HAL_NVIC_SetPriorityGrouping
                        0x0800358d    0xc  Code  Gb  stm32f7xx_hal_cortex.o [1]
HAL_PWREx_EnableOverDrive
                        0x08007a5d   0x7a  Code  Gb  stm32f7xx_hal_pwr_ex.o [1]
HAL_RCCEx_PeriphCLKConfig
                        0x08007ae5  0x7c6  Code  Gb  stm32f7xx_hal_rcc_ex.o [1]
HAL_RCC_ClockConfig     0x08003dad  0x256  Code  Gb  stm32f7xx_hal_rcc.o [1]
HAL_RCC_GetHCLKFreq     0x080040a7   0x28  Code  Gb  stm32f7xx_hal_rcc.o [1]
HAL_RCC_GetPCLK1Freq    0x080040cf   0x20  Code  Gb  stm32f7xx_hal_rcc.o [1]
HAL_RCC_GetPCLK2Freq    0x080040ef   0x20  Code  Gb  stm32f7xx_hal_rcc.o [1]
HAL_RCC_GetSysClockFreq
                        0x08004003   0xa4  Code  Gb  stm32f7xx_hal_rcc.o [1]
HAL_RCC_OscConfig       0x0800389d  0x510  Code  Gb  stm32f7xx_hal_rcc.o [1]
HAL_SDRAM_Init          0x0800a6c9   0x44  Code  Gb  stm32f7xx_hal_sdram.o [1]
HAL_SDRAM_MspInit       0x0800326d    0xa  Code  Gb  stm32f7xx_hal_msp.o [1]
HAL_SD_GetStatus        0x08002071   0x26  Code  Gb  stm32f7xx_hal_sd.o [1]
HAL_SD_Get_CardInfo     0x08001c47  0x360  Code  Gb  stm32f7xx_hal_sd.o [1]
HAL_SD_Init             0x08001701   0xb6  Code  Gb  stm32f7xx_hal_sd.o [1]
HAL_SD_MspInit          0x08002ea7   0x74  Code  Gb  stm32f7xx_hal_msp.o [1]
HAL_SD_ReadBlocks       0x080017b7  0x1f6  Code  Gb  stm32f7xx_hal_sd.o [1]
HAL_SD_StopTransfer     0x08002039   0x38  Code  Gb  stm32f7xx_hal_sd.o [1]
HAL_SD_WideBusOperation_Config
                        0x08001fa7   0x92  Code  Gb  stm32f7xx_hal_sd.o [1]
HAL_SD_WriteBlocks      0x080019ad  0x29a  Code  Gb  stm32f7xx_hal_sd.o [1]
HAL_SPI_Init            0x080099c1   0xd8  Code  Gb  stm32f7xx_hal_spi.o [1]
HAL_SPI_MspInit         0x08002f1b   0x8c  Code  Gb  stm32f7xx_hal_msp.o [1]
HAL_SYSTICK_CLKSourceConfig
                        0x080035d9   0x20  Code  Gb  stm32f7xx_hal_cortex.o [1]
HAL_SYSTICK_Callback    0x08003621    0x2  Code  Wk  stm32f7xx_hal_cortex.o [1]
HAL_SYSTICK_Config      0x080035cd    0xc  Code  Gb  stm32f7xx_hal_cortex.o [1]
HAL_SYSTICK_IRQHandler  0x08003619    0x8  Code  Gb  stm32f7xx_hal_cortex.o [1]
HAL_TIMEx_BreakCallback
                        0x08009ddd    0x2  Code  Wk  stm32f7xx_hal_tim_ex.o [1]
HAL_TIMEx_CommutationCallback
                        0x08009ddb    0x2  Code  Wk  stm32f7xx_hal_tim_ex.o [1]
HAL_TIMEx_MasterConfigSynchronization
                        0x08009d7d   0x5e  Code  Gb  stm32f7xx_hal_tim_ex.o [1]
HAL_TIM_Base_Init       0x08009a99   0x32  Code  Gb  stm32f7xx_hal_tim.o [1]
HAL_TIM_Base_MspInit    0x08002fa7  0x116  Code  Gb  stm32f7xx_hal_msp.o [1]
HAL_TIM_IC_CaptureCallback
                        0x08009c63    0x2  Code  Wk  stm32f7xx_hal_tim.o [1]
HAL_TIM_IRQHandler      0x08009acb  0x194  Code  Gb  stm32f7xx_hal_tim.o [1]
HAL_TIM_OC_DelayElapsedCallback
                        0x08009c61    0x2  Code  Wk  stm32f7xx_hal_tim.o [1]
HAL_TIM_PWM_PulseFinishedCallback
                        0x08009c65    0x2  Code  Wk  stm32f7xx_hal_tim.o [1]
HAL_TIM_PeriodElapsedCallback
                        0x08009c5f    0x2  Code  Wk  stm32f7xx_hal_tim.o [1]
HAL_TIM_TriggerCallback
                        0x08009c67    0x2  Code  Wk  stm32f7xx_hal_tim.o [1]
HAL_UART_ErrorCallback  0x0800a03b    0x2  Code  Wk  stm32f7xx_hal_uart.o [1]
HAL_UART_IRQHandler     0x08009e67   0xf0  Code  Gb  stm32f7xx_hal_uart.o [1]
HAL_UART_Init           0x08009de9   0x7e  Code  Gb  stm32f7xx_hal_uart.o [1]
HAL_UART_MspInit        0x080030bd   0xe0  Code  Gb  stm32f7xx_hal_msp.o [1]
HAL_UART_RxCpltCallback
                        0x0800a039    0x2  Code  Wk  stm32f7xx_hal_uart.o [1]
HAL_UART_TxCpltCallback
                        0x0800a037    0x2  Code  Wk  stm32f7xx_hal_uart.o [1]
HCD_HC_IN_IRQHandler    0x080046e9  0x4c8  Code  Lc  stm32f7xx_hal_hcd.o [1]
HCD_HC_OUT_IRQHandler   0x08004bb1  0x4c4  Code  Lc  stm32f7xx_hal_hcd.o [1]
HCD_Port_IRQHandler     0x08005161   0xde  Code  Lc  stm32f7xx_hal_hcd.o [1]
HCD_RXQLVL_IRQHandler   0x08005075   0xe8  Code  Lc  stm32f7xx_hal_hcd.o [1]
HEAP$$Base              0x20000228          --   Gb  - Linker created -
HEAP$$Limit             0x20000628          --   Gb  - Linker created -
I2C2_EV_IRQHandler      0x0800bf95    0xa  Code  Gb  stm32f7xx_it.o [1]
I2C_MasterReceive_ISR   0x080091fd  0x18e  Code  Lc  stm32f7xx_hal_i2c.o [1]
I2C_MasterTransmit_ISR  0x08009061  0x19c  Code  Lc  stm32f7xx_hal_i2c.o [1]
I2C_SlaveReceive_ISR    0x0800944d   0xae  Code  Lc  stm32f7xx_hal_i2c.o [1]
I2C_SlaveTransmit_ISR   0x0800938b   0xc2  Code  Lc  stm32f7xx_hal_i2c.o [1]
I2C_TransferConfig      0x08009501   0x2a  Code  Lc  stm32f7xx_hal_i2c.o [1]
LTDC_SetConfig          0x0800973f  0x276  Code  Lc  stm32f7xx_hal_ltdc.o [1]
MX_ADC1_Init            0x08006e07   0x82  Code  Lc  main.o [1]
MX_CAN1_Init            0x08006e89   0x6e  Code  Lc  main.o [1]
MX_CAN2_Init            0x08006ef7   0x6e  Code  Lc  main.o [1]
MX_DAC_Init             0x08006f65   0x38  Code  Lc  main.o [1]
MX_DMA2D_Init           0x08006f9d   0x58  Code  Lc  main.o [1]
MX_FATFS_Init           0x080079c1   0x1c  Code  Gb  fatfs.o [1]
MX_FMC_Init             0x080074b9  0x12e  Code  Lc  main.o [1]
MX_GPIO_Init            0x080075e7  0x2ec  Code  Lc  main.o [1]
MX_I2C2_Init            0x08006ff5   0x62  Code  Lc  main.o [1]
MX_LTDC_Init            0x08007057  0x140  Code  Lc  main.o [1]
MX_SDMMC1_SD_Init       0x08007197   0x56  Code  Lc  main.o [1]
MX_SPI2_Init            0x080071ed   0x82  Code  Lc  main.o [1]
MX_TIM11_Init           0x080072ef   0x38  Code  Lc  main.o [1]
MX_TIM13_Init           0x08007327   0x38  Code  Lc  main.o [1]
MX_TIM14_Init           0x0800735f   0x3a  Code  Lc  main.o [1]
MX_TIM6_Init            0x0800726f   0x40  Code  Lc  main.o [1]
MX_TIM7_Init            0x080072af   0x40  Code  Lc  main.o [1]
MX_USART2_UART_Init     0x08007399   0x60  Code  Lc  main.o [1]
MX_USART3_UART_Init     0x080073f9   0x60  Code  Lc  main.o [1]
MX_USART6_UART_Init     0x08007459   0x60  Code  Lc  main.o [1]
MX_USB_HOST_Init        0x080079f5   0x1e  Code  Gb  usb_host.o [1]
MX_USB_HOST_Process     0x08007a13    0xa  Code  Gb  usb_host.o [1]
MemManage_Handler       0x0800bf55    0x2  Code  Gb  stm32f7xx_it.o [1]
NVIC_EnableIRQ          0x080034e5   0x14  Code  Lc  stm32f7xx_hal_cortex.o [1]
NVIC_EncodePriority     0x0800351f   0x3e  Code  Lc  stm32f7xx_hal_cortex.o [1]
NVIC_GetPriorityGrouping
                        0x080034db    0xa  Code  Lc  stm32f7xx_hal_cortex.o [1]
NVIC_SetPriority        0x080034f9   0x26  Code  Lc  stm32f7xx_hal_cortex.o [1]
NVIC_SetPriorityGrouping
                        0x080034bd   0x1e  Code  Lc  stm32f7xx_hal_cortex.o [1]
OTG_FS_IRQHandler       0x0800bfb3    0xa  Code  Gb  stm32f7xx_it.o [1]
Region$$Table$$Base     0x0800c130          --   Gb  - Linker created -
Region$$Table$$Limit    0x0800c154          --   Gb  - Linker created -
SCB_EnableDCache        0x08006c3b   0x64  Code  Lc  main.o [1]
SCB_EnableICache        0x08006c11   0x2a  Code  Lc  main.o [1]
SDCardInfo1             0x20001118   0x58  Data  Gb  main.o [1]
SDMMC_DataConfig        0x08003411   0x2e  Code  Gb  stm32f7xx_ll_sdmmc.o [1]
SDMMC_GetCommandResponse
                        0x080033f3    0x6  Code  Gb  stm32f7xx_ll_sdmmc.o [1]
SDMMC_GetPowerState     0x080033c1    0x8  Code  Gb  stm32f7xx_ll_sdmmc.o [1]
SDMMC_GetResponse       0x080033f9   0x18  Code  Gb  stm32f7xx_ll_sdmmc.o [1]
SDMMC_Init              0x08003371   0x2e  Code  Gb  stm32f7xx_ll_sdmmc.o [1]
SDMMC_PowerState_ON     0x080033b7    0xa  Code  Gb  stm32f7xx_ll_sdmmc.o [1]
SDMMC_ReadFIFO          0x080033a5    0x6  Code  Gb  stm32f7xx_ll_sdmmc.o [1]
SDMMC_SendCommand       0x080033c9   0x2a  Code  Gb  stm32f7xx_ll_sdmmc.o [1]
SDMMC_WriteFIFO         0x080033ab    0xc  Code  Gb  stm32f7xx_ll_sdmmc.o [1]
SD_CmdError             0x080023fd   0x4a  Code  Lc  stm32f7xx_hal_sd.o [1]
SD_CmdResp1Error        0x080024bb  0x116  Code  Lc  stm32f7xx_hal_sd.o [1]
SD_CmdResp2Error        0x08002603   0x46  Code  Lc  stm32f7xx_hal_sd.o [1]
SD_CmdResp3Error        0x080025d3   0x30  Code  Lc  stm32f7xx_hal_sd.o [1]
SD_CmdResp6Error        0x08002649   0xa6  Code  Lc  stm32f7xx_hal_sd.o [1]
SD_CmdResp7Error        0x08002447   0x74  Code  Lc  stm32f7xx_hal_sd.o [1]
SD_Driver               0x0800c184   0x14  Data  Gb  sd_diskio.o [1]
SD_FindSCR              0x08002853  0x176  Code  Lc  stm32f7xx_hal_sd.o [1]
SD_GetState             0x08002097   0x24  Code  Lc  stm32f7xx_hal_sd.o [1]
SD_Initialize_Cards     0x080020bb  0x128  Code  Lc  stm32f7xx_hal_sd.o [1]
SD_IsCardProgramming    0x080029c9  0x16c  Code  Lc  stm32f7xx_hal_sd.o [1]
SD_Path                 0x20001488    0x4  Data  Gb  fatfs.o [1]
SD_PowerON              0x0800221d  0x180  Code  Lc  stm32f7xx_hal_sd.o [1]
SD_Select_Deselect      0x080021e3   0x3a  Code  Lc  stm32f7xx_hal_sd.o [1]
SD_SendStatus           0x0800239d   0x60  Code  Lc  stm32f7xx_hal_sd.o [1]
SD_WideBus_Disable      0x080027a1   0xb2  Code  Lc  stm32f7xx_hal_sd.o [1]
SD_WideBus_Enable       0x080026ef   0xb2  Code  Lc  stm32f7xx_hal_sd.o [1]
SD_initialize           0x0800bd61   0x24  Code  Gb  sd_diskio.o [1]
SD_ioctl                0x0800be15   0x6a  Code  Gb  sd_diskio.o [1]
SD_read                 0x0800bda9   0x36  Code  Gb  sd_diskio.o [1]
SD_status               0x0800bd85   0x24  Code  Gb  sd_diskio.o [1]
SD_write                0x0800bddf   0x36  Code  Gb  sd_diskio.o [1]
Stat                    0x20000024    0x1  Data  Lc  sd_diskio.o [1]
SysTick_Config          0x0800355d   0x30  Code  Lc  stm32f7xx_hal_cortex.o [1]
SysTick_Handler         0x0800bf57    0xc  Code  Gb  stm32f7xx_it.o [1]
SystemClock_Config      0x08006d0b   0xfc  Code  Gb  main.o [1]
SystemCoreClock         0x20000000    0x4  Data  Gb  system_stm32f7xx.o [1]
SystemInit              0x0800bfe5   0x4c  Code  Gb  system_stm32f7xx.o [1]
TIM1_TRG_COM_TIM11_IRQHandler
                        0x0800bf8b    0xa  Code  Gb  stm32f7xx_it.o [1]
TIM8_TRG_COM_TIM14_IRQHandler
                        0x0800bfa9    0xa  Code  Gb  stm32f7xx_it.o [1]
TIM8_UP_TIM13_IRQHandler
                        0x0800bf9f    0xa  Code  Gb  stm32f7xx_it.o [1]
TIM_Base_SetConfig      0x08009c69   0xe6  Code  Gb  stm32f7xx_hal_tim.o [1]
UART_AdvFeatureConfig   0x0800a541   0xda  Code  Gb  stm32f7xx_hal_uart.o [1]
UART_CheckIdleState     0x0800a61b   0x58  Code  Gb  stm32f7xx_hal_uart.o [1]
UART_EndTransmit_IT     0x0800a0dd   0x30  Code  Lc  stm32f7xx_hal_uart.o [1]
UART_Receive_IT         0x0800a10d   0xa6  Code  Lc  stm32f7xx_hal_uart.o [1]
UART_SetConfig          0x0800a1b3  0x35c  Code  Gb  stm32f7xx_hal_uart.o [1]
UART_Transmit_IT        0x0800a03d   0xa0  Code  Lc  stm32f7xx_hal_uart.o [1]
UART_WaitOnFlagUntilTimeout
                        0x08009f57   0xde  Code  Gb  stm32f7xx_hal_uart.o [1]
USART6_IRQHandler       0x0800bfbd    0xa  Code  Gb  stm32f7xx_it.o [1]
USBH_AllocPipe          0x080064ad   0x2e  Code  Gb  usbh_pipes.o [1]
USBH_BulkReceiveData    0x08006bdf   0x30  Code  Gb  usbh_ioreq.o [1]
USBH_BulkSendData       0x08006b9d   0x42  Code  Gb  usbh_ioreq.o [1]
USBH_ClosePipe          0x08006499   0x14  Code  Gb  usbh_pipes.o [1]
USBH_ClrFeature         0x0800668f   0x2c  Code  Gb  usbh_ctlreq.o [1]
USBH_CtlReceiveData     0x08006b6d   0x30  Code  Gb  usbh_ioreq.o [1]
USBH_CtlReq             0x08006899   0x5c  Code  Gb  usbh_ctlreq.o [1]
USBH_CtlSendData        0x08006b2b   0x42  Code  Gb  usbh_ioreq.o [1]
USBH_CtlSendSetup       0x08006b01   0x2a  Code  Gb  usbh_ioreq.o [1]
USBH_Delay              0x0800550d    0xc  Code  Gb  usbh_conf.o [1]
USBH_Driver             0x0800c198   0x14  Data  Gb  usbh_diskio.o [1]
USBH_FindInterface      0x08005fc7   0x5c  Code  Gb  usbh_core.o [1]
USBH_FreePipe           0x080064db   0x24  Code  Gb  usbh_pipes.o [1]
USBH_GetDescriptor      0x080065ef   0x4a  Code  Gb  usbh_ctlreq.o [1]
USBH_GetFreePipe        0x080064ff   0x2e  Code  Lc  usbh_pipes.o [1]
USBH_GetNextDesc        0x08006881   0x18  Code  Gb  usbh_ctlreq.o [1]
USBH_Get_CfgDesc        0x0800656d   0x3c  Code  Gb  usbh_ctlreq.o [1]
USBH_Get_DevDesc        0x0800652d   0x40  Code  Gb  usbh_ctlreq.o [1]
USBH_Get_StringDesc     0x080065a9   0x46  Code  Gb  usbh_ctlreq.o [1]
USBH_HandleControl      0x080068f5  0x20c  Code  Lc  usbh_ctlreq.o [1]
USBH_HandleEnum         0x08006221  0x18c  Code  Lc  usbh_core.o [1]
USBH_HandleSof          0x080063c9   0x1e  Code  Lc  usbh_core.o [1]
USBH_Init               0x08005edd   0x3a  Code  Gb  usbh_core.o [1]
USBH_LL_ClosePipe       0x08005409   0x16  Code  Gb  usbh_conf.o [1]
USBH_LL_Connect         0x080063e7   0x32  Code  Gb  usbh_core.o [1]
USBH_LL_Disconnect      0x08006419   0x40  Code  Gb  usbh_core.o [1]
USBH_LL_DriverVBUS      0x0800547d   0x16  Code  Gb  usbh_conf.o [1]
USBH_LL_GetLastXferSize
                        0x080053b3   0x14  Code  Gb  usbh_conf.o [1]
USBH_LL_GetSpeed        0x0800536d   0x36  Code  Gb  usbh_conf.o [1]
USBH_LL_GetToggle       0x080054cd   0x40  Code  Gb  usbh_conf.o [1]
USBH_LL_GetURBState     0x08005469   0x14  Code  Gb  usbh_conf.o [1]
USBH_LL_IncTimer        0x080063b3   0x16  Code  Gb  usbh_core.o [1]
USBH_LL_Init            0x080052e5   0x56  Code  Gb  usbh_conf.o [1]
USBH_LL_OpenPipe        0x080053c7   0x42  Code  Gb  usbh_conf.o [1]
USBH_LL_ResetPort       0x080053a3   0x10  Code  Gb  usbh_conf.o [1]
USBH_LL_SetTimer        0x080063ad    0x6  Code  Gb  usbh_core.o [1]
USBH_LL_SetToggle       0x08005493   0x3a  Code  Gb  usbh_conf.o [1]
USBH_LL_Start           0x0800534d   0x10  Code  Gb  usbh_conf.o [1]
USBH_LL_Stop            0x0800535d   0x10  Code  Gb  usbh_conf.o [1]
USBH_LL_SubmitURB       0x0800541f   0x4a  Code  Gb  usbh_conf.o [1]
USBH_MSC_BOT_Abort      0x0800b609   0x44  Code  Lc  usbh_msc_bot.o [1]
USBH_MSC_BOT_Init       0x0800b2bf   0x24  Code  Gb  usbh_msc_bot.o [1]
USBH_MSC_BOT_Process    0x0800b2e3  0x326  Code  Gb  usbh_msc_bot.o [1]
USBH_MSC_BOT_REQ_GetMaxLUN
                        0x0800b299   0x26  Code  Gb  usbh_msc_bot.o [1]
USBH_MSC_BOT_REQ_Reset  0x0800b275   0x24  Code  Gb  usbh_msc_bot.o [1]
USBH_MSC_ClassRequest   0x0800ab1d   0x86  Code  Lc  usbh_msc.o [1]
USBH_MSC_DecodeCSW      0x0800b64d   0x62  Code  Lc  usbh_msc_bot.o [1]
USBH_MSC_GetLUNInfo     0x0800b0df   0x3a  Code  Gb  usbh_msc.o [1]
USBH_MSC_InterfaceDeInit
                        0x0800aabf   0x5e  Code  Lc  usbh_msc.o [1]
USBH_MSC_InterfaceInit  0x0800a92b  0x194  Code  Lc  usbh_msc.o [1]
USBH_MSC_Process        0x0800aba3  0x392  Code  Lc  usbh_msc.o [1]
USBH_MSC_RdWrProcess    0x0800af3b  0x178  Code  Lc  usbh_msc.o [1]
USBH_MSC_Read           0x0800b119   0xae  Code  Gb  usbh_msc.o [1]
USBH_MSC_SCSI_Inquiry   0x0800b853  0x12c  Code  Gb  usbh_msc_scsi.o [1]
USBH_MSC_SCSI_Read      0x0800baf1   0xb2  Code  Gb  usbh_msc_scsi.o [1]
USBH_MSC_SCSI_ReadCapacity
                        0x0800b795   0xbe  Code  Gb  usbh_msc_scsi.o [1]
USBH_MSC_SCSI_RequestSense
                        0x0800b97f   0xc0  Code  Gb  usbh_msc_scsi.o [1]
USBH_MSC_SCSI_TestUnitReady
                        0x0800b723   0x72  Code  Gb  usbh_msc_scsi.o [1]
USBH_MSC_SCSI_Write     0x0800ba3f   0xb2  Code  Gb  usbh_msc_scsi.o [1]
USBH_MSC_SOFProcess     0x0800af35    0x6  Code  Lc  usbh_msc.o [1]
USBH_MSC_UnitIsReady    0x0800b0b3   0x2c  Code  Gb  usbh_msc.o [1]
USBH_MSC_Write          0x0800b1c7   0xae  Code  Gb  usbh_msc.o [1]
USBH_OpenPipe           0x08006459   0x40  Code  Gb  usbh_pipes.o [1]
USBH_ParseCfgDesc       0x08006717   0xe8  Code  Lc  usbh_ctlreq.o [1]
USBH_ParseDevDesc       0x080066bb   0x5c  Code  Lc  usbh_ctlreq.o [1]
USBH_ParseEPDesc        0x08006825   0x20  Code  Lc  usbh_ctlreq.o [1]
USBH_ParseInterfaceDesc
                        0x080067ff   0x26  Code  Lc  usbh_ctlreq.o [1]
USBH_ParseStringDesc    0x08006845   0x3c  Code  Lc  usbh_ctlreq.o [1]
USBH_Path               0x2000148c    0x4  Data  Gb  fatfs.o [1]
USBH_Process            0x08006039  0x1e8  Code  Gb  usbh_core.o [1]
USBH_RegisterClass      0x08005f71   0x3a  Code  Gb  usbh_core.o [1]
USBH_SelectInterface    0x08005fab   0x1c  Code  Gb  usbh_core.o [1]
USBH_SetAddress         0x08006639   0x2c  Code  Gb  usbh_ctlreq.o [1]
USBH_SetCfg             0x08006665   0x2a  Code  Gb  usbh_ctlreq.o [1]
USBH_Start              0x08006023   0x16  Code  Gb  usbh_core.o [1]
USBH_UserProcess        0x08007a1d   0x32  Code  Lc  usb_host.o [1]
USBH_initialize         0x0800bba5    0x6  Code  Gb  usbh_diskio.o [1]
USBH_ioctl              0x0800bcc7   0x94  Code  Gb  usbh_diskio.o [1]
USBH_msc                0x20000004   0x20  Data  Gb  usbh_msc.o [1]
USBH_read               0x0800bbcf   0x76  Code  Gb  usbh_diskio.o [1]
USBH_status             0x0800bbab   0x24  Code  Gb  usbh_diskio.o [1]
USBH_write              0x0800bc45   0x82  Code  Gb  usbh_diskio.o [1]
USB_CoreInit            0x08005519   0x6e  Code  Gb  stm32f7xx_ll_usb.o [1]
USB_CoreReset           0x080056a9   0x38  Code  Lc  stm32f7xx_ll_usb.o [1]
USB_DisableGlobalInt    0x08005595    0xe  Code  Gb  stm32f7xx_ll_usb.o [1]
USB_DoPing              0x08005de5   0x44  Code  Gb  stm32f7xx_ll_usb.o [1]
USB_DriveVbus           0x0800584d   0x4a  Code  Gb  stm32f7xx_ll_usb.o [1]
USB_EnableGlobalInt     0x08005587    0xe  Code  Gb  stm32f7xx_ll_usb.o [1]
USB_FlushRxFifo         0x080055fd   0x20  Code  Gb  stm32f7xx_ll_usb.o [1]
USB_FlushTxFifo         0x080055d9   0x24  Code  Gb  stm32f7xx_ll_usb.o [1]
USB_GetCurrentFrame     0x080058ad    0xa  Code  Gb  stm32f7xx_ll_usb.o [1]
USB_GetHostSpeed        0x08005897   0x16  Code  Gb  stm32f7xx_ll_usb.o [1]
USB_GetMode             0x080056a1    0x8  Code  Gb  stm32f7xx_ll_usb.o [1]
USB_HC_Halt             0x08005c5f  0x186  Code  Gb  stm32f7xx_ll_usb.o [1]
USB_HC_Init             0x080058b7  0x1b0  Code  Gb  stm32f7xx_ll_usb.o [1]
USB_HC_ReadInterrupt    0x08005c55    0xa  Code  Gb  stm32f7xx_ll_usb.o [1]
USB_HC_StartXfer        0x08005a67  0x1d6  Code  Gb  stm32f7xx_ll_usb.o [1]
USB_HostInit            0x080056e1   0xe0  Code  Gb  stm32f7xx_ll_usb.o [1]
USB_InitFSLSPClkSel     0x080057c9   0x4c  Code  Gb  stm32f7xx_ll_usb.o [1]
USB_ReadInterrupts      0x08005693    0xe  Code  Gb  stm32f7xx_ll_usb.o [1]
USB_ReadPacket          0x08005667   0x2c  Code  Gb  stm32f7xx_ll_usb.o [1]
USB_ResetPort           0x08005815   0x38  Code  Gb  stm32f7xx_ll_usb.o [1]
USB_SetCurrentMode      0x080055a3   0x36  Code  Gb  stm32f7xx_ll_usb.o [1]
USB_StopHost            0x08005e29   0xb4  Code  Gb  stm32f7xx_ll_usb.o [1]
USB_WritePacket         0x08005621   0x46  Code  Gb  stm32f7xx_ll_usb.o [1]
__aeabi_memset          0x0800b6bd         Code  Gb  ABImemset.o [5]
__cmain                 0x0800c155         Code  Gb  cmain.o [5]
__data_GetMemChunk      0x080016c1   0x2c  Code  Gb  xgetmemchunk.o [3]
__exit                  0x080016ed   0x14  Code  Gb  exit.o [6]
__iar_Memset            0x0800b6bd         Code  Gb  ABImemset.o [5]
__iar_Memset_word       0x0800b6c5         Code  Gb  ABImemset.o [5]
__iar_copy_init3        0x0800c091   0x2c  Code  Gb  copy_init3.o [5]
__iar_data_init3        0x0800c0bd   0x28  Code  Gb  data_init.o [5]
__iar_dlfree            0x0800119f  0x510  Code  Gb  dlmalloc.o [3]
__iar_dlmalloc          0x08000ee9  0x2aa  Code  Gb  dlmalloc.o [3]
__iar_init_vfp          0x0800c10d         Code  Gb  fpinit_M.o [4]
__iar_program_start     0x0800c1cd         Code  Gb  cstartup_M.o [5]
__iar_unaligned___aeabi_memcpy
                        0x080032f9         Code  Gb  ABImemcpy_unaligned.o [5]
__iar_unaligned___aeabi_memcpy4
                        0x08003319         Code  Gb  ABImemcpy_unaligned.o [5]
__iar_unaligned___aeabi_memcpy8
                        0x08003319         Code  Gb  ABImemcpy_unaligned.o [5]
__iar_zero_init3        0x0800c051   0x40  Code  Gb  zero_init3.o [5]
__low_level_init        0x0800c16f    0x4  Code  Gb  low_level_init.o [3]
__vector_table          0x08000000         Data  Gb  startup_stm32f746xx.o [1]
_call_main              0x0800c161         Code  Gb  cmain.o [5]
_exit                   0x0800c179         Code  Gb  cexit.o [5]
_gm_                    0x20000c84  0x1d8  Data  Lc  dlmalloc.o [3]
_main                   0x0800c16b         Code  Gb  cmain.o [5]
abort                   0x080016b9    0x6  Code  Gb  abort.o [3]
disk                    0x20001478   0x10  Data  Gb  ff_gen_drv.o [1]
exit                    0x0800c173    0x4  Code  Gb  exit.o [3]
hUsbHostFS              0x20000628  0x3c8  Data  Gb  usb_host.o [1]
hadc1                   0x20001170   0x48  Data  Gb  main.o [1]
hcan1                   0x200011b8   0x40  Data  Gb  main.o [1]
hcan2                   0x200011f8   0x40  Data  Gb  main.o [1]
hdac                    0x20001464   0x14  Data  Gb  main.o [1]
hdma2d                  0x20001238   0x40  Data  Gb  main.o [1]
hhcd_USB_OTG_FS         0x200009f0  0x294  Data  Gb  usbh_conf.o [1]
hi2c2                   0x20001278   0x3c  Data  Gb  main.o [1]
hltdc                   0x20000e5c   0xa8  Data  Gb  main.o [1]
hnand1                  0x200013e0   0x38  Data  Gb  main.o [1]
hsd1                    0x200010b8   0x60  Data  Gb  main.o [1]
hsdram1                 0x20001418   0x34  Data  Gb  main.o [1]
hspi2                   0x20001054   0x64  Data  Gb  main.o [1]
htim11                  0x2000132c   0x3c  Data  Gb  main.o [1]
htim13                  0x20001368   0x3c  Data  Gb  main.o [1]
htim14                  0x200013a4   0x3c  Data  Gb  main.o [1]
htim6                   0x200012b4   0x3c  Data  Gb  main.o [1]
htim7                   0x200012f0   0x3c  Data  Gb  main.o [1]
huart2                  0x20000f04   0x70  Data  Gb  main.o [1]
huart3                  0x20000f74   0x70  Data  Gb  main.o [1]
huart6                  0x20000fe4   0x70  Data  Gb  main.o [1]
init_mparams            0x080001e3   0x32  Code  Lc  dlmalloc.o [3]
init_top                0x08000215   0x34  Code  Lc  dlmalloc.o [3]
main                    0x08006c9f   0x6c  Code  Gb  main.o [1]
mparams                 0x2000144c   0x18  Data  Lc  dlmalloc.o [3]
prepend_alloc           0x08000249  0x36c  Code  Lc  dlmalloc.o [3]
retSD                   0x200014a0    0x1  Data  Gb  fatfs.o [1]
retUSBH                 0x200014a1    0x1  Data  Gb  fatfs.o [1]
segment_holding         0x080001c9   0x1a  Code  Lc  dlmalloc.o [3]
sys_alloc               0x080005b5  0x386  Code  Lc  dlmalloc.o [3]
tmalloc_large           0x08000949  0x390  Code  Lc  dlmalloc.o [3]
tmalloc_small           0x08000cd9  0x210  Code  Lc  dlmalloc.o [3]
uwTick                  0x20001490    0x4  Data  Lc  stm32f7xx_hal.o [1]


[1] = C:\PLC\REPO\IAR\PLC\EWARM\PLC\Obj
[2] = command line
[3] = dl7M_tln.a
[4] = m7M_tls.a
[5] = rt7M_tl.a
[6] = shb_l.a

  49 864 bytes of readonly  code memory
     140 bytes of readonly  data memory
   5 280 bytes of readwrite data memory

Errors: none
Warnings: none
