###############################################################################
#
# IAR ELF Linker V7.60.1.11101/W32 for ARM                30/May/2016  16:59:50
# Copyright 2007-2016 IAR Systems AB.
#
#    Output file  =  E:\PLC\IAR\PLC\EWARM\PLC\Exe\PLC.out
#    Map file     =  E:\PLC\IAR\PLC\EWARM\PLC\List\PLC.map
#    Command line =  
#        E:\PLC\IAR\PLC\EWARM\PLC\Obj\adc.o
#        E:\PLC\IAR\PLC\EWARM\PLC\Obj\ARIALB_16pt.o
#        E:\PLC\IAR\PLC\EWARM\PLC\Obj\bsp_driver_sd.o
#        E:\PLC\IAR\PLC\EWARM\PLC\Obj\bsp_driver_sdram.o
#        E:\PLC\IAR\PLC\EWARM\PLC\Obj\calculations.o
#        E:\PLC\IAR\PLC\EWARM\PLC\Obj\can.o E:\PLC\IAR\PLC\EWARM\PLC\Obj\core.o
#        E:\PLC\IAR\PLC\EWARM\PLC\Obj\dac.o
#        E:\PLC\IAR\PLC\EWARM\PLC\Obj\diskio.o
#        E:\PLC\IAR\PLC\EWARM\PLC\Obj\dma2d.o
#        E:\PLC\IAR\PLC\EWARM\PLC\Obj\fatfs.o E:\PLC\IAR\PLC\EWARM\PLC\Obj\ff.o
#        E:\PLC\IAR\PLC\EWARM\PLC\Obj\ff_gen_drv.o
#        E:\PLC\IAR\PLC\EWARM\PLC\Obj\files.o
#        E:\PLC\IAR\PLC\EWARM\PLC\Obj\fmc.o
#        E:\PLC\IAR\PLC\EWARM\PLC\Obj\GOST_B_23_var.o
#        E:\PLC\IAR\PLC\EWARM\PLC\Obj\gpio.o E:\PLC\IAR\PLC\EWARM\PLC\Obj\gui.o
#        E:\PLC\IAR\PLC\EWARM\PLC\Obj\i2c.o
#        E:\PLC\IAR\PLC\EWARM\PLC\Obj\initial.o
#        E:\PLC\IAR\PLC\EWARM\PLC\Obj\interrupts.o
#        E:\PLC\IAR\PLC\EWARM\PLC\Obj\keyboard.o
#        E:\PLC\IAR\PLC\EWARM\PLC\Obj\lcd.o E:\PLC\IAR\PLC\EWARM\PLC\Obj\leds.o
#        E:\PLC\IAR\PLC\EWARM\PLC\Obj\ltdc.o
#        E:\PLC\IAR\PLC\EWARM\PLC\Obj\main.o
#        E:\PLC\IAR\PLC\EWARM\PLC\Obj\memory.o
#        E:\PLC\IAR\PLC\EWARM\PLC\Obj\RIAD_16pt.o
#        E:\PLC\IAR\PLC\EWARM\PLC\Obj\RIAD_30pt.o
#        E:\PLC\IAR\PLC\EWARM\PLC\Obj\RIAD_40pt.o
#        E:\PLC\IAR\PLC\EWARM\PLC\Obj\RIAD_80pt.o
#        E:\PLC\IAR\PLC\EWARM\PLC\Obj\rtc.o
#        E:\PLC\IAR\PLC\EWARM\PLC\Obj\sd_diskio.o
#        E:\PLC\IAR\PLC\EWARM\PLC\Obj\sdmmc.o
#        E:\PLC\IAR\PLC\EWARM\PLC\Obj\sdram_diskio.o
#        E:\PLC\IAR\PLC\EWARM\PLC\Obj\sound.o
#        E:\PLC\IAR\PLC\EWARM\PLC\Obj\spi.o
#        E:\PLC\IAR\PLC\EWARM\PLC\Obj\startup_stm32f746xx.o
#        E:\PLC\IAR\PLC\EWARM\PLC\Obj\stm32f7xx_hal.o
#        E:\PLC\IAR\PLC\EWARM\PLC\Obj\stm32f7xx_hal_adc.o
#        E:\PLC\IAR\PLC\EWARM\PLC\Obj\stm32f7xx_hal_adc_ex.o
#        E:\PLC\IAR\PLC\EWARM\PLC\Obj\stm32f7xx_hal_can.o
#        E:\PLC\IAR\PLC\EWARM\PLC\Obj\stm32f7xx_hal_cortex.o
#        E:\PLC\IAR\PLC\EWARM\PLC\Obj\stm32f7xx_hal_dac.o
#        E:\PLC\IAR\PLC\EWARM\PLC\Obj\stm32f7xx_hal_dac_ex.o
#        E:\PLC\IAR\PLC\EWARM\PLC\Obj\stm32f7xx_hal_dma.o
#        E:\PLC\IAR\PLC\EWARM\PLC\Obj\stm32f7xx_hal_dma2d.o
#        E:\PLC\IAR\PLC\EWARM\PLC\Obj\stm32f7xx_hal_dma_ex.o
#        E:\PLC\IAR\PLC\EWARM\PLC\Obj\stm32f7xx_hal_flash.o
#        E:\PLC\IAR\PLC\EWARM\PLC\Obj\stm32f7xx_hal_flash_ex.o
#        E:\PLC\IAR\PLC\EWARM\PLC\Obj\stm32f7xx_hal_gpio.o
#        E:\PLC\IAR\PLC\EWARM\PLC\Obj\stm32f7xx_hal_hcd.o
#        E:\PLC\IAR\PLC\EWARM\PLC\Obj\stm32f7xx_hal_i2c.o
#        E:\PLC\IAR\PLC\EWARM\PLC\Obj\stm32f7xx_hal_i2c_ex.o
#        E:\PLC\IAR\PLC\EWARM\PLC\Obj\stm32f7xx_hal_ltdc.o
#        E:\PLC\IAR\PLC\EWARM\PLC\Obj\stm32f7xx_hal_msp.o
#        E:\PLC\IAR\PLC\EWARM\PLC\Obj\stm32f7xx_hal_nand.o
#        E:\PLC\IAR\PLC\EWARM\PLC\Obj\stm32f7xx_hal_pwr.o
#        E:\PLC\IAR\PLC\EWARM\PLC\Obj\stm32f7xx_hal_pwr_ex.o
#        E:\PLC\IAR\PLC\EWARM\PLC\Obj\stm32f7xx_hal_rcc.o
#        E:\PLC\IAR\PLC\EWARM\PLC\Obj\stm32f7xx_hal_rcc_ex.o
#        E:\PLC\IAR\PLC\EWARM\PLC\Obj\stm32f7xx_hal_sd.o
#        E:\PLC\IAR\PLC\EWARM\PLC\Obj\stm32f7xx_hal_sdram.o
#        E:\PLC\IAR\PLC\EWARM\PLC\Obj\stm32f7xx_hal_spi.o
#        E:\PLC\IAR\PLC\EWARM\PLC\Obj\stm32f7xx_hal_tim.o
#        E:\PLC\IAR\PLC\EWARM\PLC\Obj\stm32f7xx_hal_tim_ex.o
#        E:\PLC\IAR\PLC\EWARM\PLC\Obj\stm32f7xx_hal_uart.o
#        E:\PLC\IAR\PLC\EWARM\PLC\Obj\stm32f7xx_it.o
#        E:\PLC\IAR\PLC\EWARM\PLC\Obj\stm32f7xx_ll_fmc.o
#        E:\PLC\IAR\PLC\EWARM\PLC\Obj\stm32f7xx_ll_sdmmc.o
#        E:\PLC\IAR\PLC\EWARM\PLC\Obj\stm32f7xx_ll_usb.o
#        E:\PLC\IAR\PLC\EWARM\PLC\Obj\stmpe811.o
#        E:\PLC\IAR\PLC\EWARM\PLC\Obj\syscall.o
#        E:\PLC\IAR\PLC\EWARM\PLC\Obj\system_stm32f7xx.o
#        E:\PLC\IAR\PLC\EWARM\PLC\Obj\tim.o
#        E:\PLC\IAR\PLC\EWARM\PLC\Obj\timer13.o
#        E:\PLC\IAR\PLC\EWARM\PLC\Obj\timer14.o
#        E:\PLC\IAR\PLC\EWARM\PLC\Obj\tw8819.o
#        E:\PLC\IAR\PLC\EWARM\PLC\Obj\usart.o
#        E:\PLC\IAR\PLC\EWARM\PLC\Obj\usb_host.o
#        E:\PLC\IAR\PLC\EWARM\PLC\Obj\usbh_conf.o
#        E:\PLC\IAR\PLC\EWARM\PLC\Obj\usbh_core.o
#        E:\PLC\IAR\PLC\EWARM\PLC\Obj\usbh_ctlreq.o
#        E:\PLC\IAR\PLC\EWARM\PLC\Obj\usbh_diskio.o
#        E:\PLC\IAR\PLC\EWARM\PLC\Obj\usbh_ioreq.o
#        E:\PLC\IAR\PLC\EWARM\PLC\Obj\usbh_msc.o
#        E:\PLC\IAR\PLC\EWARM\PLC\Obj\usbh_msc_bot.o
#        E:\PLC\IAR\PLC\EWARM\PLC\Obj\usbh_msc_scsi.o
#        E:\PLC\IAR\PLC\EWARM\PLC\Obj\usbh_pipes.o
#        E:\PLC\IAR\PLC\EWARM\PLC\Obj\userinterface.o
#        E:\PLC\IAR\PLC\EWARM\PLC\Obj\video.o --redirect _Printf=_PrintfFull
#        --redirect _Scanf=_ScanfFull -o E:\PLC\IAR\PLC\EWARM\PLC\Exe\PLC.out
#        --map E:\PLC\IAR\PLC\EWARM\PLC\List\PLC.map --config
#        E:\PLC\IAR\PLC\EWARM/stm32f746xx_flash.icf --semihosting --entry
#        __iar_program_start "C:\Program Files\IAR Systems\Embedded Workbench
#        7.4\arm\CMSIS\Lib\IAR\iar_cortexM7ls_math.a" --vfe
#
###############################################################################

*******************************************************************************
*** RUNTIME MODEL ATTRIBUTES
***

CppFlavor       = *
__Heap_Handler  = DLMalloc
__SystemLibrary = DLib


*******************************************************************************
*** PLACEMENT SUMMARY
***

"A1":  place at 0x08000000 { ro section .intvec };
"P1":  place in [from 0x08000000 to 0x080fffff] { ro };
"P2":  place in [from 0x20000000 to 0x2004ffff] { rw, block CSTACK, block HEAP };
initialize by copy { rw };

  Section            Kind        Address     Size  Object
  -------            ----        -------     ----  ------
"A1":                                       0x1c8
  .intvec            ro code  0x08000000    0x1c8  startup_stm32f746xx.o [1]
                            - 0x080001c8    0x1c8

"P1":                                     0x509f1
  .rodata            const    0x080001c8  0x255cc  RIAD_80pt.o [1]
  .rodata            const    0x08025794   0x9a50  RIAD_40pt.o [1]
  .rodata            const    0x0802f1e4   0x5f90  RIAD_30pt.o [1]
  .rodata            const    0x08035174   0x1f5c  RIAD_16pt.o [1]
  .rodata            const    0x080370d0   0x1d4c  GOST_B_23_var.o [1]
  .text              ro code  0x08038e1c   0x1ae0  ff.o [1]
  .text              ro code  0x0803a8fc     0xf8  diskio.o [1]
  .text              ro code  0x0803a9f4     0x38  fatfs.o [1]
  .text              ro code  0x0803aa2c     0x70  ff_gen_drv.o [1]
  .text              ro code  0x0803aa9c   0x1784  userinterface.o [1]
  .text              ro code  0x0803c220    0x6fc  gui.o [1]
  .text              ro code  0x0803c91c    0x30c  calculations.o [1]
  .text              ro code  0x0803cc28    0x1d0  rtc.o [1]
  .text              ro code  0x0803cdf8    0x17c  video.o [1]
  .text              ro code  0x0803cf74   0x11e0  lcd.o [1]
  .text              ro code  0x0803e154     0xf8  timer14.o [1]
  .text              ro code  0x0803e24c    0x4f4  stm32f7xx_hal_ltdc.o [1]
  .text              ro code  0x0803e740     0x80  arm_cos_f32.o [4]
  .text              ro code  0x0803e7c0     0x90  arm_sin_f32.o [4]
  .text              ro code  0x0803e850     0x4e  FltToDbl.o [5]
  .text              ro code  0x0803e89e      0xa  xsprout.o [3]
  .text              ro code  0x0803e8a8     0xe8  DblAdd.o [5]
  .text              ro code  0x0803e990     0x58  DblToI32.o [5]
  .text              ro code  0x0803e9e8    0x1a2  DblMul.o [5]
  .text              ro code  0x0803eb8c     0x90  DblToFlt.o [5]
  .text              ro code  0x0803ec1c   0x10a0  stm32f7xx_hal_i2c.o [1]
  .text              ro code  0x0803fcbc    0x4aa  stm32f7xx_hal_dma2d.o [1]
  .text              ro code  0x08040168    0x142  stm32f7xx_hal_dac.o [1]
  .text              ro code  0x080402ac    0x4e4  stmpe811.o [1]
  .text              ro code  0x08040790    0x230  ltdc.o [1]
  .text              ro code  0x080409c0     0x76  ABImemcpy_unaligned.o [6]
  .text              ro code  0x08040a38    0x180  DblSub.o [5]
  .text              ro code  0x08040bb8     0xc8  i2c.o [1]
  .text              ro code  0x08040c80     0x7c  stm32f7xx_hal.o [1]
  .text              ro code  0x08040cfc     0x6c  dma2d.o [1]
  .text              ro code  0x08040d68     0xb0  dac.o [1]
  .text              ro code  0x08040e18    0x1e0  core.o [1]
  .text              ro code  0x08040ff8    0x28c  stm32f7xx_hal_gpio.o [1]
  .text              ro code  0x08041284    0x16a  stm32f7xx_hal_cortex.o [1]
  .text              ro code  0x080413ee     0x84  stm32f7xx_hal_i2c_ex.o [1]
  .text              ro code  0x08041472     0x46  stm32f7xx_hal_msp.o [1]
  .text              ro code  0x080414b8    0x8c4  stm32f7xx_hal_rcc.o [1]
  .text              ro code  0x08041d7c     0xcc  stm32f7xx_hal_sdram.o [1]
  .text              ro code  0x08041e48     0x60  interrupts.o [1]
  .text              ro code  0x08041ea8    0x210  fmc.o [1]
  .text              ro code  0x080420b8    0x20c  stm32f7xx_ll_fmc.o [1]
  .text              ro code  0x080422c4    0x13c  stm32f7xx_hal_nand.o [1]
  .text              ro code  0x08042400   0x14f4  dlmalloc.o [3]
  .text              ro code  0x080438f4      0x6  abort.o [3]
  .text              ro code  0x080438fc     0x2c  xgetmemchunk.o [3]
  .text              ro code  0x08043928     0x14  exit.o [7]
  .text              ro code  0x0804393c   0x1430  stm32f7xx_hal_sd.o [1]
  .text              ro code  0x08044d6c     0xac  sdmmc.o [1]
  .text              ro code  0x08044e18     0xd0  stm32f7xx_ll_sdmmc.o [1]
  .text              ro code  0x08044ee8   0x11e2  stm32f7xx_hal_hcd.o [1]
  .text              ro code  0x080460cc    0x2e4  usbh_conf.o [1]
  .text              ro code  0x080463b0    0x9c8  stm32f7xx_ll_usb.o [1]
  .text              ro code  0x08046d78    0x59e  usbh_core.o [1]
  .text              ro code  0x08047316     0xd4  usbh_pipes.o [1]
  .text              ro code  0x080473ea    0x5ec  usbh_ctlreq.o [1]
  .text              ro code  0x080479d6    0x10e  usbh_ioreq.o [1]
  .text              ro code  0x08047ae4    0xde2  xprintffull.o [3]
  .text              ro code  0x080488c8     0x16  strchr.o [6]
  .text              ro code  0x080488e0     0x36  strlen.o [6]
  .text              ro code  0x08048918     0x58  memchr.o [6]
  .text              ro code  0x08048970     0xee  I64DivMod.o [6]
  .text              ro code  0x08048a5e     0x44  xdnorm.o [5]
  .text              ro code  0x08048aa4     0x2e  DblCmpLe.o [5]
  .text              ro code  0x08048ad4     0x2e  DblCmpGe.o [5]
  .text              ro code  0x08048b04    0x114  xdscale.o [5]
  .text              ro code  0x08048c18     0x30  I32ToDbl.o [5]
  .text              ro code  0x08048c48    0x256  DblDiv.o [5]
  .text              ro code  0x08048e9e      0xe  div.o [3]
  .text              ro code  0x08048eac      0x2  I64DivZer.o [6]
  .text              ro code  0x08048eae    0x970  usbh_msc.o [1]
  .text              ro code  0x08049820    0x448  usbh_msc_bot.o [1]
  .text              ro code  0x08049c68     0x66  ABImemset.o [6]
  .text              ro code  0x08049cce    0x480  usbh_msc_scsi.o [1]
  .text              ro code  0x0804a150    0x89a  stm32f7xx_hal_uart.o [1]
  .text              ro code  0x0804a9ec    0x1e4  usart.o [1]
  .rodata            const    0x0804abd0    0x804  arm_common_tables.o [4]
  .text              ro code  0x0804b3d4    0x7f8  stm32f7xx_hal_rcc_ex.o [1]
  .rodata            const    0x0804bbcc    0x700  GOST_B_23_var.o [1]
  .rodata            const    0x0804c2cc    0x700  RIAD_16pt.o [1]
  .rodata            const    0x0804c9cc    0x700  RIAD_30pt.o [1]
  .rodata            const    0x0804d0cc    0x700  RIAD_40pt.o [1]
  .rodata            const    0x0804d7cc    0x700  RIAD_80pt.o [1]
  .text              ro code  0x0804decc    0x60e  stm32f7xx_hal_can.o [1]
  .text              ro code  0x0804e4dc    0x1c8  can.o [1]
  .text              ro code  0x0804e6a4    0x388  stm32f7xx_hal_adc.o [1]
  .text              ro code  0x0804ea2c     0xb8  adc.o [1]
  .text              ro code  0x0804eae4    0x380  gpio.o [1]
  .text              ro code  0x0804ee64    0x368  system_stm32f7xx.o [1]
  .text              ro code  0x0804f1cc    0x2e4  stm32f7xx_hal_tim.o [1]
  .text              ro code  0x0804f4b0    0x20c  tim.o [1]
  .text              ro code  0x0804f6bc     0x70  stm32f7xx_hal_tim_ex.o [1]
  .text              ro code  0x0804f72c    0x288  keyboard.o [1]
  .text              ro code  0x0804f9b4    0x234  timer13.o [1]
  .text              ro code  0x0804fbe8     0x3c  sound.o [1]
  .text              ro code  0x0804fc24    0x21c  main.o [1]
  .text              ro code  0x0804fe40     0xe0  spi.o [1]
  .text              ro code  0x0804ff20     0x68  usb_host.o [1]
  .text              ro code  0x0804ff88     0x60  initial.o [1]
  .text              ro code  0x0804ffe8     0x88  stm32f7xx_hal_pwr_ex.o [1]
  .text              ro code  0x08050070     0xda  stm32f7xx_hal_spi.o [1]
  .text              ro code  0x0805014c     0x38  memory.o [1]
  .text              ro code  0x08050184     0x2c  leds.o [1]
  .text              ro code  0x080501b0     0x34  sprintf.o [3]
  .text              ro code  0x080501e4    0x1bc  usbh_diskio.o [1]
  .text              ro code  0x080503a0    0x124  sd_diskio.o [1]
  .text              ro code  0x080504c4     0xd0  bsp_driver_sd.o [1]
  .rodata            const    0x08050594     0xe0  userinterface.o [1]
  .text              ro code  0x08050674     0xe0  stm32f7xx_it.o [1]
  .rodata            const    0x08050754     0x80  ff.o [1]
  .text              ro code  0x080507d4     0x40  zero_init3.o [6]
  .text              ro code  0x08050814     0x38  packbits_init_single.o [6]
  .rodata            const    0x0805084c     0x28  memory.o [1]
  .text              ro code  0x08050874     0x28  data_init.o [6]
  .text              ro code  0x0805089c     0x22  fpinit_M.o [5]
  .iar.init_table    const    0x080508c0     0x20  - Linker created -
  .text              ro code  0x080508e0     0x1a  cmain.o [6]
  .text              ro code  0x080508fa      0x4  low_level_init.o [3]
  .text              ro code  0x080508fe      0x4  exit.o [3]
  .text              ro code  0x08050904      0xa  cexit.o [6]
  .rodata            const    0x08050910     0x18  userinterface.o [1]
  .rodata            const    0x08050928     0x14  sd_diskio.o [1]
  .rodata            const    0x0805093c     0x14  usbh_diskio.o [1]
  .rodata            const    0x08050950     0x10  ff.o [1]
  .rodata            const    0x08050960     0x10  stm32f7xx_hal_rcc.o [1]
  .text              ro code  0x08050970     0x10  startup_stm32f746xx.o [1]
  .text              ro code  0x08050980      0xc  cstartup_M.o [6]
  .rodata            const    0x0805098c      0x8  keyboard.o [1]
  .rodata            const    0x08050994      0x8  userinterface.o [1]
  .rodata            const    0x0805099c      0x8  userinterface.o [1]
  .rodata            const    0x080509a4      0x8  video.o [1]
  .rodata            const    0x080509ac      0x4  usbh_msc.o [1]
  .text              ro code  0x080509b0      0x4  startup_stm32f746xx.o [1]
  .text              ro code  0x080509b4      0x4  startup_stm32f746xx.o [1]
  .text              ro code  0x080509b8      0x4  startup_stm32f746xx.o [1]
  .text              ro code  0x080509bc      0x4  startup_stm32f746xx.o [1]
  .text              ro code  0x080509c0      0x4  startup_stm32f746xx.o [1]
  .text              ro code  0x080509c4      0x4  startup_stm32f746xx.o [1]
  .text              ro code  0x080509c8      0x4  startup_stm32f746xx.o [1]
  .text              ro code  0x080509cc      0x4  startup_stm32f746xx.o [1]
  .text              ro code  0x080509d0      0x4  startup_stm32f746xx.o [1]
  .text              ro code  0x080509d4      0x4  startup_stm32f746xx.o [1]
  .text              ro code  0x080509d8      0x4  startup_stm32f746xx.o [1]
  .text              ro code  0x080509dc      0x4  startup_stm32f746xx.o [1]
  .text              ro code  0x080509e0      0x4  startup_stm32f746xx.o [1]
  .text              ro code  0x080509e4      0x4  startup_stm32f746xx.o [1]
  .text              ro code  0x080509e8      0x4  startup_stm32f746xx.o [1]
  .text              ro code  0x080509ec      0x4  startup_stm32f746xx.o [1]
  .text              ro code  0x080509f0      0x4  startup_stm32f746xx.o [1]
  .text              ro code  0x080509f4      0x4  startup_stm32f746xx.o [1]
  .text              ro code  0x080509f8      0x4  startup_stm32f746xx.o [1]
  .text              ro code  0x080509fc      0x4  startup_stm32f746xx.o [1]
  .text              ro code  0x08050a00      0x4  startup_stm32f746xx.o [1]
  .text              ro code  0x08050a04      0x4  startup_stm32f746xx.o [1]
  .text              ro code  0x08050a08      0x4  startup_stm32f746xx.o [1]
  .text              ro code  0x08050a0c      0x4  startup_stm32f746xx.o [1]
  .text              ro code  0x08050a10      0x4  startup_stm32f746xx.o [1]
  .text              ro code  0x08050a14      0x4  startup_stm32f746xx.o [1]
  .text              ro code  0x08050a18      0x4  startup_stm32f746xx.o [1]
  .text              ro code  0x08050a1c      0x4  startup_stm32f746xx.o [1]
  .text              ro code  0x08050a20      0x4  startup_stm32f746xx.o [1]
  .text              ro code  0x08050a24      0x4  startup_stm32f746xx.o [1]
  .text              ro code  0x08050a28      0x4  startup_stm32f746xx.o [1]
  .text              ro code  0x08050a2c      0x4  startup_stm32f746xx.o [1]
  .text              ro code  0x08050a30      0x4  startup_stm32f746xx.o [1]
  .text              ro code  0x08050a34      0x4  startup_stm32f746xx.o [1]
  .text              ro code  0x08050a38      0x4  startup_stm32f746xx.o [1]
  .text              ro code  0x08050a3c      0x4  startup_stm32f746xx.o [1]
  .text              ro code  0x08050a40      0x4  startup_stm32f746xx.o [1]
  .text              ro code  0x08050a44      0x4  startup_stm32f746xx.o [1]
  .text              ro code  0x08050a48      0x4  startup_stm32f746xx.o [1]
  .text              ro code  0x08050a4c      0x4  startup_stm32f746xx.o [1]
  .text              ro code  0x08050a50      0x4  startup_stm32f746xx.o [1]
  .text              ro code  0x08050a54      0x4  startup_stm32f746xx.o [1]
  .text              ro code  0x08050a58      0x4  startup_stm32f746xx.o [1]
  .text              ro code  0x08050a5c      0x4  startup_stm32f746xx.o [1]
  .text              ro code  0x08050a60      0x4  startup_stm32f746xx.o [1]
  .text              ro code  0x08050a64      0x4  startup_stm32f746xx.o [1]
  .text              ro code  0x08050a68      0x4  startup_stm32f746xx.o [1]
  .text              ro code  0x08050a6c      0x4  startup_stm32f746xx.o [1]
  .text              ro code  0x08050a70      0x4  startup_stm32f746xx.o [1]
  .text              ro code  0x08050a74      0x4  startup_stm32f746xx.o [1]
  .text              ro code  0x08050a78      0x4  startup_stm32f746xx.o [1]
  .text              ro code  0x08050a7c      0x4  startup_stm32f746xx.o [1]
  .text              ro code  0x08050a80      0x4  startup_stm32f746xx.o [1]
  .text              ro code  0x08050a84      0x4  startup_stm32f746xx.o [1]
  .text              ro code  0x08050a88      0x4  startup_stm32f746xx.o [1]
  .text              ro code  0x08050a8c      0x4  startup_stm32f746xx.o [1]
  .text              ro code  0x08050a90      0x4  startup_stm32f746xx.o [1]
  .text              ro code  0x08050a94      0x4  startup_stm32f746xx.o [1]
  .text              ro code  0x08050a98      0x4  startup_stm32f746xx.o [1]
  .text              ro code  0x08050a9c      0x4  startup_stm32f746xx.o [1]
  .text              ro code  0x08050aa0      0x4  startup_stm32f746xx.o [1]
  .text              ro code  0x08050aa4      0x4  startup_stm32f746xx.o [1]
  .text              ro code  0x08050aa8      0x4  startup_stm32f746xx.o [1]
  .text              ro code  0x08050aac      0x4  startup_stm32f746xx.o [1]
  .text              ro code  0x08050ab0      0x4  startup_stm32f746xx.o [1]
  .text              ro code  0x08050ab4      0x4  startup_stm32f746xx.o [1]
  .text              ro code  0x08050ab8      0x4  startup_stm32f746xx.o [1]
  .text              ro code  0x08050abc      0x4  startup_stm32f746xx.o [1]
  .text              ro code  0x08050ac0      0x4  startup_stm32f746xx.o [1]
  .text              ro code  0x08050ac4      0x4  startup_stm32f746xx.o [1]
  .text              ro code  0x08050ac8      0x4  startup_stm32f746xx.o [1]
  .text              ro code  0x08050acc      0x4  startup_stm32f746xx.o [1]
  .text              ro code  0x08050ad0      0x4  startup_stm32f746xx.o [1]
  .text              ro code  0x08050ad4      0x4  startup_stm32f746xx.o [1]
  .text              ro code  0x08050ad8      0x4  startup_stm32f746xx.o [1]
  .text              ro code  0x08050adc      0x4  startup_stm32f746xx.o [1]
  .text              ro code  0x08050ae0      0x4  startup_stm32f746xx.o [1]
  .text              ro code  0x08050ae4      0x4  startup_stm32f746xx.o [1]
  .text              ro code  0x08050ae8      0x4  startup_stm32f746xx.o [1]
  .text              ro code  0x08050aec      0x4  startup_stm32f746xx.o [1]
  .text              ro code  0x08050af0      0x4  startup_stm32f746xx.o [1]
  .text              ro code  0x08050af4      0x4  startup_stm32f746xx.o [1]
  .text              ro code  0x08050af8      0x4  startup_stm32f746xx.o [1]
  .text              ro code  0x08050afc      0x4  startup_stm32f746xx.o [1]
  .text              ro code  0x08050b00      0x4  startup_stm32f746xx.o [1]
  .text              ro code  0x08050b04      0x4  startup_stm32f746xx.o [1]
  .text              ro code  0x08050b08      0x4  startup_stm32f746xx.o [1]
  .text              ro code  0x08050b0c      0x4  startup_stm32f746xx.o [1]
  .rodata            const    0x08050b10      0x0  zero_init3.o [6]
  .rodata            const    0x08050b10      0x0  packbits_init_single.o [6]
  Initializer bytes  const    0x08050b10     0xa9  <for P2-1>
                            - 0x08050bb9  0x509f1

"P2", part 1 of 3:                          0x390
  P2-1                        0x20000000    0x390  <Init block>
    .data            inited   0x20000000    0x100  core.o [1]
    .data            inited   0x20000100    0x100  core.o [1]
    .data            inited   0x20000200    0x100  core.o [1]
    .data            inited   0x20000300      0xc  GOST_B_23_var.o [1]
    .data            inited   0x2000030c      0xc  RIAD_16pt.o [1]
    .data            inited   0x20000318      0xc  RIAD_30pt.o [1]
    .data            inited   0x20000324      0xc  RIAD_40pt.o [1]
    .data            inited   0x20000330      0xc  RIAD_80pt.o [1]
    .data            inited   0x2000033c      0xc  stmpe811.o [1]
    .data            inited   0x20000348      0x4  system_stm32f7xx.o [1]
    .data            inited   0x2000034c     0x20  usbh_msc.o [1]
    .data            inited   0x2000036c      0xc  userinterface.o [1]
    .data            inited   0x20000378      0xc  userinterface.o [1]
    .data            inited   0x20000384      0x8  userinterface.o [1]
    .data            inited   0x2000038c      0x2  keyboard.o [1]
    .data            inited   0x2000038e      0x1  keyboard.o [1]
    .data            inited   0x2000038f      0x1  sd_diskio.o [1]
                            - 0x20000390    0x390

"P2", part 2 of 3:                         0x2200
  CSTACK                      0x20000390   0x2000  <Block>
    CSTACK           uninit   0x20000390   0x2000  <Block tail>
  HEAP                        0x20002390    0x200  <Block>
    HEAP             uninit   0x20002390    0x200  <Block tail>
                            - 0x20002590   0x2200

"P2", part 3 of 3:                         0x2020
  .bss               zero     0x20002590    0xa00  gui.o [1]
  .bss               zero     0x20002f90    0x4b4  userinterface.o [1]
  .bss               zero     0x20003444    0x3c8  usb_host.o [1]
  .bss               zero     0x2000380c    0x294  usbh_conf.o [1]
  .bss               zero     0x20003aa0    0x1d8  dlmalloc.o [3]
  .bss               zero     0x20003c78     0xa8  ltdc.o [1]
  .bss               zero     0x20003d20     0xa0  userinterface.o [1]
  .bss               zero     0x20003dc0     0x80  userinterface.o [1]
  .bss               zero     0x20003e40     0x70  usart.o [1]
  .bss               zero     0x20003eb0     0x70  usart.o [1]
  .bss               zero     0x20003f20     0x70  usart.o [1]
  .bss               zero     0x20003f90     0x64  spi.o [1]
  .bss               zero     0x20003ff4     0x60  calculations.o [1]
  .bss               zero     0x20004054     0x60  sdmmc.o [1]
  .bss               zero     0x200040b4     0x4c  userinterface.o [1]
  .bss               zero     0x20004100     0x58  sdmmc.o [1]
  .bss               zero     0x20004158     0x48  adc.o [1]
  .bss               zero     0x200041a0     0x40  can.o [1]
  .bss               zero     0x200041e0     0x40  can.o [1]
  .bss               zero     0x20004220     0x40  dma2d.o [1]
  .bss               zero     0x20004260     0x3c  i2c.o [1]
  .bss               zero     0x2000429c     0x3c  tim.o [1]
  .bss               zero     0x200042d8     0x3c  tim.o [1]
  .bss               zero     0x20004314     0x3c  tim.o [1]
  .bss               zero     0x20004350     0x3c  tim.o [1]
  .bss               zero     0x2000438c     0x3c  tim.o [1]
  .bss               zero     0x200043c8     0x38  fmc.o [1]
  .bss               zero     0x20004400     0x34  fmc.o [1]
  .bss               zero     0x20004434     0x28  gui.o [1]
  .bss               zero     0x2000445c     0x18  ff.o [1]
  .bss               zero     0x20004474     0x18  lcd.o [1]
  .bss               zero     0x2000448c     0x18  dlmalloc.o [3]
  .bss               zero     0x200044a4     0x14  dac.o [1]
  .bss               zero     0x200044b8     0x14  ff_gen_drv.o [1]
  .bss               zero     0x200044cc      0xc  ff.o [1]
  .bss               zero     0x200044d8      0x8  sound.o [1]
  .bss               zero     0x200044e0      0x8  stmpe811.o [1]
  .bss               zero     0x200044e8      0x8  userinterface.o [1]
  .bss               zero     0x200044f0      0x8  userinterface.o [1]
  .bss               zero     0x200044f8      0x8  userinterface.o [1]
  .bss               zero     0x20004500      0x4  calculations.o [1]
  .bss               zero     0x20004504      0x4  calculations.o [1]
  .bss               zero     0x20004508      0x4  calculations.o [1]
  .bss               zero     0x2000450c      0x4  calculations.o [1]
  .bss               zero     0x20004510      0x4  calculations.o [1]
  .bss               zero     0x20004514      0x4  calculations.o [1]
  .bss               zero     0x20004518      0x4  can.o [1]
  .bss               zero     0x2000451c      0x4  fatfs.o [1]
  .bss               zero     0x20004520      0x4  fatfs.o [1]
  .bss               zero     0x20004524      0x4  fmc.o [1]
  .bss               zero     0x20004528      0x4  gui.o [1]
  .bss               zero     0x2000452c      0x4  gui.o [1]
  .bss               zero     0x20004530      0x4  gui.o [1]
  .bss               zero     0x20004534      0x4  gui.o [1]
  .bss               zero     0x20004538      0x4  keyboard.o [1]
  .bss               zero     0x2000453c      0x4  keyboard.o [1]
  .bss               zero     0x20004540      0x4  lcd.o [1]
  .bss               zero     0x20004544      0x4  lcd.o [1]
  .bss               zero     0x20004548      0x4  lcd.o [1]
  .bss               zero     0x2000454c      0x4  lcd.o [1]
  .bss               zero     0x20004550      0x4  lcd.o [1]
  .bss               zero     0x20004554      0x4  lcd.o [1]
  .bss               zero     0x20004558      0x4  lcd.o [1]
  .bss               zero     0x2000455c      0x4  lcd.o [1]
  .bss               zero     0x20004560      0x4  lcd.o [1]
  .bss               zero     0x20004564      0x4  lcd.o [1]
  .bss               zero     0x20004568      0x4  lcd.o [1]
  .bss               zero     0x2000456c      0x4  stm32f7xx_hal.o [1]
  .bss               zero     0x20004570      0x4  stmpe811.o [1]
  .bss               zero     0x20004574      0x4  stmpe811.o [1]
  .bss               zero     0x20004578      0x4  timer13.o [1]
  .bss               zero     0x2000457c      0x4  timer13.o [1]
  .bss               zero     0x20004580      0x4  timer14.o [1]
  .bss               zero     0x20004584      0x4  userinterface.o [1]
  .bss               zero     0x20004588      0x4  userinterface.o [1]
  .bss               zero     0x2000458c      0x4  xgetmemchunk.o [3]
  .bss               zero     0x20004590      0x2  ff.o [1]
  .bss               zero     0x20004592      0x2  lcd.o [1]
  .bss               zero     0x20004594      0x2  lcd.o [1]
  .bss               zero     0x20004596      0x1  calculations.o [1]
  .bss               zero     0x20004597      0x1  core.o [1]
  .bss               zero     0x20004598      0x1  core.o [1]
  .bss               zero     0x20004599      0x1  core.o [1]
  .bss               zero     0x2000459a      0x1  core.o [1]
  .bss               zero     0x2000459b      0x1  core.o [1]
  .bss               zero     0x2000459c      0x1  core.o [1]
  .bss               zero     0x2000459d      0x1  fatfs.o [1]
  .bss               zero     0x2000459e      0x1  fatfs.o [1]
  .bss               zero     0x2000459f      0x1  keyboard.o [1]
  .bss               zero     0x200045a0      0x1  keyboard.o [1]
  .bss               zero     0x200045a1      0x1  keyboard.o [1]
  .bss               zero     0x200045a2      0x1  keyboard.o [1]
  .bss               zero     0x200045a3      0x1  lcd.o [1]
  .bss               zero     0x200045a4      0x1  lcd.o [1]
  .bss               zero     0x200045a5      0x1  lcd.o [1]
  .bss               zero     0x200045a6      0x1  lcd.o [1]
  .bss               zero     0x200045a7      0x1  stmpe811.o [1]
  .bss               zero     0x200045a8      0x1  timer13.o [1]
  .bss               zero     0x200045a9      0x1  timer14.o [1]
  .bss               zero     0x200045aa      0x1  usb_host.o [1]
  .bss               zero     0x200045ab      0x1  userinterface.o [1]
  .bss               zero     0x200045ac      0x1  userinterface.o [1]
  .bss               zero     0x200045ad      0x1  video.o [1]
                            - 0x200045ae   0x201e


*******************************************************************************
*** INIT TABLE
***

          Address     Size
          -------     ----
Zero (__iar_zero_init3)
    1 destination range, total size 0x201e:
          0x20002590  0x201e

Copy/packbits (__iar_packbits_init_single3)
    1 source range, total size 0xa9 (18% of destination):
          0x08050b10    0xa9
    1 destination range, total size 0x390:
          0x20000000   0x390



*******************************************************************************
*** MODULE SUMMARY
***

    Module                  ro code  ro data  rw data
    ------                  -------  -------  -------
E:\PLC\IAR\PLC\EWARM\PLC\Obj: [1]
    GOST_B_23_var.o                    9 294       12
    RIAD_16pt.o                        9 822       12
    RIAD_30pt.o                       26 258       12
    RIAD_40pt.o                       41 299       12
    RIAD_80pt.o                      154 830       12
    adc.o                       184                72
    bsp_driver_sd.o             208
    calculations.o              780               121
    can.o                       456               132
    core.o                      480      142      774
    dac.o                       176                20
    diskio.o                    248
    dma2d.o                     108                64
    fatfs.o                      56                10
    ff.o                      6 880      144       38
    ff_gen_drv.o                112                20
    fmc.o                       528               112
    gpio.o                      896
    gui.o                     1 788             2 616
    i2c.o                       200                60
    initial.o                    96
    interrupts.o                 96
    keyboard.o                  648        8       15
    lcd.o                     4 576                76
    leds.o                       44
    ltdc.o                      560               168
    main.o                      540
    memory.o                     56       40
    rtc.o                       464
    sd_diskio.o                 292       21        1
    sdmmc.o                     172               184
    sound.o                      60                 8
    spi.o                       224               100
    startup_stm32f746xx.o       824
    stm32f7xx_hal.o             124                 4
    stm32f7xx_hal_adc.o         904
    stm32f7xx_hal_can.o       1 550
    stm32f7xx_hal_cortex.o      362
    stm32f7xx_hal_dac.o         322
    stm32f7xx_hal_dma2d.o     1 194
    stm32f7xx_hal_gpio.o        652
    stm32f7xx_hal_hcd.o       4 578
    stm32f7xx_hal_i2c.o       4 256
    stm32f7xx_hal_i2c_ex.o      132
    stm32f7xx_hal_ltdc.o      1 268
    stm32f7xx_hal_msp.o          70
    stm32f7xx_hal_nand.o        316
    stm32f7xx_hal_pwr_ex.o      136
    stm32f7xx_hal_rcc.o       2 244       16
    stm32f7xx_hal_rcc_ex.o    2 040
    stm32f7xx_hal_sd.o        5 168
    stm32f7xx_hal_sdram.o       204
    stm32f7xx_hal_spi.o         218
    stm32f7xx_hal_tim.o         740
    stm32f7xx_hal_tim_ex.o      112
    stm32f7xx_hal_uart.o      2 202
    stm32f7xx_it.o              224
    stm32f7xx_ll_fmc.o          524
    stm32f7xx_ll_sdmmc.o        208
    stm32f7xx_ll_usb.o        2 504
    stmpe811.o                1 252        2       29
    system_stm32f7xx.o          872        1        4
    tim.o                       524               300
    timer13.o                   564                 9
    timer14.o                   248                 5
    usart.o                     484               336
    usb_host.o                  104               969
    usbh_conf.o                 740               660
    usbh_core.o               1 438
    usbh_ctlreq.o             1 516
    usbh_diskio.o               444       20
    usbh_ioreq.o                270
    usbh_msc.o                2 416       10       32
    usbh_msc_bot.o            1 096
    usbh_msc_scsi.o           1 152
    usbh_pipes.o                212
    userinterface.o           6 020      270    1 634
    video.o                     380        8        1
    -------------------------------------------------
    Total:                   73 736  242 185    8 634

command line: [2]
    -------------------------------------------------
    Total:

dl7M_tln.a: [3]
    abort.o                       6
    div.o                        14
    dlmalloc.o                5 364               496
    exit.o                        4
    low_level_init.o              4
    sprintf.o                    52
    xgetmemchunk.o               44                 4
    xprintffull.o             3 554
    xsprout.o                    10
    -------------------------------------------------
    Total:                    9 052               500

iar_cortexM7ls_math.a: [4]
    arm_common_tables.o                2 052
    arm_cos_f32.o               128
    arm_sin_f32.o               144
    -------------------------------------------------
    Total:                      272    2 052

m7M_tls.a: [5]
    DblAdd.o                    232
    DblCmpGe.o                   46
    DblCmpLe.o                   46
    DblDiv.o                    598
    DblMul.o                    418
    DblSub.o                    384
    DblToFlt.o                  144
    DblToI32.o                   88
    FltToDbl.o                   78
    I32ToDbl.o                   48
    fpinit_M.o                   34
    xdnorm.o                     68
    xdscale.o                   276
    -------------------------------------------------
    Total:                    2 460

rt7M_tl.a: [6]
    ABImemcpy_unaligned.o       118
    ABImemset.o                 102
    I64DivMod.o                 238
    I64DivZer.o                   2
    cexit.o                      10
    cmain.o                      26
    cstartup_M.o                 12
    data_init.o                  40
    memchr.o                     88
    packbits_init_single.o       56
    strchr.o                     22
    strlen.o                     54
    zero_init3.o                 64
    -------------------------------------------------
    Total:                      832

shb_l.a: [7]
    exit.o                       20
    -------------------------------------------------
    Total:                       20

    Gaps                         36        4
    Linker created                        32    8 704
-----------------------------------------------------
    Grand Total:             86 408  244 273   17 838


*******************************************************************************
*** ENTRY LIST
***

Entry                      Address     Size  Type      Object
-----                      -------     ----  ----      ------
.iar.init_table$$Base   0x080508c0            --   Gb  - Linker created -
.iar.init_table$$Limit  0x080508e0            --   Gb  - Linker created -
?main                   0x080508e1           Code  Gb  cmain.o [6]
ADC_Init                0x0804e8ad    0x168  Code  Lc  stm32f7xx_hal_adc.o [1]
APBAHBPrescTable        0x08050960     0x10  Data  Gb  stm32f7xx_hal_rcc.o [1]
ActiveLayer             0x20004540      0x4  Data  Lc  lcd.o [1]
Appli_state             0x200045aa      0x1  Data  Gb  usb_host.o [1]
BSP_SD_GetCardInfo      0x0805056d      0xe  Code  Gb  bsp_driver_sd.o [1]
BSP_SD_GetStatus        0x08050563      0xa  Code  Gb  bsp_driver_sd.o [1]
BSP_SD_Init             0x080504c5     0x3e  Code  Gb  bsp_driver_sd.o [1]
BSP_SD_IsDetected       0x08050585     0x10  Code  Gb  bsp_driver_sd.o [1]
BSP_SD_ReadBlocks       0x08050503     0x30  Code  Gb  bsp_driver_sd.o [1]
BSP_SD_WriteBlocks      0x08050533     0x30  Code  Gb  bsp_driver_sd.o [1]
Bip                     0x0804fbe9     0x3c  Code  Gb  sound.o [1]
CAN1_RX0_IRQHandler     0x08050697      0xa  Code  Gb  stm32f7xx_it.o [1]
CAN1_RX1_IRQHandler     0x080506a1      0xa  Code  Gb  stm32f7xx_it.o [1]
CAN1_TX_IRQHandler      0x0805068d      0xa  Code  Gb  stm32f7xx_it.o [1]
CAN_Receive_IT          0x0804e337    0x1a4  Code  Lc  stm32f7xx_hal_can.o [1]
CAN_Transmit_IT         0x0804e2c3     0x74  Code  Lc  stm32f7xx_hal_can.o [1]
CSTACK$$Base            0x20000390            --   Gb  - Linker created -
CSTACK$$Limit           0x20002390            --   Gb  - Linker created -
DISP                    0x200044f0      0x8  Data  Gb  userinterface.o [1]
DMA2D_IRQHandler        0x0805071d      0xa  Code  Gb  stm32f7xx_it.o [1]
DMA2D_SetConfig         0x08040065    0x102  Code  Lc  stm32f7xx_hal_dma2d.o [1]
DeInitStateMachine      0x08046db3     0x5c  Code  Lc  usbh_core.o [1]
DealNumber              0x200045a9      0x1  Data  Gb  timer14.o [1]
DelayOnFastQ            0x08040f1d     0x16  Code  Gb  core.o [1]
DrawChar                0x0803d9d3    0x100  Code  Lc  lcd.o [1]
DrawFastLineHorizontal  0x0803dce1     0x84  Code  Gb  lcd.o [1]
DrawFastLineHorizontal::address
                        0x20004560      0x4  Data  Lc  lcd.o [1]
DrawFastLineHorizontal::color
                        0x2000455c      0x4  Data  Lc  lcd.o [1]
DrawFastLineHorizontal::temp
                        0x20004558      0x4  Data  Lc  lcd.o [1]
DrawFastLineVertical    0x0803dc5f     0x82  Code  Gb  lcd.o [1]
DrawFastLineVertical::address
                        0x20004554      0x4  Data  Lc  lcd.o [1]
DrawFastLineVertical::color
                        0x20004550      0x4  Data  Lc  lcd.o [1]
DrawFastLineVertical::temp
                        0x2000454c      0x4  Data  Lc  lcd.o [1]
DrawProp                0x20004474     0x18  Data  Lc  lcd.o [1]
EXTI0_IRQHandler        0x08050683      0xa  Code  Gb  stm32f7xx_it.o [1]
EXTI9_5_IRQHandler      0x08041e73     0x24  Code  Gb  interrupts.o [1]
ExCvt                   0x08050754     0x80  Data  Lc  ff.o [1]
FATFS_LinkDriver        0x0803aa85     0x12  Code  Gb  ff_gen_drv.o [1]
FATFS_LinkDriverEx      0x0803aa2d     0x58  Code  Gb  ff_gen_drv.o [1]
FMC_IRQHandler          0x080506e5     0x10  Code  Gb  stm32f7xx_it.o [1]
FMC_Initialized         0x20004524      0x4  Data  Lc  fmc.o [1]
FMC_NAND_AttributeSpace_Timing_Init
                        0x08042121     0x2c  Code  Gb  stm32f7xx_ll_fmc.o [1]
FMC_NAND_CommonSpace_Timing_Init
                        0x080420f5     0x2c  Code  Gb  stm32f7xx_ll_fmc.o [1]
FMC_NAND_Init           0x080420b9     0x36  Code  Gb  stm32f7xx_ll_fmc.o [1]
FMC_SDRAM_Init          0x0804214d     0x7c  Code  Gb  stm32f7xx_ll_fmc.o [1]
FMC_SDRAM_ProgramRefreshRate
                        0x080422b7      0xe  Code  Gb  stm32f7xx_ll_fmc.o [1]
FMC_SDRAM_SendCommand   0x08042267     0x50  Code  Gb  stm32f7xx_ll_fmc.o [1]
FMC_SDRAM_Timing_Init   0x080421c9     0x9e  Code  Gb  stm32f7xx_ll_fmc.o [1]
F_first                 0x20004599      0x1  Data  Gb  core.o [1]
F_last                  0x20004598      0x1  Data  Gb  core.o [1]
F_pull                  0x08040ec1     0x5c  Code  Gb  core.o [1]
Fast_LCD_DrawPixel      0x0803d6ed     0x84  Code  Gb  lcd.o [1]
Fast_LCD_DrawPixel::addressDraw
                        0x20004548      0x4  Data  Lc  lcd.o [1]
FatFs                   0x200044cc      0xc  Data  Lc  ff.o [1]
Files                   0x2000445c     0x18  Data  Lc  ff.o [1]
FillImageSoft           0x0803ddd3     0x48  Code  Gb  lcd.o [1]
FillStructIMG           0x0803ba09     0xe2  Code  Gb  userinterface.o [1]
FillStructIMG::Name     0x20000384      0x8  Data  Lc  userinterface.o [1]
Fsid                    0x20004590      0x2  Data  Lc  ff.o [1]
GOST_B_23_var           0x20000300      0xc  Data  Gb  GOST_B_23_var.o [1]
GUI_Free                0x0803c221     0x70  Code  Gb  gui.o [1]
GUI_Objects             0x20002590    0xa00  Data  Lc  gui.o [1]
GUI_Release             0x0803c3ab    0x4e8  Code  Gb  gui.o [1]
GUI_Release::i          0x20004530      0x4  Data  Lc  gui.o [1]
GUI_Release::j          0x20004534      0x4  Data  Lc  gui.o [1]
GUI_SetObject           0x0803c291    0x11a  Code  Gb  gui.o [1]
GUI_SetObject::NullObj  0x20004434     0x28  Data  Lc  gui.o [1]
GUI_SetObject::i        0x20004528      0x4  Data  Lc  gui.o [1]
GUI_SetObject::j        0x2000452c      0x4  Data  Lc  gui.o [1]
GenerateKbdMessages     0x0804f8eb     0x9e  Code  Gb  keyboard.o [1]
GenerateKbdMessages::Event
                        0x200045a1      0x1  Data  Lc  keyboard.o [1]
GenerateKbdMessages::i  0x200045a2      0x1  Data  Lc  keyboard.o [1]
GetDateToStr            0x0803cd25     0x6e  Code  Gb  rtc.o [1]
GetTimeToStr            0x0803cd93     0x66  Code  Gb  rtc.o [1]
HAL_ADC_ConfigChannel   0x0804e70d    0x1a0  Code  Gb  stm32f7xx_hal_adc.o [1]
HAL_ADC_Init            0x0804e6a5     0x68  Code  Gb  stm32f7xx_hal_adc.o [1]
HAL_ADC_MspInit         0x0804ea93     0x42  Code  Gb  adc.o [1]
HAL_CAN_ErrorCallback   0x0804e2c1      0x2  Code  Wk  stm32f7xx_hal_can.o [1]
HAL_CAN_IRQHandler      0x0804e08d    0x222  Code  Gb  stm32f7xx_hal_can.o [1]
HAL_CAN_Init            0x0804decd    0x1c0  Code  Gb  stm32f7xx_hal_can.o [1]
HAL_CAN_MspInit         0x0804e589     0xfe  Code  Gb  can.o [1]
HAL_CAN_RxCpltCallback  0x0804e2bf      0x2  Code  Wk  stm32f7xx_hal_can.o [1]
HAL_CAN_TxCpltCallback  0x0804e2bd      0x2  Code  Wk  stm32f7xx_hal_can.o [1]
HAL_DAC_ConfigChannel   0x08040225     0x56  Code  Gb  stm32f7xx_hal_dac.o [1]
HAL_DAC_Init            0x08040169     0x2c  Code  Gb  stm32f7xx_hal_dac.o [1]
HAL_DAC_MspInit         0x08040dc7     0x42  Code  Gb  dac.o [1]
HAL_DAC_SetValue        0x0804027b     0x30  Code  Gb  stm32f7xx_hal_dac.o [1]
HAL_DAC_Start           0x08040195     0x90  Code  Gb  stm32f7xx_hal_dac.o [1]
HAL_DMA2D_ConfigLayer   0x0803ff45    0x11a  Code  Gb  stm32f7xx_hal_dma2d.o [1]
HAL_DMA2D_IRQHandler    0x0803fe7d     0xc8  Code  Gb  stm32f7xx_hal_dma2d.o [1]
HAL_DMA2D_Init          0x0803fcbd     0x6c  Code  Gb  stm32f7xx_hal_dma2d.o [1]
HAL_DMA2D_MspInit       0x08040d21     0x3c  Code  Gb  dma2d.o [1]
HAL_DMA2D_PollForTransfer
                        0x0803fd81     0xfc  Code  Gb  stm32f7xx_hal_dma2d.o [1]
HAL_DMA2D_Start         0x0803fd29     0x58  Code  Gb  stm32f7xx_hal_dma2d.o [1]
HAL_Delay               0x08040cd9     0x1a  Code  Wk  stm32f7xx_hal.o [1]
HAL_FMC_MspInit         0x08041fa1     0xd6  Code  Lc  fmc.o [1]
HAL_GPIO_EXTI_Callback  0x08041e5d     0x16  Code  Gb  interrupts.o [1]
HAL_GPIO_EXTI_IRQHandler
                        0x08041221     0x1e  Code  Gb  stm32f7xx_hal_gpio.o [1]
HAL_GPIO_Init           0x08040ff9    0x1fc  Code  Gb  stm32f7xx_hal_gpio.o [1]
HAL_GPIO_ReadPin        0x080411f5     0x18  Code  Gb  stm32f7xx_hal_gpio.o [1]
HAL_GPIO_WritePin       0x0804120d     0x14  Code  Gb  stm32f7xx_hal_gpio.o [1]
HAL_GetTick             0x08040cd3      0x6  Code  Wk  stm32f7xx_hal.o [1]
HAL_HCD_Connect_Callback
                        0x08046153      0xe  Code  Gb  usbh_conf.o [1]
HAL_HCD_Disconnect_Callback
                        0x08046161      0xe  Code  Gb  usbh_conf.o [1]
HAL_HCD_GetCurrentFrame
                        0x080454c7      0xc  Code  Gb  stm32f7xx_hal_hcd.o [1]
HAL_HCD_GetCurrentSpeed
                        0x080454d3      0xc  Code  Gb  stm32f7xx_hal_hcd.o [1]
HAL_HCD_HC_GetURBState  0x080454ad      0xe  Code  Gb  stm32f7xx_hal_hcd.o [1]
HAL_HCD_HC_GetXferCount
                        0x080454bb      0xc  Code  Gb  stm32f7xx_hal_hcd.o [1]
HAL_HCD_HC_Halt         0x08045019     0x30  Code  Gb  stm32f7xx_hal_hcd.o [1]
HAL_HCD_HC_Init         0x08044f45     0xd4  Code  Gb  stm32f7xx_hal_hcd.o [1]
HAL_HCD_HC_NotifyURBChange_Callback
                        0x0804616f      0x2  Code  Gb  usbh_conf.o [1]
HAL_HCD_HC_SubmitRequest
                        0x08045049    0x2c4  Code  Gb  stm32f7xx_hal_hcd.o [1]
HAL_HCD_IRQHandler      0x0804530d    0x140  Code  Gb  stm32f7xx_hal_hcd.o [1]
HAL_HCD_Init            0x08044ee9     0x5c  Code  Gb  stm32f7xx_hal_hcd.o [1]
HAL_HCD_MspInit         0x080460cd     0x78  Code  Gb  usbh_conf.o [1]
HAL_HCD_ResetPort       0x080454a1      0xc  Code  Gb  stm32f7xx_hal_hcd.o [1]
HAL_HCD_SOF_Callback    0x08046145      0xe  Code  Gb  usbh_conf.o [1]
HAL_HCD_Start           0x0804544d     0x2e  Code  Gb  stm32f7xx_hal_hcd.o [1]
HAL_HCD_Stop            0x0804547b     0x26  Code  Gb  stm32f7xx_hal_hcd.o [1]
HAL_I2CEx_ConfigAnalogFilter
                        0x080413ef     0x84  Code  Gb  stm32f7xx_hal_i2c_ex.o [1]
HAL_I2C_ER_IRQHandler   0x0803f3f7     0x78  Code  Gb  stm32f7xx_hal_i2c.o [1]
HAL_I2C_EV_IRQHandler   0x0803f2c9    0x12e  Code  Gb  stm32f7xx_hal_i2c.o [1]
HAL_I2C_ErrorCallback   0x0803f47b      0x2  Code  Wk  stm32f7xx_hal_i2c.o [1]
HAL_I2C_Init            0x0803ec1d     0xbc  Code  Gb  stm32f7xx_hal_i2c.o [1]
HAL_I2C_MasterRxCpltCallback
                        0x0803f471      0x2  Code  Wk  stm32f7xx_hal_i2c.o [1]
HAL_I2C_MasterTxCpltCallback
                        0x0803f46f      0x2  Code  Wk  stm32f7xx_hal_i2c.o [1]
HAL_I2C_Master_Receive  0x0803ee37    0x15e  Code  Gb  stm32f7xx_hal_i2c.o [1]
HAL_I2C_Master_Transmit
                        0x0803ecd9    0x15e  Code  Gb  stm32f7xx_hal_i2c.o [1]
HAL_I2C_MemRxCpltCallback
                        0x0803f479      0x2  Code  Wk  stm32f7xx_hal_i2c.o [1]
HAL_I2C_MemTxCpltCallback
                        0x0803f477      0x2  Code  Wk  stm32f7xx_hal_i2c.o [1]
HAL_I2C_Mem_Read        0x0803f12d    0x196  Code  Gb  stm32f7xx_hal_i2c.o [1]
HAL_I2C_Mem_Write       0x0803ef95    0x198  Code  Gb  stm32f7xx_hal_i2c.o [1]
HAL_I2C_MspInit         0x08040c03     0x6a  Code  Gb  i2c.o [1]
HAL_I2C_SlaveRxCpltCallback
                        0x0803f475      0x2  Code  Wk  stm32f7xx_hal_i2c.o [1]
HAL_I2C_SlaveTxCpltCallback
                        0x0803f473      0x2  Code  Wk  stm32f7xx_hal_i2c.o [1]
HAL_IncTick             0x08040cc7      0xc  Code  Wk  stm32f7xx_hal.o [1]
HAL_Init                0x08040c81     0x22  Code  Gb  stm32f7xx_hal.o [1]
HAL_InitTick            0x08040ca3     0x24  Code  Wk  stm32f7xx_hal.o [1]
HAL_LTDC_ConfigLayer    0x0803e421     0x52  Code  Gb  stm32f7xx_hal_ltdc.o [1]
HAL_LTDC_ErrorCallback  0x0803e41d      0x2  Code  Wk  stm32f7xx_hal_ltdc.o [1]
HAL_LTDC_IRQHandler     0x0803e387     0x96  Code  Gb  stm32f7xx_hal_ltdc.o [1]
HAL_LTDC_Init           0x0803e24d    0x13a  Code  Gb  stm32f7xx_hal_ltdc.o [1]
HAL_LTDC_LineEventCallback
                        0x0803e41f      0x2  Code  Wk  stm32f7xx_hal_ltdc.o [1]
HAL_LTDC_MspInit        0x080408bb     0xe2  Code  Gb  ltdc.o [1]
HAL_LTDC_SetAddress     0x0803e473     0x4e  Code  Gb  stm32f7xx_hal_ltdc.o [1]
HAL_MspInit             0x08041473     0x46  Code  Gb  stm32f7xx_hal_msp.o [1]
HAL_NAND_IRQHandler     0x0804231b     0x74  Code  Gb  stm32f7xx_hal_nand.o [1]
HAL_NAND_ITCallback     0x0804238f      0x2  Code  Wk  stm32f7xx_hal_nand.o [1]
HAL_NAND_Init           0x080422c5     0x56  Code  Gb  stm32f7xx_hal_nand.o [1]
HAL_NAND_MspInit        0x08042077      0xa  Code  Gb  fmc.o [1]
HAL_NAND_Read_ID        0x08042391     0x70  Code  Gb  stm32f7xx_hal_nand.o [1]
HAL_NVIC_EnableIRQ      0x08041387      0xe  Code  Gb  stm32f7xx_hal_cortex.o [1]
HAL_NVIC_SetPriority    0x08041361     0x26  Code  Gb  stm32f7xx_hal_cortex.o [1]
HAL_NVIC_SetPriorityGrouping
                        0x08041355      0xc  Code  Gb  stm32f7xx_hal_cortex.o [1]
HAL_PWREx_EnableOverDrive
                        0x0804ffe9     0x7a  Code  Gb  stm32f7xx_hal_pwr_ex.o [1]
HAL_RCCEx_PeriphCLKConfig
                        0x0804b3d5    0x7cc  Code  Gb  stm32f7xx_hal_rcc_ex.o [1]
HAL_RCC_CAN1_CLK_ENABLED
                        0x20004518      0x4  Data  Lc  can.o [1]
HAL_RCC_ClockConfig     0x080419d3    0x25a  Code  Gb  stm32f7xx_hal_rcc.o [1]
HAL_RCC_EnableCSS       0x08041c2d      0xe  Code  Gb  stm32f7xx_hal_rcc.o [1]
HAL_RCC_GetHCLKFreq     0x08041cdf     0x28  Code  Gb  stm32f7xx_hal_rcc.o [1]
HAL_RCC_GetPCLK1Freq    0x08041d07     0x20  Code  Gb  stm32f7xx_hal_rcc.o [1]
HAL_RCC_GetPCLK2Freq    0x08041d27     0x20  Code  Gb  stm32f7xx_hal_rcc.o [1]
HAL_RCC_GetSysClockFreq
                        0x08041c3b     0xa4  Code  Gb  stm32f7xx_hal_rcc.o [1]
HAL_RCC_OscConfig       0x080414b9    0x51a  Code  Gb  stm32f7xx_hal_rcc.o [1]
HAL_SDRAM_IRQHandler    0x08041dc1     0x20  Code  Gb  stm32f7xx_hal_sdram.o [1]
HAL_SDRAM_Init          0x08041d7d     0x44  Code  Gb  stm32f7xx_hal_sdram.o [1]
HAL_SDRAM_MspInit       0x08042081      0xa  Code  Gb  fmc.o [1]
HAL_SDRAM_ProgramRefreshRate
                        0x08041e1f     0x2a  Code  Gb  stm32f7xx_hal_sdram.o [1]
HAL_SDRAM_RefreshErrorCallback
                        0x08041de1      0x2  Code  Wk  stm32f7xx_hal_sdram.o [1]
HAL_SDRAM_SendCommand   0x08041de3     0x3c  Code  Gb  stm32f7xx_hal_sdram.o [1]
HAL_SD_GetStatus        0x0804429f     0x26  Code  Gb  stm32f7xx_hal_sd.o [1]
HAL_SD_Get_CardInfo     0x08043e73    0x362  Code  Gb  stm32f7xx_hal_sd.o [1]
HAL_SD_Init             0x0804393d     0xb6  Code  Gb  stm32f7xx_hal_sd.o [1]
HAL_SD_MspInit          0x08044d9b     0x68  Code  Gb  sdmmc.o [1]
HAL_SD_ReadBlocks       0x080439f3    0x1f6  Code  Gb  stm32f7xx_hal_sd.o [1]
HAL_SD_StopTransfer     0x08044267     0x38  Code  Gb  stm32f7xx_hal_sd.o [1]
HAL_SD_WideBusOperation_Config
                        0x080441d5     0x92  Code  Gb  stm32f7xx_hal_sd.o [1]
HAL_SD_WriteBlocks      0x08043be9    0x28a  Code  Gb  stm32f7xx_hal_sd.o [1]
HAL_SPI_Init            0x08050071     0xda  Code  Gb  stm32f7xx_hal_spi.o [1]
HAL_SPI_MspInit         0x0804fea3     0x68  Code  Gb  spi.o [1]
HAL_SYSTICK_CLKSourceConfig
                        0x080413a1     0x22  Code  Gb  stm32f7xx_hal_cortex.o [1]
HAL_SYSTICK_Callback    0x080413ed      0x2  Code  Wk  stm32f7xx_hal_cortex.o [1]
HAL_SYSTICK_Config      0x08041395      0xc  Code  Gb  stm32f7xx_hal_cortex.o [1]
HAL_SYSTICK_IRQHandler  0x080413e5      0x8  Code  Gb  stm32f7xx_hal_cortex.o [1]
HAL_TIMEx_BreakCallback
                        0x0804f721      0x2  Code  Wk  stm32f7xx_hal_tim_ex.o [1]
HAL_TIMEx_CommutationCallback
                        0x0804f71f      0x2  Code  Wk  stm32f7xx_hal_tim_ex.o [1]
HAL_TIMEx_MasterConfigSynchronization
                        0x0804f6bd     0x62  Code  Gb  stm32f7xx_hal_tim_ex.o [1]
HAL_TIM_Base_Init       0x0804f1cd     0x32  Code  Gb  stm32f7xx_hal_tim.o [1]
HAL_TIM_Base_MspInit    0x0804f599     0xf4  Code  Gb  tim.o [1]
HAL_TIM_IC_CaptureCallback
                        0x0804f397      0x2  Code  Wk  stm32f7xx_hal_tim.o [1]
HAL_TIM_IRQHandler      0x0804f1ff    0x194  Code  Gb  stm32f7xx_hal_tim.o [1]
HAL_TIM_OC_DelayElapsedCallback
                        0x0804f395      0x2  Code  Wk  stm32f7xx_hal_tim.o [1]
HAL_TIM_PWM_PulseFinishedCallback
                        0x0804f399      0x2  Code  Wk  stm32f7xx_hal_tim.o [1]
HAL_TIM_PeriodElapsedCallback
                        0x0804f393      0x2  Code  Wk  stm32f7xx_hal_tim.o [1]
HAL_TIM_TriggerCallback
                        0x0804f39b      0x2  Code  Wk  stm32f7xx_hal_tim.o [1]
HAL_UART_ErrorCallback  0x0804a3ab      0x2  Code  Wk  stm32f7xx_hal_uart.o [1]
HAL_UART_IRQHandler     0x0804a1d1     0xf0  Code  Gb  stm32f7xx_hal_uart.o [1]
HAL_UART_Init           0x0804a151     0x80  Code  Gb  stm32f7xx_hal_uart.o [1]
HAL_UART_MspInit        0x0804aac5     0xe0  Code  Gb  usart.o [1]
HAL_UART_RxCpltCallback
                        0x0804a3a9      0x2  Code  Wk  stm32f7xx_hal_uart.o [1]
HAL_UART_TxCpltCallback
                        0x0804a3a7      0x2  Code  Wk  stm32f7xx_hal_uart.o [1]
HCD_HC_IN_IRQHandler    0x080454df    0x50a  Code  Lc  stm32f7xx_hal_hcd.o [1]
HCD_HC_OUT_IRQHandler   0x080459e9    0x506  Code  Lc  stm32f7xx_hal_hcd.o [1]
HCD_Port_IRQHandler     0x08045fe9     0xe2  Code  Lc  stm32f7xx_hal_hcd.o [1]
HCD_RXQLVL_IRQHandler   0x08045eef     0xf6  Code  Lc  stm32f7xx_hal_hcd.o [1]
HEAP$$Base              0x20002390            --   Gb  - Linker created -
HEAP$$Limit             0x20002590            --   Gb  - Linker created -
I2C2_ER_IRQHandler      0x080506bf      0xa  Code  Gb  stm32f7xx_it.o [1]
I2C2_EV_IRQHandler      0x080506b5      0xa  Code  Gb  stm32f7xx_it.o [1]
I2C_IsAcknowledgeFailed
                        0x0803fc09     0x80  Code  Lc  stm32f7xx_hal_i2c.o [1]
I2C_MasterReceive_ISR   0x0803f61d    0x190  Code  Lc  stm32f7xx_hal_i2c.o [1]
I2C_MasterTransmit_ISR  0x0803f47d    0x19e  Code  Lc  stm32f7xx_hal_i2c.o [1]
I2C_RequestMemoryRead   0x0803f9bb     0x98  Code  Lc  stm32f7xx_hal_i2c.o [1]
I2C_RequestMemoryWrite  0x0803f921     0x9a  Code  Lc  stm32f7xx_hal_i2c.o [1]
I2C_SlaveReceive_ISR    0x0803f871     0xb0  Code  Lc  stm32f7xx_hal_i2c.o [1]
I2C_SlaveTransmit_ISR   0x0803f7ad     0xc4  Code  Lc  stm32f7xx_hal_i2c.o [1]
I2C_TransferConfig      0x0803fc89     0x2a  Code  Lc  stm32f7xx_hal_i2c.o [1]
I2C_WaitOnFlagUntilTimeout
                        0x0803fa59     0x8e  Code  Lc  stm32f7xx_hal_i2c.o [1]
I2C_WaitOnRXNEFlagUntilTimeout
                        0x0803fb8b     0x7e  Code  Lc  stm32f7xx_hal_i2c.o [1]
I2C_WaitOnSTOPFlagUntilTimeout
                        0x0803fb3b     0x50  Code  Lc  stm32f7xx_hal_i2c.o [1]
I2C_WaitOnTXISFlagUntilTimeout
                        0x0803fae7     0x54  Code  Lc  stm32f7xx_hal_i2c.o [1]
IMAGES                  0x20002f90    0x4b4  Data  Gb  userinterface.o [1]
Images                  0x20003d20     0xa0  Data  Gb  userinterface.o [1]
InitPeriph              0x0804ff89     0x60  Code  Gb  initial.o [1]
Itoa                    0x0803cb45     0xe4  Code  Gb  calculations.o [1]
KBD_Handle              0x0803bbe5    0x284  Code  Gb  userinterface.o [1]
KB_Status               0x2000453c      0x4  Data  Gb  keyboard.o [1]
LCD_DisplayChar         0x0803d0d5     0x6e  Code  Gb  lcd.o [1]
LCD_DisplayStringAt     0x0803d143    0x120  Code  Gb  lcd.o [1]
LCD_DrawCircle          0x0803d46f    0x13e  Code  Gb  lcd.o [1]
LCD_DrawFullCircle      0x0803d5b1     0xc8  Code  Gb  lcd.o [1]
LCD_DrawLine            0x0803d263    0x1a0  Code  Gb  lcd.o [1]
LCD_DrawPolygon         0x0803d679     0x6c  Code  Gb  lcd.o [1]
LCD_DrawRect            0x0803d403     0x6c  Code  Gb  lcd.o [1]
LCD_FillPolygon         0x0803d775    0x25e  Code  Gb  lcd.o [1]
LCD_FillRect            0x0803dd65     0x38  Code  Gb  lcd.o [1]
LCD_FillTriangle        0x0803deb5    0x24a  Code  Gb  lcd.o [1]
LCD_FillTriangle::i     0x200045a3      0x1  Data  Lc  lcd.o [1]
LCD_FillTriangle::indexA
                        0x200045a4      0x1  Data  Lc  lcd.o [1]
LCD_FillTriangle::indexB
                        0x200045a5      0x1  Data  Lc  lcd.o [1]
LCD_FillTriangle::indexC
                        0x200045a6      0x1  Data  Lc  lcd.o [1]
LCD_FillTriangle::sy    0x20004592      0x2  Data  Lc  lcd.o [1]
LCD_FillTriangle::tmp   0x20004594      0x2  Data  Lc  lcd.o [1]
LCD_Fill_Image          0x0803dd9d     0x36  Code  Gb  lcd.o [1]
LCD_Fill_Image::address
                        0x20004564      0x4  Data  Lc  lcd.o [1]
LCD_Fill_ImageTRANSP    0x0803de1b     0x8a  Code  Gb  lcd.o [1]
LCD_Fill_ImageTRANSP::address
                        0x20004568      0x4  Data  Lc  lcd.o [1]
LCD_GetXSize            0x0803cf75     0x14  Code  Gb  lcd.o [1]
LCD_GetYSize            0x0803cf89     0x14  Code  Gb  lcd.o [1]
LCD_Init                0x0803dba5     0x3e  Code  Gb  lcd.o [1]
LCD_InitParams          0x0803db5b     0x3a  Code  Gb  lcd.o [1]
LCD_LayerDefaultInit    0x0803cfc5     0x9e  Code  Gb  lcd.o [1]
LCD_SelectLayer         0x0803d063      0x8  Code  Gb  lcd.o [1]
LCD_SetColorPixel       0x0803db95     0x10  Code  Gb  lcd.o [1]
LCD_SetLayerVisible     0x0803d06b     0x6a  Code  Gb  lcd.o [1]
LCD_SetLight            0x0803dbe3     0x7c  Code  Gb  lcd.o [1]
LCD_SetXSize            0x0803cf9d     0x14  Code  Gb  lcd.o [1]
LCD_SetYSize            0x0803cfb1     0x14  Code  Gb  lcd.o [1]
LED_control             0x08050185     0x2c  Code  Gb  leds.o [1]
LL_ConvertLineToARGB8888
                        0x0803dad3     0x88  Code  Gb  lcd.o [1]
LTDC_ER_IRQHandler      0x08050713      0xa  Code  Gb  stm32f7xx_it.o [1]
LTDC_IRQHandler         0x08050709      0xa  Code  Gb  stm32f7xx_it.o [1]
LTDC_SetConfig          0x0803e4c1    0x276  Code  Lc  stm32f7xx_hal_ltdc.o [1]
LayerIndex              0x20004544      0x4  Data  Lc  lcd.o [1]
LayerOfView             0x200045ad      0x1  Data  Gb  video.o [1]
LoadBitmapFromSD        0x0803cdf9    0x178  Code  Gb  video.o [1]
LoadInt                 0x0804808d     0x70  Code  Lc  xprintffull.o [3]
Load_GUI_0              0x0803aa9d    0x6ce  Code  Gb  userinterface.o [1]
MX_ADC1_Init            0x0804ea2d     0x66  Code  Gb  adc.o [1]
MX_CAN1_Init            0x0804e4dd     0x56  Code  Gb  can.o [1]
MX_CAN2_Init            0x0804e533     0x56  Code  Gb  can.o [1]
MX_DAC_Init             0x08040d69     0x5e  Code  Gb  dac.o [1]
MX_DMA2D_Init           0x08040cfd     0x24  Code  Gb  dma2d.o [1]
MX_FATFS_Init           0x0803a9f5     0x1c  Code  Gb  fatfs.o [1]
MX_FMC_Init             0x08041ea9     0xf8  Code  Gb  fmc.o [1]
MX_GPIO_Init            0x0804eae5    0x380  Code  Gb  gpio.o [1]
MX_I2C2_Init            0x08040bb9     0x4a  Code  Gb  i2c.o [1]
MX_LTDC_Init            0x08040791    0x12a  Code  Gb  ltdc.o [1]
MX_SDMMC1_SD_Init       0x08044d6d     0x2e  Code  Gb  sdmmc.o [1]
MX_SPI2_Init            0x0804fe41     0x62  Code  Gb  spi.o [1]
MX_TIM11_Init           0x0804f515     0x2a  Code  Gb  tim.o [1]
MX_TIM13_Init           0x0804f53f     0x2e  Code  Gb  tim.o [1]
MX_TIM14_Init           0x0804f56d     0x2c  Code  Gb  tim.o [1]
MX_TIM6_Init            0x0804f4b1     0x32  Code  Gb  tim.o [1]
MX_TIM7_Init            0x0804f4e3     0x32  Code  Gb  tim.o [1]
MX_USART2_UART_Init     0x0804a9ed     0x48  Code  Gb  usart.o [1]
MX_USART3_UART_Init     0x0804aa35     0x48  Code  Gb  usart.o [1]
MX_USART6_UART_Init     0x0804aa7d     0x48  Code  Gb  usart.o [1]
MX_USB_HOST_Init        0x0804ff21     0x1e  Code  Gb  usb_host.o [1]
MX_USB_HOST_Process     0x0804ff3f      0xa  Code  Gb  usb_host.o [1]
MemManage_Handler       0x08050675      0x2  Code  Gb  stm32f7xx_it.o [1]
NAND_readId             0x0805014d     0x30  Code  Gb  memory.o [1]
NVIC_ClearPendingIRQ    0x08041e49     0x14  Code  Lc  interrupts.o [1]
NVIC_EnableIRQ          0x080412ad     0x14  Code  Lc  stm32f7xx_hal_cortex.o [1]
NVIC_EnableIRQ          0x0804f9b5     0x14  Code  Lc  timer13.o [1]
NVIC_EnableIRQ          0x0803e155     0x14  Code  Lc  timer14.o [1]
NVIC_EncodePriority     0x080412e7     0x3e  Code  Lc  stm32f7xx_hal_cortex.o [1]
NVIC_GetPriorityGrouping
                        0x080412a3      0xa  Code  Lc  stm32f7xx_hal_cortex.o [1]
NVIC_SetPriority        0x080412c1     0x26  Code  Lc  stm32f7xx_hal_cortex.o [1]
NVIC_SetPriorityGrouping
                        0x08041285     0x1e  Code  Lc  stm32f7xx_hal_cortex.o [1]
OTG_FS_IRQHandler       0x080506f5      0xa  Code  Gb  stm32f7xx_it.o [1]
PCF8563_Init            0x0803cc4d      0xc  Code  Gb  rtc.o [1]
PCF8563_read_datetime   0x0803cc75     0x9c  Code  Gb  rtc.o [1]
PCF8563_write_byte      0x0803cc29     0x24  Code  Gb  rtc.o [1]
P_Touch_Config          0x080404dd    0x144  Code  Gb  stmpe811.o [1]
P_Touch_Config::regArray
                        0x2000033c      0xc  Data  Lc  stmpe811.o [1]
P_Touch_FnctCmd         0x08040443     0x74  Code  Gb  stmpe811.o [1]
P_Touch_FreeIRQ         0x080404b7     0x26  Code  Gb  stmpe811.o [1]
P_Touch_ReadID          0x08040621     0x68  Code  Gb  stmpe811.o [1]
P_Touch_Read_16b        0x080406e5     0x66  Code  Gb  stmpe811.o [1]
P_Touch_Read_X          0x08040689     0x28  Code  Lc  stmpe811.o [1]
P_Touch_Read_Y          0x080406b1     0x34  Code  Lc  stmpe811.o [1]
P_Touch_Reset           0x080403f1     0x52  Code  Gb  stmpe811.o [1]
PatchParms              0x200044f8      0x8  Data  Gb  userinterface.o [1]
PreLoadImages           0x0803bb0d     0xbe  Code  Gb  userinterface.o [1]
ProjectionLayerAddress  0x080509a4      0x8  Data  Gb  video.o [1]
RIAD_16pt               0x2000030c      0xc  Data  Gb  RIAD_16pt.o [1]
RIAD_16ptBitmaps        0x08035174   0x1f5c  Data  Gb  RIAD_16pt.o [1]
RIAD_16ptDescriptors    0x0804c2cc    0x700  Data  Gb  RIAD_16pt.o [1]
RIAD_30pt               0x20000318      0xc  Data  Gb  RIAD_30pt.o [1]
RIAD_30ptBitmaps        0x0802f1e4   0x5f90  Data  Gb  RIAD_30pt.o [1]
RIAD_30ptDescriptors    0x0804c9cc    0x700  Data  Gb  RIAD_30pt.o [1]
RIAD_40pt               0x20000324      0xc  Data  Gb  RIAD_40pt.o [1]
RIAD_40ptBitmaps        0x08025794   0x9a50  Data  Gb  RIAD_40pt.o [1]
RIAD_40ptDescriptors    0x0804d0cc    0x700  Data  Gb  RIAD_40pt.o [1]
RIAD_80pt               0x20000330      0xc  Data  Gb  RIAD_80pt.o [1]
RIAD_80ptBitmaps        0x080001c8  0x255cc  Data  Gb  RIAD_80pt.o [1]
RIAD_80ptDescriptors    0x0804d7cc    0x700  Data  Gb  RIAD_80pt.o [1]
RateChange              0x200045ac      0x1  Data  Gb  userinterface.o [1]
ReadLineKbd             0x0804f7c7     0xb6  Code  Gb  keyboard.o [1]
Rect1                   0x20004584      0x4  Data  Gb  userinterface.o [1]
Region$$Table$$Base     0x080508c0            --   Gb  - Linker created -
Region$$Table$$Limit    0x080508e0            --   Gb  - Linker created -
ReleaseFunction         0x0803c11b     0x52  Code  Gb  userinterface.o [1]
RestorePoly             0x0803cad9     0x3c  Code  Gb  calculations.o [1]
RotatePoint             0x0803c91d    0x11c  Code  Gb  calculations.o [1]
RotatePoint::X          0x20004510      0x4  Data  Lc  calculations.o [1]
RotatePoint::Xo         0x20004508      0x4  Data  Lc  calculations.o [1]
RotatePoint::Y          0x20004514      0x4  Data  Lc  calculations.o [1]
RotatePoint::Yo         0x2000450c      0x4  Data  Lc  calculations.o [1]
RotatePoint::cosV       0x20004500      0x4  Data  Lc  calculations.o [1]
RotatePoint::sinV       0x20004504      0x4  Data  Lc  calculations.o [1]
RotatePoly              0x0803ca39     0x64  Code  Gb  calculations.o [1]
RotatedF                0x20004596      0x1  Data  Lc  calculations.o [1]
Run_GUI                 0x0803b1c1    0x822  Code  Gb  userinterface.o [1]
SCB_EnableDCache        0x0804fc49     0x5a  Code  Lc  main.o [1]
SCB_EnableICache        0x0804fc25     0x24  Code  Lc  main.o [1]
SDCardInfo1             0x20004100     0x58  Data  Gb  sdmmc.o [1]
SDMMC_DataConfig        0x08044eb9     0x30  Code  Gb  stm32f7xx_ll_sdmmc.o [1]
SDMMC_GetCommandResponse
                        0x08044e9b      0x6  Code  Gb  stm32f7xx_ll_sdmmc.o [1]
SDMMC_GetPowerState     0x08044e69      0x8  Code  Gb  stm32f7xx_ll_sdmmc.o [1]
SDMMC_GetResponse       0x08044ea1     0x18  Code  Gb  stm32f7xx_ll_sdmmc.o [1]
SDMMC_Init              0x08044e19     0x2e  Code  Gb  stm32f7xx_ll_sdmmc.o [1]
SDMMC_PowerState_ON     0x08044e5f      0xa  Code  Gb  stm32f7xx_ll_sdmmc.o [1]
SDMMC_ReadFIFO          0x08044e4d      0x6  Code  Gb  stm32f7xx_ll_sdmmc.o [1]
SDMMC_SendCommand       0x08044e71     0x2a  Code  Gb  stm32f7xx_ll_sdmmc.o [1]
SDMMC_WriteFIFO         0x08044e53      0xc  Code  Gb  stm32f7xx_ll_sdmmc.o [1]
SDRAM_Initialization_Sequence
                        0x08040f65     0x94  Code  Gb  core.o [1]
SD_CmdError             0x0804462b     0x4a  Code  Lc  stm32f7xx_hal_sd.o [1]
SD_CmdResp1Error        0x080446e9    0x118  Code  Lc  stm32f7xx_hal_sd.o [1]
SD_CmdResp2Error        0x08044831     0x46  Code  Lc  stm32f7xx_hal_sd.o [1]
SD_CmdResp3Error        0x08044801     0x30  Code  Lc  stm32f7xx_hal_sd.o [1]
SD_CmdResp6Error        0x08044877     0xa8  Code  Lc  stm32f7xx_hal_sd.o [1]
SD_CmdResp7Error        0x08044675     0x74  Code  Lc  stm32f7xx_hal_sd.o [1]
SD_Driver               0x08050928     0x14  Data  Gb  sd_diskio.o [1]
SD_FindSCR              0x08044a83    0x176  Code  Lc  stm32f7xx_hal_sd.o [1]
SD_GetState             0x080442c5     0x24  Code  Lc  stm32f7xx_hal_sd.o [1]
SD_Initialize_Cards     0x080442e9    0x128  Code  Lc  stm32f7xx_hal_sd.o [1]
SD_IsCardProgramming    0x08044bf9    0x16c  Code  Lc  stm32f7xx_hal_sd.o [1]
SD_Path                 0x2000451c      0x4  Data  Gb  fatfs.o [1]
SD_PowerON              0x0804444b    0x180  Code  Lc  stm32f7xx_hal_sd.o [1]
SD_Select_Deselect      0x08044411     0x3a  Code  Lc  stm32f7xx_hal_sd.o [1]
SD_SendStatus           0x080445cb     0x60  Code  Lc  stm32f7xx_hal_sd.o [1]
SD_WideBus_Disable      0x080449d1     0xb2  Code  Lc  stm32f7xx_hal_sd.o [1]
SD_WideBus_Enable       0x0804491f     0xb2  Code  Lc  stm32f7xx_hal_sd.o [1]
SD_initialize           0x080503a1     0x24  Code  Gb  sd_diskio.o [1]
SD_ioctl                0x08050455     0x6a  Code  Gb  sd_diskio.o [1]
SD_read                 0x080503e9     0x36  Code  Gb  sd_diskio.o [1]
SD_status               0x080503c5     0x24  Code  Gb  sd_diskio.o [1]
SD_write                0x0805041f     0x36  Code  Gb  sd_diskio.o [1]
SOUND                   0x200044d8      0x8  Data  Gb  sound.o [1]
SetLineKbd              0x0804f72d     0x9a  Code  Gb  keyboard.o [1]
Show_GUI                0x0803c893     0x5c  Code  Gb  gui.o [1]
SolvePressedKeys        0x0804f87d     0x6e  Code  Gb  keyboard.o [1]
SolvePressedKeys::Index
                        0x2000459f      0x1  Data  Lc  keyboard.o [1]
SolvePressedKeys::Lines_Kb
                        0x2000038c      0x2  Data  Lc  keyboard.o [1]
SolvePressedKeys::OldKeysLine
                        0x2000038e      0x1  Data  Lc  keyboard.o [1]
SolvePressedKeys::Pressed
                        0x200045a0      0x1  Data  Lc  keyboard.o [1]
Stat                    0x2000038f      0x1  Data  Lc  sd_diskio.o [1]
StoreArrayOfPoly        0x20003ff4     0x60  Data  Lc  calculations.o [1]
StorePoly               0x0803ca9d     0x3c  Code  Gb  calculations.o [1]
StrDATA                 0x20003dc0     0x80  Data  Gb  userinterface.o [1]
StrDate                 0x2000036c      0xc  Data  Gb  userinterface.o [1]
StrTime                 0x20000378      0xc  Data  Gb  userinterface.o [1]
SysTick_Config          0x08041325     0x30  Code  Lc  stm32f7xx_hal_cortex.o [1]
SysTick_Handler         0x08050677      0xc  Code  Gb  stm32f7xx_it.o [1]
SystemClock_Config      0x0804fd27     0xf0  Code  Gb  main.o [1]
SystemCoreClock         0x20000348      0x4  Data  Gb  system_stm32f7xx.o [1]
SystemInit              0x0804ee65     0x5a  Code  Gb  system_stm32f7xx.o [1]
SystemInit_ExtMemCtl    0x0804eebf    0x1ee  Code  Lc  system_stm32f7xx.o [1]
TIM13_IRQHandler        0x0804f9f9    0x1b6  Code  Gb  timer13.o [1]
TIM13_IRQHandler::Counter
                        0x20004578      0x4  Data  Lc  timer13.o [1]
TIM13_IRQHandler::CounterUPD
                        0x2000457c      0x4  Data  Lc  timer13.o [1]
TIM13_IRQHandler::FlagKBD_Repeat
                        0x200045a8      0x1  Data  Lc  timer13.o [1]
TIM14_IRQHandler        0x0803e1af     0x76  Code  Gb  timer14.o [1]
TIM14_IRQHandler::Counter
                        0x20004580      0x4  Data  Lc  timer14.o [1]
TIM1_TRG_COM_TIM11_IRQHandler
                        0x080506ab      0xa  Code  Gb  stm32f7xx_it.o [1]
TIM8_TRG_COM_TIM14_IRQHandler
                        0x080506d7      0xe  Code  Gb  stm32f7xx_it.o [1]
TIM8_UP_TIM13_IRQHandler
                        0x080506c9      0xe  Code  Gb  stm32f7xx_it.o [1]
TIM_Base_SetConfig      0x0804f39d     0xe8  Code  Gb  stm32f7xx_hal_tim.o [1]
Text                    0x200040b4     0x4c  Data  Gb  userinterface.o [1]
TimeIsReady             0x20004588      0x4  Data  Gb  userinterface.o [1]
Timer13_Init            0x0804f9c9     0x30  Code  Gb  timer13.o [1]
Timer14_Init_Deal       0x0803e169     0x46  Code  Gb  timer14.o [1]
TouchScreen_Handle      0x0803bf15     0xd4  Code  Gb  userinterface.o [1]
Touch_Data              0x200044e0      0x8  Data  Gb  stmpe811.o [1]
UART_AdvFeatureConfig   0x0804a8b9     0xda  Code  Gb  stm32f7xx_hal_uart.o [1]
UART_CheckIdleState     0x0804a993     0x58  Code  Gb  stm32f7xx_hal_uart.o [1]
UART_EndTransmit_IT     0x0804a44f     0x32  Code  Lc  stm32f7xx_hal_uart.o [1]
UART_Receive_IT         0x0804a481     0xa8  Code  Lc  stm32f7xx_hal_uart.o [1]
UART_SetConfig          0x0804a529    0x35c  Code  Gb  stm32f7xx_hal_uart.o [1]
UART_Transmit_IT        0x0804a3ad     0xa2  Code  Lc  stm32f7xx_hal_uart.o [1]
UART_WaitOnFlagUntilTimeout
                        0x0804a2c1     0xe6  Code  Gb  stm32f7xx_hal_uart.o [1]
UB_Touch_Init           0x080402ad     0x2c  Code  Gb  stmpe811.o [1]
UB_Touch_Read           0x080402d9    0x118  Code  Gb  stmpe811.o [1]
UB_Touch_Read::_x       0x20004570      0x4  Data  Lc  stmpe811.o [1]
UB_Touch_Read::_y       0x20004574      0x4  Data  Lc  stmpe811.o [1]
USART6_IRQHandler       0x080506ff      0xa  Code  Gb  stm32f7xx_it.o [1]
USBH_AllocPipe          0x0804736b     0x2e  Code  Gb  usbh_pipes.o [1]
USBH_BulkReceiveData    0x08047ab5     0x30  Code  Gb  usbh_ioreq.o [1]
USBH_BulkSendData       0x08047a73     0x42  Code  Gb  usbh_ioreq.o [1]
USBH_ClosePipe          0x08047357     0x14  Code  Gb  usbh_pipes.o [1]
USBH_ClrFeature         0x0804755d     0x2c  Code  Gb  usbh_ctlreq.o [1]
USBH_CtlReceiveData     0x08047a43     0x30  Code  Gb  usbh_ioreq.o [1]
USBH_CtlReq             0x0804776f     0x5c  Code  Gb  usbh_ctlreq.o [1]
USBH_CtlSendData        0x08047a01     0x42  Code  Gb  usbh_ioreq.o [1]
USBH_CtlSendSetup       0x080479d7     0x2a  Code  Gb  usbh_ioreq.o [1]
USBH_Delay              0x080463a5      0xc  Code  Gb  usbh_conf.o [1]
USBH_Driver             0x0805093c     0x14  Data  Gb  usbh_diskio.o [1]
USBH_FindInterface      0x08046e6b     0x6a  Code  Gb  usbh_core.o [1]
USBH_FreePipe           0x08047399     0x24  Code  Gb  usbh_pipes.o [1]
USBH_GetDescriptor      0x080474bd     0x4a  Code  Gb  usbh_ctlreq.o [1]
USBH_GetFreePipe        0x080473bd     0x2e  Code  Lc  usbh_pipes.o [1]
USBH_GetNextDesc        0x08047757     0x18  Code  Gb  usbh_ctlreq.o [1]
USBH_Get_CfgDesc        0x08047435     0x3c  Code  Gb  usbh_ctlreq.o [1]
USBH_Get_DevDesc        0x080473eb     0x4a  Code  Gb  usbh_ctlreq.o [1]
USBH_Get_StringDesc     0x08047471     0x4c  Code  Gb  usbh_ctlreq.o [1]
USBH_HandleControl      0x080477cb    0x20c  Code  Lc  usbh_ctlreq.o [1]
USBH_HandleEnum         0x080470d3    0x198  Code  Lc  usbh_core.o [1]
USBH_HandleSof          0x08047287     0x1e  Code  Lc  usbh_core.o [1]
USBH_Init               0x08046d79     0x3a  Code  Gb  usbh_core.o [1]
USBH_LL_ClosePipe       0x08046295     0x16  Code  Gb  usbh_conf.o [1]
USBH_LL_Connect         0x080472a5     0x32  Code  Gb  usbh_core.o [1]
USBH_LL_Disconnect      0x080472d7     0x40  Code  Gb  usbh_core.o [1]
USBH_LL_DriverVBUS      0x08046309     0x16  Code  Gb  usbh_conf.o [1]
USBH_LL_GetLastXferSize
                        0x0804623f     0x14  Code  Gb  usbh_conf.o [1]
USBH_LL_GetSpeed        0x080461f9     0x36  Code  Gb  usbh_conf.o [1]
USBH_LL_GetToggle       0x0804635f     0x46  Code  Gb  usbh_conf.o [1]
USBH_LL_GetURBState     0x080462f5     0x14  Code  Gb  usbh_conf.o [1]
USBH_LL_IncTimer        0x08047271     0x16  Code  Gb  usbh_core.o [1]
USBH_LL_Init            0x08046171     0x56  Code  Gb  usbh_conf.o [1]
USBH_LL_OpenPipe        0x08046253     0x42  Code  Gb  usbh_conf.o [1]
USBH_LL_ResetPort       0x0804622f     0x10  Code  Gb  usbh_conf.o [1]
USBH_LL_SetTimer        0x0804726b      0x6  Code  Gb  usbh_core.o [1]
USBH_LL_SetToggle       0x0804631f     0x40  Code  Gb  usbh_conf.o [1]
USBH_LL_Start           0x080461d9     0x10  Code  Gb  usbh_conf.o [1]
USBH_LL_Stop            0x080461e9     0x10  Code  Gb  usbh_conf.o [1]
USBH_LL_SubmitURB       0x080462ab     0x4a  Code  Gb  usbh_conf.o [1]
USBH_MSC_BOT_Abort      0x08049bb5     0x44  Code  Lc  usbh_msc_bot.o [1]
USBH_MSC_BOT_Init       0x0804986b     0x24  Code  Gb  usbh_msc_bot.o [1]
USBH_MSC_BOT_Process    0x0804988f    0x326  Code  Gb  usbh_msc_bot.o [1]
USBH_MSC_BOT_REQ_GetMaxLUN
                        0x08049845     0x26  Code  Gb  usbh_msc_bot.o [1]
USBH_MSC_BOT_REQ_Reset  0x08049821     0x24  Code  Gb  usbh_msc_bot.o [1]
USBH_MSC_ClassRequest   0x080490a1     0x8a  Code  Lc  usbh_msc.o [1]
USBH_MSC_DecodeCSW      0x08049bf9     0x62  Code  Lc  usbh_msc_bot.o [1]
USBH_MSC_GetLUNInfo     0x0804967f     0x3c  Code  Gb  usbh_msc.o [1]
USBH_MSC_InterfaceDeInit
                        0x08049043     0x5e  Code  Lc  usbh_msc.o [1]
USBH_MSC_InterfaceInit  0x08048eaf    0x194  Code  Lc  usbh_msc.o [1]
USBH_MSC_Process        0x0804912b    0x392  Code  Lc  usbh_msc.o [1]
USBH_MSC_RdWrProcess    0x080494c3    0x18e  Code  Lc  usbh_msc.o [1]
USBH_MSC_Read           0x080496bb     0xb2  Code  Gb  usbh_msc.o [1]
USBH_MSC_SCSI_Inquiry   0x08049dff    0x12c  Code  Gb  usbh_msc_scsi.o [1]
USBH_MSC_SCSI_Read      0x0804a09d     0xb2  Code  Gb  usbh_msc_scsi.o [1]
USBH_MSC_SCSI_ReadCapacity
                        0x08049d41     0xbe  Code  Gb  usbh_msc_scsi.o [1]
USBH_MSC_SCSI_RequestSense
                        0x08049f2b     0xc0  Code  Gb  usbh_msc_scsi.o [1]
USBH_MSC_SCSI_TestUnitReady
                        0x08049ccf     0x72  Code  Gb  usbh_msc_scsi.o [1]
USBH_MSC_SCSI_Write     0x08049feb     0xb2  Code  Gb  usbh_msc_scsi.o [1]
USBH_MSC_SOFProcess     0x080494bd      0x6  Code  Lc  usbh_msc.o [1]
USBH_MSC_UnitIsReady    0x08049651     0x2e  Code  Gb  usbh_msc.o [1]
USBH_MSC_Write          0x0804976d     0xb2  Code  Gb  usbh_msc.o [1]
USBH_OpenPipe           0x08047317     0x40  Code  Gb  usbh_pipes.o [1]
USBH_ParseCfgDesc       0x080475e5     0xec  Code  Lc  usbh_ctlreq.o [1]
USBH_ParseDevDesc       0x08047589     0x5c  Code  Lc  usbh_ctlreq.o [1]
USBH_ParseEPDesc        0x080476f7     0x20  Code  Lc  usbh_ctlreq.o [1]
USBH_ParseInterfaceDesc
                        0x080476d1     0x26  Code  Lc  usbh_ctlreq.o [1]
USBH_ParseStringDesc    0x08047717     0x40  Code  Lc  usbh_ctlreq.o [1]
USBH_Path               0x20004520      0x4  Data  Gb  fatfs.o [1]
USBH_Process            0x08046eeb    0x1e8  Code  Gb  usbh_core.o [1]
USBH_RegisterClass      0x08046e0f     0x3a  Code  Gb  usbh_core.o [1]
USBH_SelectInterface    0x08046e49     0x22  Code  Gb  usbh_core.o [1]
USBH_SetAddress         0x08047507     0x2c  Code  Gb  usbh_ctlreq.o [1]
USBH_SetCfg             0x08047533     0x2a  Code  Gb  usbh_ctlreq.o [1]
USBH_Start              0x08046ed5     0x16  Code  Gb  usbh_core.o [1]
USBH_UserProcess        0x0804ff49     0x32  Code  Lc  usb_host.o [1]
USBH_initialize         0x080501e5      0x6  Code  Gb  usbh_diskio.o [1]
USBH_ioctl              0x08050307     0x94  Code  Gb  usbh_diskio.o [1]
USBH_msc                0x2000034c     0x20  Data  Gb  usbh_msc.o [1]
USBH_read               0x0805020f     0x76  Code  Gb  usbh_diskio.o [1]
USBH_status             0x080501eb     0x24  Code  Gb  usbh_diskio.o [1]
USBH_write              0x08050285     0x82  Code  Gb  usbh_diskio.o [1]
USB_CoreInit            0x080463b1     0x6e  Code  Gb  stm32f7xx_ll_usb.o [1]
USB_CoreReset           0x08046541     0x38  Code  Lc  stm32f7xx_ll_usb.o [1]
USB_DisableGlobalInt    0x0804642d      0xe  Code  Gb  stm32f7xx_ll_usb.o [1]
USB_DoPing              0x08046c81     0x44  Code  Gb  stm32f7xx_ll_usb.o [1]
USB_DriveVbus           0x080466e7     0x4c  Code  Gb  stm32f7xx_ll_usb.o [1]
USB_EnableGlobalInt     0x0804641f      0xe  Code  Gb  stm32f7xx_ll_usb.o [1]
USB_FlushRxFifo         0x08046495     0x20  Code  Gb  stm32f7xx_ll_usb.o [1]
USB_FlushTxFifo         0x08046471     0x24  Code  Gb  stm32f7xx_ll_usb.o [1]
USB_GetCurrentFrame     0x08046749      0xa  Code  Gb  stm32f7xx_ll_usb.o [1]
USB_GetHostSpeed        0x08046733     0x16  Code  Gb  stm32f7xx_ll_usb.o [1]
USB_GetMode             0x08046539      0x8  Code  Gb  stm32f7xx_ll_usb.o [1]
USB_HC_Halt             0x08046afb    0x186  Code  Gb  stm32f7xx_ll_usb.o [1]
USB_HC_Init             0x08046753    0x1b0  Code  Gb  stm32f7xx_ll_usb.o [1]
USB_HC_ReadInterrupt    0x08046af1      0xa  Code  Gb  stm32f7xx_ll_usb.o [1]
USB_HC_StartXfer        0x08046903    0x1d6  Code  Gb  stm32f7xx_ll_usb.o [1]
USB_HostInit            0x08046579     0xe2  Code  Gb  stm32f7xx_ll_usb.o [1]
USB_InitFSLSPClkSel     0x08046661     0x4c  Code  Gb  stm32f7xx_ll_usb.o [1]
USB_ReadInterrupts      0x0804652b      0xe  Code  Gb  stm32f7xx_ll_usb.o [1]
USB_ReadPacket          0x080464ff     0x2c  Code  Gb  stm32f7xx_ll_usb.o [1]
USB_ResetPort           0x080466ad     0x3a  Code  Gb  stm32f7xx_ll_usb.o [1]
USB_SetCurrentMode      0x0804643b     0x36  Code  Gb  stm32f7xx_ll_usb.o [1]
USB_StopHost            0x08046cc5     0xb4  Code  Gb  stm32f7xx_ll_usb.o [1]
USB_WritePacket         0x080464b9     0x46  Code  Gb  stm32f7xx_ll_usb.o [1]
UpDownRate              0x0803c171     0x32  Code  Gb  userinterface.o [1]
UpdateScreen            0x200045ab      0x1  Data  Gb  userinterface.o [1]
ViewScreen              0x0803bff1    0x12a  Code  Gb  userinterface.o [1]
ZonesTS_0               0x08050594     0xe0  Data  Gb  userinterface.o [1]
_GenldFull              0x08048615    0x26a  Code  Lc  xprintffull.o [3]
_LdtobFull              0x08048209    0x406  Code  Lc  xprintffull.o [3]
_LitobFull              0x080480fd    0x10a  Code  Lc  xprintffull.o [3]
_PrintfFull             0x08047ae5    0x5a2  Code  Gb  xprintffull.o [3]
_PutcharsFull           0x0804887f     0x2e  Code  Lc  xprintffull.o [3]
_SProut                 0x0803e89f      0xa  Code  Gb  xsprout.o [3]
__aeabi_cdcmple         0x08048aa5           Code  Gb  DblCmpLe.o [5]
__aeabi_cdrcmple        0x08048ad5           Code  Gb  DblCmpGe.o [5]
__aeabi_d2f             0x0803eb8d           Code  Gb  DblToFlt.o [5]
__aeabi_d2iz            0x0803e991           Code  Gb  DblToI32.o [5]
__aeabi_d2uiz           0x0803e9bd           Code  Gb  DblToI32.o [5]
__aeabi_dadd            0x0803e8a9           Code  Gb  DblAdd.o [5]
__aeabi_ddiv            0x08048c49           Code  Gb  DblDiv.o [5]
__aeabi_dmul            0x0803e9e9           Code  Gb  DblMul.o [5]
__aeabi_dsub            0x08040a39           Code  Gb  DblSub.o [5]
__aeabi_f2d             0x0803e851           Code  Gb  FltToDbl.o [5]
__aeabi_i2d             0x08048c19           Code  Gb  I32ToDbl.o [5]
__aeabi_ldiv0           0x08048ead           Code  Gb  I64DivZer.o [6]
__aeabi_memset          0x08049c69           Code  Gb  ABImemset.o [6]
__aeabi_ui2d            0x08048c2d           Code  Gb  I32ToDbl.o [5]
__aeabi_uldivmod        0x08048971           Code  Gb  I64DivMod.o [6]
__cmain                 0x080508e1           Code  Gb  cmain.o [6]
__data_GetMemChunk      0x080438fd     0x2c  Code  Gb  xgetmemchunk.o [3]
__data_GetMemChunk::start
                        0x2000458c      0x4  Data  Lc  xgetmemchunk.o [3]
__exit                  0x08043929     0x14  Code  Gb  exit.o [7]
__iar_Dnorm             0x08048a5f     0x44  Code  Gb  xdnorm.o [5]
__iar_Dscale            0x08048b05    0x114  Code  Gb  xdscale.o [5]
__iar_Memchr            0x08048919           Code  Gb  memchr.o [6]
__iar_Memset            0x08049c69           Code  Gb  ABImemset.o [6]
__iar_Memset_word       0x08049c71           Code  Gb  ABImemset.o [6]
__iar_Strchr            0x080488c9           Code  Gb  strchr.o [6]
__iar_d2uiz             0x0803e9c9           Code  Gb  DblToI32.o [5]
__iar_dadd              0x0803e8bd           Code  Gb  DblAdd.o [5]
__iar_data_init3        0x08050875     0x28  Code  Gb  data_init.o [6]
__iar_dlfree            0x080433d3    0x51a  Code  Gb  dlmalloc.o [3]
__iar_dlmalloc          0x0804311d    0x2aa  Code  Gb  dlmalloc.o [3]
__iar_dsub              0x08040a4d           Code  Gb  DblSub.o [5]
__iar_dsubStart         0x08040a5f           Code  Gb  DblSub.o [5]
__iar_init_vfp          0x0805089d           Code  Gb  fpinit_M.o [5]
__iar_packbits_init_single3
                        0x08050815     0x38  Code  Gb  packbits_init_single.o [6]
__iar_program_start     0x08050981           Code  Gb  cstartup_M.o [6]
__iar_ui2d              0x08048c31           Code  Gb  I32ToDbl.o [5]
__iar_unaligned___aeabi_memcpy
                        0x080409c1           Code  Gb  ABImemcpy_unaligned.o [6]
__iar_unaligned___aeabi_memcpy4
                        0x080409e1           Code  Gb  ABImemcpy_unaligned.o [6]
__iar_unaligned___aeabi_memcpy8
                        0x080409e1           Code  Gb  ABImemcpy_unaligned.o [6]
__iar_zero_init3        0x080507d5     0x40  Code  Gb  zero_init3.o [6]
__low_level_init        0x080508fb      0x4  Code  Gb  low_level_init.o [3]
__vector_table          0x08000000           Data  Gb  startup_stm32f746xx.o [1]
_call_main              0x080508ed           Code  Gb  cmain.o [6]
_exit                   0x08050905           Code  Gb  cexit.o [6]
_gm_                    0x20003aa0    0x1d8  Data  Lc  dlmalloc.o [3]
_main                   0x080508f7           Code  Gb  cmain.o [6]
abort                   0x080438f5      0x6  Code  Gb  abort.o [3]
arm_cos_f32             0x0803e741     0x80  Code  Gb  arm_cos_f32.o [4]
arm_sin_f32             0x0803e7c1     0x90  Code  Gb  arm_sin_f32.o [4]
bcd2bin                 0x0803cc59     0x1c  Code  Gb  rtc.o [1]
check_fs                0x08039be5     0x82  Code  Lc  ff.o [1]
chk_chr                 0x08038e73     0x14  Code  Lc  ff.o [1]
chk_lock                0x08038e87     0x9a  Code  Lc  ff.o [1]
clear_lock              0x080390a1     0x30  Code  Lc  ff.o [1]
clmt_clust              0x0803965f     0x3a  Code  Lc  ff.o [1]
clust2sect              0x08039269     0x20  Code  Gb  ff.o [1]
config_CLKOUT           0x0803cd15     0x10  Code  Gb  rtc.o [1]
create_chain            0x08039561     0xfe  Code  Lc  ff.o [1]
create_name             0x080399d9    0x12c  Code  Lc  ff.o [1]
dec_lock                0x08039041     0x60  Code  Lc  ff.o [1]
dir_alloc               0x0803987d     0x66  Code  Lc  ff.o [1]
dir_find                0x08039925     0x68  Code  Lc  ff.o [1]
dir_next                0x08039751    0x12c  Code  Lc  ff.o [1]
dir_register            0x0803998d     0x46  Code  Lc  ff.o [1]
dir_sdi                 0x08039699     0xb8  Code  Lc  ff.o [1]
disk                    0x200044b8     0x14  Data  Gb  ff_gen_drv.o [1]
disk_initialize         0x0803a91f     0x36  Code  Gb  diskio.o [1]
disk_ioctl              0x0803a9c5     0x2c  Code  Gb  diskio.o [1]
disk_read               0x0803a955     0x38  Code  Gb  diskio.o [1]
disk_status             0x0803a8fd     0x22  Code  Gb  diskio.o [1]
disk_write              0x0803a98d     0x38  Code  Gb  diskio.o [1]
div                     0x08048e9f      0xe  Code  Gb  div.o [3]
dt                      0x200044e8      0x8  Data  Gb  userinterface.o [1]
emptyF                  0x08040e1d      0x2  Code  Gb  core.o [1]
emptyM                  0x08040e1b      0x2  Code  Gb  core.o [1]
emptyS                  0x08040e19      0x2  Code  Gb  core.o [1]
enq_lock                0x08038f21     0x28  Code  Lc  ff.o [1]
exit                    0x080508ff      0x4  Code  Gb  exit.o [3]
f_close                 0x0803a5e1     0x38  Code  Gb  ff.o [1]
f_lseek                 0x0803a619    0x2e4  Code  Gb  ff.o [1]
f_mount                 0x0803a0eb     0x6a  Code  Gb  ff.o [1]
f_open                  0x0803a175    0x1da  Code  Gb  ff.o [1]
f_read                  0x0803a34f    0x200  Code  Gb  ff.o [1]
f_sync                  0x0803a54f     0x92  Code  Gb  ff.o [1]
find_volume             0x08039c67    0x448  Code  Lc  ff.o [1]
follow_path             0x08039b05     0x90  Code  Lc  ff.o [1]
gOSTtypeB_16ptBitmaps   0x080370d0   0x1d4c  Data  Gb  GOST_B_23_var.o [1]
gOSTtypeB_16ptDescriptors
                        0x0804bbcc    0x700  Data  Gb  GOST_B_23_var.o [1]
get_fat                 0x08039289     0xfc  Code  Gb  ff.o [1]
get_fattime             0x0803aa29      0x4  Code  Gb  fatfs.o [1]
get_ldnumber            0x08039b95     0x50  Code  Lc  ff.o [1]
hUsbHostFS              0x20003444    0x3c8  Data  Gb  usb_host.o [1]
hadc1                   0x20004158     0x48  Data  Gb  adc.o [1]
hcan1                   0x200041a0     0x40  Data  Gb  can.o [1]
hcan2                   0x200041e0     0x40  Data  Gb  can.o [1]
hdac                    0x200044a4     0x14  Data  Gb  dac.o [1]
hdma2d                  0x20004220     0x40  Data  Gb  dma2d.o [1]
hhcd_USB_OTG_FS         0x2000380c    0x294  Data  Gb  usbh_conf.o [1]
hi2c2                   0x20004260     0x3c  Data  Gb  i2c.o [1]
hltdc                   0x20003c78     0xa8  Data  Gb  ltdc.o [1]
hnand1                  0x200043c8     0x38  Data  Gb  fmc.o [1]
hsd1                    0x20004054     0x60  Data  Gb  sdmmc.o [1]
hsdram1                 0x20004400     0x34  Data  Gb  fmc.o [1]
hspi2                   0x20003f90     0x64  Data  Gb  spi.o [1]
htim11                  0x20004314     0x3c  Data  Gb  tim.o [1]
htim13                  0x20004350     0x3c  Data  Gb  tim.o [1]
htim14                  0x2000438c     0x3c  Data  Gb  tim.o [1]
htim6                   0x2000429c     0x3c  Data  Gb  tim.o [1]
htim7                   0x200042d8     0x3c  Data  Gb  tim.o [1]
huart2                  0x20003e40     0x70  Data  Gb  usart.o [1]
huart3                  0x20003eb0     0x70  Data  Gb  usart.o [1]
huart6                  0x20003f20     0x70  Data  Gb  usart.o [1]
inc_lock                0x08038f49     0xf8  Code  Lc  ff.o [1]
init_mparams            0x0804241d     0x32  Code  Lc  dlmalloc.o [3]
init_top                0x0804244f     0x34  Code  Lc  dlmalloc.o [3]
ld_clust                0x080398e3     0x2a  Code  Lc  ff.o [1]
main                    0x0804fca3     0x84  Code  Gb  main.o [1]
mem_cmp                 0x08038e4f     0x24  Code  Lc  ff.o [1]
mem_cpy                 0x08038e1d     0x1c  Code  Lc  ff.o [1]
mem_set                 0x08038e39     0x16  Code  Lc  ff.o [1]
memchr                  0x08048919           Code  Gb  memchr.o [6]
move_window             0x08039139     0x44  Code  Lc  ff.o [1]
mparams                 0x2000448c     0x18  Data  Lc  dlmalloc.o [3]
mutexF                  0x20004597      0x1  Data  Gb  core.o [1]
pFastQueue              0x20000200    0x100  Data  Gb  core.o [1]
pFastQueueIni           0x08040e8b     0x36  Code  Gb  core.o [1]
pFastQueueIni::i        0x2000459c      0x1  Data  Lc  core.o [1]
pMediumQueue            0x20000100    0x100  Data  Gb  core.o [1]
pMediumQueueIni         0x08040e55     0x36  Code  Gb  core.o [1]
pMediumQueueIni::i      0x2000459b      0x1  Data  Lc  core.o [1]
pSlowQueue              0x20000000    0x100  Data  Gb  core.o [1]
pSlowQueueIni           0x08040e1f     0x36  Code  Gb  core.o [1]
pSlowQueueIni::i        0x2000459a      0x1  Data  Lc  core.o [1]
prepend_alloc           0x08042483    0x372  Code  Lc  dlmalloc.o [3]
put_fat                 0x08039385    0x158  Code  Gb  ff.o [1]
readedKeys              0x20004538      0x4  Data  Gb  keyboard.o [1]
remove_chain            0x080394dd     0x84  Code  Lc  ff.o [1]
retSD                   0x2000459d      0x1  Data  Gb  fatfs.o [1]
retUSBH                 0x2000459e      0x1  Data  Gb  fatfs.o [1]
segment_holding         0x08042401     0x1c  Code  Lc  dlmalloc.o [3]
sinTable_f32            0x0804abd0    0x804  Data  Gb  arm_common_tables.o [4]
solveTriangleZones      0x0803be79     0x9c  Code  Gb  userinterface.o [1]
sprintf                 0x080501b1     0x34  Code  Gb  sprintf.o [3]
st_clust                0x0803990d     0x18  Code  Lc  ff.o [1]
strchr                  0x080488c9           Code  Gb  strchr.o [6]
strlen                  0x080488e1           Code  Gb  strlen.o [6]
sync_fs                 0x0803917d     0xec  Code  Lc  ff.o [1]
sync_window             0x080390d1     0x68  Code  Lc  ff.o [1]
sys_alloc               0x080427f5    0x388  Code  Lc  dlmalloc.o [3]
temp                    0x200045a7      0x1  Data  Gb  stmpe811.o [1]
tmalloc_large           0x08042b89    0x380  Code  Lc  dlmalloc.o [3]
tmalloc_small           0x08042f09    0x206  Code  Lc  dlmalloc.o [3]
uwTick                  0x2000456c      0x4  Data  Lc  stm32f7xx_hal.o [1]
validate                0x0803a0af     0x3c  Code  Lc  ff.o [1]


[1] = E:\PLC\IAR\PLC\EWARM\PLC\Obj
[2] = command line
[3] = dl7M_tln.a
[4] = iar_cortexM7ls_math.a
[5] = m7M_tls.a
[6] = rt7M_tl.a
[7] = shb_l.a

   86 408 bytes of readonly  code memory
  244 273 bytes of readonly  data memory
   17 838 bytes of readwrite data memory

Errors: none
Warnings: none
