###############################################################################
#
# IAR ELF Linker V7.60.1.11101/W32 for ARM                17/May/2016  11:52:25
# Copyright 2007-2016 IAR Systems AB.
#
#    Output file  =  E:\PLC\IAR\PLC\EWARM\PLC\Exe\PLC.out
#    Map file     =  E:\PLC\IAR\PLC\EWARM\PLC\List\PLC.map
#    Command line =  
#        E:\PLC\IAR\PLC\EWARM\PLC\Obj\adc.o
#        E:\PLC\IAR\PLC\EWARM\PLC\Obj\bsp_driver_sd.o
#        E:\PLC\IAR\PLC\EWARM\PLC\Obj\bsp_driver_sdram.o
#        E:\PLC\IAR\PLC\EWARM\PLC\Obj\calculations.o
#        E:\PLC\IAR\PLC\EWARM\PLC\Obj\can.o E:\PLC\IAR\PLC\EWARM\PLC\Obj\core.o
#        E:\PLC\IAR\PLC\EWARM\PLC\Obj\dac.o
#        E:\PLC\IAR\PLC\EWARM\PLC\Obj\diskio.o
#        E:\PLC\IAR\PLC\EWARM\PLC\Obj\dma2d.o
#        E:\PLC\IAR\PLC\EWARM\PLC\Obj\fatfs.o E:\PLC\IAR\PLC\EWARM\PLC\Obj\ff.o
#        E:\PLC\IAR\PLC\EWARM\PLC\Obj\ff_gen_drv.o
#        E:\PLC\IAR\PLC\EWARM\PLC\Obj\files.o
#        E:\PLC\IAR\PLC\EWARM\PLC\Obj\fmc.o E:\PLC\IAR\PLC\EWARM\PLC\Obj\gpio.o
#        E:\PLC\IAR\PLC\EWARM\PLC\Obj\gui.o E:\PLC\IAR\PLC\EWARM\PLC\Obj\i2c.o
#        E:\PLC\IAR\PLC\EWARM\PLC\Obj\image888.o
#        E:\PLC\IAR\PLC\EWARM\PLC\Obj\initial.o
#        E:\PLC\IAR\PLC\EWARM\PLC\Obj\interrupts.o
#        E:\PLC\IAR\PLC\EWARM\PLC\Obj\keyboard.o
#        E:\PLC\IAR\PLC\EWARM\PLC\Obj\lcd.o E:\PLC\IAR\PLC\EWARM\PLC\Obj\leds.o
#        E:\PLC\IAR\PLC\EWARM\PLC\Obj\ltdc.o
#        E:\PLC\IAR\PLC\EWARM\PLC\Obj\main.o
#        E:\PLC\IAR\PLC\EWARM\PLC\Obj\memory.o
#        E:\PLC\IAR\PLC\EWARM\PLC\Obj\rtc.o
#        E:\PLC\IAR\PLC\EWARM\PLC\Obj\sd_diskio.o
#        E:\PLC\IAR\PLC\EWARM\PLC\Obj\sdmmc.o
#        E:\PLC\IAR\PLC\EWARM\PLC\Obj\sdram_diskio.o
#        E:\PLC\IAR\PLC\EWARM\PLC\Obj\spi.o
#        E:\PLC\IAR\PLC\EWARM\PLC\Obj\startup_stm32f746xx.o
#        E:\PLC\IAR\PLC\EWARM\PLC\Obj\stm32f7xx_hal.o
#        E:\PLC\IAR\PLC\EWARM\PLC\Obj\stm32f7xx_hal_adc.o
#        E:\PLC\IAR\PLC\EWARM\PLC\Obj\stm32f7xx_hal_adc_ex.o
#        E:\PLC\IAR\PLC\EWARM\PLC\Obj\stm32f7xx_hal_can.o
#        E:\PLC\IAR\PLC\EWARM\PLC\Obj\stm32f7xx_hal_cortex.o
#        E:\PLC\IAR\PLC\EWARM\PLC\Obj\stm32f7xx_hal_dac.o
#        E:\PLC\IAR\PLC\EWARM\PLC\Obj\stm32f7xx_hal_dac_ex.o
#        E:\PLC\IAR\PLC\EWARM\PLC\Obj\stm32f7xx_hal_dma.o
#        E:\PLC\IAR\PLC\EWARM\PLC\Obj\stm32f7xx_hal_dma2d.o
#        E:\PLC\IAR\PLC\EWARM\PLC\Obj\stm32f7xx_hal_dma_ex.o
#        E:\PLC\IAR\PLC\EWARM\PLC\Obj\stm32f7xx_hal_flash.o
#        E:\PLC\IAR\PLC\EWARM\PLC\Obj\stm32f7xx_hal_flash_ex.o
#        E:\PLC\IAR\PLC\EWARM\PLC\Obj\stm32f7xx_hal_gpio.o
#        E:\PLC\IAR\PLC\EWARM\PLC\Obj\stm32f7xx_hal_hcd.o
#        E:\PLC\IAR\PLC\EWARM\PLC\Obj\stm32f7xx_hal_i2c.o
#        E:\PLC\IAR\PLC\EWARM\PLC\Obj\stm32f7xx_hal_i2c_ex.o
#        E:\PLC\IAR\PLC\EWARM\PLC\Obj\stm32f7xx_hal_ltdc.o
#        E:\PLC\IAR\PLC\EWARM\PLC\Obj\stm32f7xx_hal_msp.o
#        E:\PLC\IAR\PLC\EWARM\PLC\Obj\stm32f7xx_hal_nand.o
#        E:\PLC\IAR\PLC\EWARM\PLC\Obj\stm32f7xx_hal_pwr.o
#        E:\PLC\IAR\PLC\EWARM\PLC\Obj\stm32f7xx_hal_pwr_ex.o
#        E:\PLC\IAR\PLC\EWARM\PLC\Obj\stm32f7xx_hal_rcc.o
#        E:\PLC\IAR\PLC\EWARM\PLC\Obj\stm32f7xx_hal_rcc_ex.o
#        E:\PLC\IAR\PLC\EWARM\PLC\Obj\stm32f7xx_hal_sd.o
#        E:\PLC\IAR\PLC\EWARM\PLC\Obj\stm32f7xx_hal_sdram.o
#        E:\PLC\IAR\PLC\EWARM\PLC\Obj\stm32f7xx_hal_spi.o
#        E:\PLC\IAR\PLC\EWARM\PLC\Obj\stm32f7xx_hal_tim.o
#        E:\PLC\IAR\PLC\EWARM\PLC\Obj\stm32f7xx_hal_tim_ex.o
#        E:\PLC\IAR\PLC\EWARM\PLC\Obj\stm32f7xx_hal_uart.o
#        E:\PLC\IAR\PLC\EWARM\PLC\Obj\stm32f7xx_it.o
#        E:\PLC\IAR\PLC\EWARM\PLC\Obj\stm32f7xx_ll_fmc.o
#        E:\PLC\IAR\PLC\EWARM\PLC\Obj\stm32f7xx_ll_sdmmc.o
#        E:\PLC\IAR\PLC\EWARM\PLC\Obj\stm32f7xx_ll_usb.o
#        E:\PLC\IAR\PLC\EWARM\PLC\Obj\stmpe811.o
#        E:\PLC\IAR\PLC\EWARM\PLC\Obj\syscall.o
#        E:\PLC\IAR\PLC\EWARM\PLC\Obj\system_stm32f7xx.o
#        E:\PLC\IAR\PLC\EWARM\PLC\Obj\tim.o
#        E:\PLC\IAR\PLC\EWARM\PLC\Obj\timer13.o
#        E:\PLC\IAR\PLC\EWARM\PLC\Obj\timer14.o
#        E:\PLC\IAR\PLC\EWARM\PLC\Obj\tw8819.o
#        E:\PLC\IAR\PLC\EWARM\PLC\Obj\usart.o
#        E:\PLC\IAR\PLC\EWARM\PLC\Obj\usb_host.o
#        E:\PLC\IAR\PLC\EWARM\PLC\Obj\usbh_conf.o
#        E:\PLC\IAR\PLC\EWARM\PLC\Obj\usbh_core.o
#        E:\PLC\IAR\PLC\EWARM\PLC\Obj\usbh_ctlreq.o
#        E:\PLC\IAR\PLC\EWARM\PLC\Obj\usbh_diskio.o
#        E:\PLC\IAR\PLC\EWARM\PLC\Obj\usbh_ioreq.o
#        E:\PLC\IAR\PLC\EWARM\PLC\Obj\usbh_msc.o
#        E:\PLC\IAR\PLC\EWARM\PLC\Obj\usbh_msc_bot.o
#        E:\PLC\IAR\PLC\EWARM\PLC\Obj\usbh_msc_scsi.o
#        E:\PLC\IAR\PLC\EWARM\PLC\Obj\usbh_pipes.o
#        E:\PLC\IAR\PLC\EWARM\PLC\Obj\userinterface.o
#        E:\PLC\IAR\PLC\EWARM\PLC\Obj\video.o --redirect _Printf=_PrintfFull
#        --redirect _Scanf=_ScanfFull -o E:\PLC\IAR\PLC\EWARM\PLC\Exe\PLC.out
#        --map E:\PLC\IAR\PLC\EWARM\PLC\List\PLC.map --config
#        E:\PLC\IAR\PLC\EWARM/stm32f746xx_flash.icf --semihosting --entry
#        __iar_program_start "C:\Program Files\IAR Systems\Embedded Workbench
#        7.4\arm\CMSIS\Lib\IAR\iar_cortexM7ls_math.a" --vfe
#
###############################################################################

*******************************************************************************
*** RUNTIME MODEL ATTRIBUTES
***

CppFlavor       = *
__Heap_Handler  = DLMalloc
__SystemLibrary = DLib


*******************************************************************************
*** PLACEMENT SUMMARY
***

"A1":  place at 0x08000000 { ro section .intvec };
"P1":  place in [from 0x08000000 to 0x080fffff] { ro };
"P2":  place in [from 0x20000000 to 0x2004ffff] { rw, block CSTACK, block HEAP };
do not initialize { section .noinit };
initialize by copy { rw };

  Section            Kind        Address       Size  Object
  -------            ----        -------       ----  ------
"A1":                                         0x1c8
  .intvec            ro code  0x08000000      0x1c8  startup_stm32f746xx.o [1]
                            - 0x080001c8      0x1c8

"P1":                                       0x16435
  .rodata            const    0x080001c8     0x1d4c  lcd.o [1]
  .text              ro code  0x08001f14     0x1ae0  ff.o [1]
  .text              ro code  0x080039f4       0xf8  diskio.o [1]
  .text              ro code  0x08003aec       0x38  fatfs.o [1]
  .text              ro code  0x08003b24       0x70  ff_gen_drv.o [1]
  .text              ro code  0x08003b94     0x14f4  dlmalloc.o [3]
  .text              ro code  0x08005088        0x6  abort.o [3]
  .text              ro code  0x0800508e        0xa  xsprout.o [3]
  .text              ro code  0x08005098       0x2c  xgetmemchunk.o [3]
  .text              ro code  0x080050c4       0x14  exit.o [7]
  .text              ro code  0x080050d8     0x1430  stm32f7xx_hal_sd.o [1]
  .text              ro code  0x08006508       0xac  sdmmc.o [1]
  .text              ro code  0x080065b4       0x76  ABImemcpy_unaligned.o [6]
  .text              ro code  0x0800662c       0xd0  stm32f7xx_ll_sdmmc.o [1]
  .text              ro code  0x080066fc       0x7c  stm32f7xx_hal.o [1]
  .text              ro code  0x08006778      0x28c  stm32f7xx_hal_gpio.o [1]
  .text              ro code  0x08006a04      0x16a  stm32f7xx_hal_cortex.o [1]
  .text              ro code  0x08006b6e       0x46  stm32f7xx_hal_msp.o [1]
  .text              ro code  0x08006bb4      0x8c4  stm32f7xx_hal_rcc.o [1]
  .text              ro code  0x08007478       0x68  interrupts.o [1]
  .text              ro code  0x080074e0       0xf0  timer14.o [1]
  .text              ro code  0x080075d0      0x310  core.o [1]
  .text              ro code  0x080078e0      0x4e8  stmpe811.o [1]
  .text              ro code  0x08007dc8      0x240  userinterface.o [1]
  .text              ro code  0x08008008       0xcc  stm32f7xx_hal_sdram.o [1]
  .text              ro code  0x080080d4     0x10a0  stm32f7xx_hal_i2c.o [1]
  .text              ro code  0x08009174      0x670  gui.o [1]
  .text              ro code  0x080097e4     0x114c  lcd.o [1]
  .text              ro code  0x0800a930      0x1c0  rtc.o [1]
  .text              ro code  0x0800aaf0      0x210  fmc.o [1]
  .text              ro code  0x0800ad00      0x20c  stm32f7xx_ll_fmc.o [1]
  .text              ro code  0x0800af0c       0xc8  i2c.o [1]
  .text              ro code  0x0800afd4      0x228  calculations.o [1]
  .text              ro code  0x0800b1fc      0x4f4  stm32f7xx_hal_ltdc.o [1]
  .text              ro code  0x0800b6f0      0x278  video.o [1]
  .text              ro code  0x0800b968      0x526  stm32f7xx_hal_dma2d.o [1]
  .text              ro code  0x0800be90      0x142  stm32f7xx_hal_dac.o [1]
  .text              ro code  0x0800bfd2      0x13c  stm32f7xx_hal_nand.o [1]
  .text              ro code  0x0800c10e       0x84  stm32f7xx_hal_i2c_ex.o [1]
  .text              ro code  0x0800c194       0x80  arm_cos_f32.o [4]
  .text              ro code  0x0800c214       0x90  arm_sin_f32.o [4]
  .text              ro code  0x0800c2a4       0x4e  FltToDbl.o [5]
  .text              ro code  0x0800c2f4       0xe8  DblAdd.o [5]
  .text              ro code  0x0800c3dc       0x58  DblToI32.o [5]
  .text              ro code  0x0800c434      0x1a2  DblMul.o [5]
  .text              ro code  0x0800c5d8       0x90  DblToFlt.o [5]
  .text              ro code  0x0800c668      0x230  ltdc.o [1]
  .text              ro code  0x0800c898       0x6c  dma2d.o [1]
  .text              ro code  0x0800c904       0x8c  dac.o [1]
  .text              ro code  0x0800c990      0x180  DblSub.o [5]
  .text              ro code  0x0800cb10     0x11e2  stm32f7xx_hal_hcd.o [1]
  .text              ro code  0x0800dcf4      0x2e4  usbh_conf.o [1]
  .text              ro code  0x0800dfd8      0x9c8  stm32f7xx_ll_usb.o [1]
  .text              ro code  0x0800e9a0      0x59e  usbh_core.o [1]
  .text              ro code  0x0800ef3e       0xd4  usbh_pipes.o [1]
  .text              ro code  0x0800f012      0x5ec  usbh_ctlreq.o [1]
  .text              ro code  0x0800f5fe      0x10e  usbh_ioreq.o [1]
  .text              ro code  0x0800f70c      0xde2  xprintffull.o [3]
  .text              ro code  0x080104f0       0x16  strchr.o [6]
  .text              ro code  0x08010508       0x36  strlen.o [6]
  .text              ro code  0x08010540       0x58  memchr.o [6]
  .text              ro code  0x08010598       0xee  I64DivMod.o [6]
  .text              ro code  0x08010686       0x44  xdnorm.o [5]
  .text              ro code  0x080106cc       0x2e  DblCmpLe.o [5]
  .text              ro code  0x080106fc       0x2e  DblCmpGe.o [5]
  .text              ro code  0x0801072c      0x114  xdscale.o [5]
  .text              ro code  0x08010840       0x30  I32ToDbl.o [5]
  .text              ro code  0x08010870      0x256  DblDiv.o [5]
  .text              ro code  0x08010ac6        0xe  div.o [3]
  .text              ro code  0x08010ad4        0x2  I64DivZer.o [6]
  .text              ro code  0x08010ad6      0x970  usbh_msc.o [1]
  .text              ro code  0x08011448      0x448  usbh_msc_bot.o [1]
  .text              ro code  0x08011890       0x66  ABImemset.o [6]
  .text              ro code  0x080118f6      0x480  usbh_msc_scsi.o [1]
  .text              ro code  0x08011d78      0x89a  stm32f7xx_hal_uart.o [1]
  .text              ro code  0x08012614      0x1e4  usart.o [1]
  .rodata            const    0x080127f8      0x804  arm_common_tables.o [4]
  .text              ro code  0x08012ffc      0x7f8  stm32f7xx_hal_rcc_ex.o [1]
  .text              ro code  0x080137f4      0x60e  stm32f7xx_hal_can.o [1]
  .text              ro code  0x08013e04      0x1c8  can.o [1]
  .text              ro code  0x08013fcc      0x388  stm32f7xx_hal_adc.o [1]
  .text              ro code  0x08014354       0xb8  adc.o [1]
  .text              ro code  0x0801440c      0x380  gpio.o [1]
  .rodata            const    0x0801478c      0x37c  lcd.o [1]
  .text              ro code  0x08014b08      0x368  system_stm32f7xx.o [1]
  .text              ro code  0x08014e70      0x2e4  stm32f7xx_hal_tim.o [1]
  .text              ro code  0x08015154      0x20c  tim.o [1]
  .text              ro code  0x08015360       0x70  stm32f7xx_hal_tim_ex.o [1]
  .text              ro code  0x080153d0      0x27c  keyboard.o [1]
  .text              ro code  0x0801564c      0x200  main.o [1]
  .text              ro code  0x0801584c       0xe0  spi.o [1]
  .text              ro code  0x0801592c       0x68  usb_host.o [1]
  .text              ro code  0x08015994       0x88  initial.o [1]
  .text              ro code  0x08015a1c       0x88  stm32f7xx_hal_pwr_ex.o [1]
  .text              ro code  0x08015aa4       0xda  stm32f7xx_hal_spi.o [1]
  .text              ro code  0x08015b80       0x54  memory.o [1]
  .text              ro code  0x08015bd4       0xe4  timer13.o [1]
  .text              ro code  0x08015cb8       0xd0  bsp_driver_sd.o [1]
  .text              ro code  0x08015d88       0x2c  leds.o [1]
  .text              ro code  0x08015db4       0x34  sprintf.o [3]
  .text              ro code  0x08015de8      0x1bc  usbh_diskio.o [1]
  .text              ro code  0x08015fa4      0x124  sd_diskio.o [1]
  .text              ro code  0x080160c8       0xe0  stm32f7xx_it.o [1]
  .rodata            const    0x080161a8       0x80  ff.o [1]
  .text              ro code  0x08016228       0x40  zero_init3.o [6]
  .text              ro code  0x08016268       0x38  packbits_init_single.o [6]
  .rodata            const    0x080162a0       0x28  memory.o [1]
  .text              ro code  0x080162c8       0x28  data_init.o [6]
  .text              ro code  0x080162f0       0x22  fpinit_M.o [5]
  .iar.init_table    const    0x08016314       0x20  - Linker created -
  .text              ro code  0x08016334       0x1a  cmain.o [6]
  .text              ro code  0x0801634e        0x4  low_level_init.o [3]
  .text              ro code  0x08016352        0x4  exit.o [3]
  .text              ro code  0x08016358        0xa  cexit.o [6]
  .rodata            const    0x08016364       0x14  sd_diskio.o [1]
  .rodata            const    0x08016378       0x14  usbh_diskio.o [1]
  .rodata            const    0x0801638c       0x10  ff.o [1]
  .rodata            const    0x0801639c       0x10  stm32f7xx_hal_rcc.o [1]
  .text              ro code  0x080163ac       0x10  startup_stm32f746xx.o [1]
  .rodata            const    0x080163bc        0xc  initial.o [1]
  .rodata            const    0x080163c8        0xc  initial.o [1]
  .text              ro code  0x080163d4        0xc  cstartup_M.o [6]
  .rodata            const    0x080163e0        0x8  keyboard.o [1]
  .rodata            const    0x080163e8        0x8  video.o [1]
  .rodata            const    0x080163f0        0x4  usbh_msc.o [1]
  .text              ro code  0x080163f4        0x4  startup_stm32f746xx.o [1]
  .text              ro code  0x080163f8        0x4  startup_stm32f746xx.o [1]
  .text              ro code  0x080163fc        0x4  startup_stm32f746xx.o [1]
  .text              ro code  0x08016400        0x4  startup_stm32f746xx.o [1]
  .text              ro code  0x08016404        0x4  startup_stm32f746xx.o [1]
  .text              ro code  0x08016408        0x4  startup_stm32f746xx.o [1]
  .text              ro code  0x0801640c        0x4  startup_stm32f746xx.o [1]
  .text              ro code  0x08016410        0x4  startup_stm32f746xx.o [1]
  .text              ro code  0x08016414        0x4  startup_stm32f746xx.o [1]
  .text              ro code  0x08016418        0x4  startup_stm32f746xx.o [1]
  .text              ro code  0x0801641c        0x4  startup_stm32f746xx.o [1]
  .text              ro code  0x08016420        0x4  startup_stm32f746xx.o [1]
  .text              ro code  0x08016424        0x4  startup_stm32f746xx.o [1]
  .text              ro code  0x08016428        0x4  startup_stm32f746xx.o [1]
  .text              ro code  0x0801642c        0x4  startup_stm32f746xx.o [1]
  .text              ro code  0x08016430        0x4  startup_stm32f746xx.o [1]
  .text              ro code  0x08016434        0x4  startup_stm32f746xx.o [1]
  .text              ro code  0x08016438        0x4  startup_stm32f746xx.o [1]
  .text              ro code  0x0801643c        0x4  startup_stm32f746xx.o [1]
  .text              ro code  0x08016440        0x4  startup_stm32f746xx.o [1]
  .text              ro code  0x08016444        0x4  startup_stm32f746xx.o [1]
  .text              ro code  0x08016448        0x4  startup_stm32f746xx.o [1]
  .text              ro code  0x0801644c        0x4  startup_stm32f746xx.o [1]
  .text              ro code  0x08016450        0x4  startup_stm32f746xx.o [1]
  .text              ro code  0x08016454        0x4  startup_stm32f746xx.o [1]
  .text              ro code  0x08016458        0x4  startup_stm32f746xx.o [1]
  .text              ro code  0x0801645c        0x4  startup_stm32f746xx.o [1]
  .text              ro code  0x08016460        0x4  startup_stm32f746xx.o [1]
  .text              ro code  0x08016464        0x4  startup_stm32f746xx.o [1]
  .text              ro code  0x08016468        0x4  startup_stm32f746xx.o [1]
  .text              ro code  0x0801646c        0x4  startup_stm32f746xx.o [1]
  .text              ro code  0x08016470        0x4  startup_stm32f746xx.o [1]
  .text              ro code  0x08016474        0x4  startup_stm32f746xx.o [1]
  .text              ro code  0x08016478        0x4  startup_stm32f746xx.o [1]
  .text              ro code  0x0801647c        0x4  startup_stm32f746xx.o [1]
  .text              ro code  0x08016480        0x4  startup_stm32f746xx.o [1]
  .text              ro code  0x08016484        0x4  startup_stm32f746xx.o [1]
  .text              ro code  0x08016488        0x4  startup_stm32f746xx.o [1]
  .text              ro code  0x0801648c        0x4  startup_stm32f746xx.o [1]
  .text              ro code  0x08016490        0x4  startup_stm32f746xx.o [1]
  .text              ro code  0x08016494        0x4  startup_stm32f746xx.o [1]
  .text              ro code  0x08016498        0x4  startup_stm32f746xx.o [1]
  .text              ro code  0x0801649c        0x4  startup_stm32f746xx.o [1]
  .text              ro code  0x080164a0        0x4  startup_stm32f746xx.o [1]
  .text              ro code  0x080164a4        0x4  startup_stm32f746xx.o [1]
  .text              ro code  0x080164a8        0x4  startup_stm32f746xx.o [1]
  .text              ro code  0x080164ac        0x4  startup_stm32f746xx.o [1]
  .text              ro code  0x080164b0        0x4  startup_stm32f746xx.o [1]
  .text              ro code  0x080164b4        0x4  startup_stm32f746xx.o [1]
  .text              ro code  0x080164b8        0x4  startup_stm32f746xx.o [1]
  .text              ro code  0x080164bc        0x4  startup_stm32f746xx.o [1]
  .text              ro code  0x080164c0        0x4  startup_stm32f746xx.o [1]
  .text              ro code  0x080164c4        0x4  startup_stm32f746xx.o [1]
  .text              ro code  0x080164c8        0x4  startup_stm32f746xx.o [1]
  .text              ro code  0x080164cc        0x4  startup_stm32f746xx.o [1]
  .text              ro code  0x080164d0        0x4  startup_stm32f746xx.o [1]
  .text              ro code  0x080164d4        0x4  startup_stm32f746xx.o [1]
  .text              ro code  0x080164d8        0x4  startup_stm32f746xx.o [1]
  .text              ro code  0x080164dc        0x4  startup_stm32f746xx.o [1]
  .text              ro code  0x080164e0        0x4  startup_stm32f746xx.o [1]
  .text              ro code  0x080164e4        0x4  startup_stm32f746xx.o [1]
  .text              ro code  0x080164e8        0x4  startup_stm32f746xx.o [1]
  .text              ro code  0x080164ec        0x4  startup_stm32f746xx.o [1]
  .text              ro code  0x080164f0        0x4  startup_stm32f746xx.o [1]
  .text              ro code  0x080164f4        0x4  startup_stm32f746xx.o [1]
  .text              ro code  0x080164f8        0x4  startup_stm32f746xx.o [1]
  .text              ro code  0x080164fc        0x4  startup_stm32f746xx.o [1]
  .text              ro code  0x08016500        0x4  startup_stm32f746xx.o [1]
  .text              ro code  0x08016504        0x4  startup_stm32f746xx.o [1]
  .text              ro code  0x08016508        0x4  startup_stm32f746xx.o [1]
  .text              ro code  0x0801650c        0x4  startup_stm32f746xx.o [1]
  .text              ro code  0x08016510        0x4  startup_stm32f746xx.o [1]
  .text              ro code  0x08016514        0x4  startup_stm32f746xx.o [1]
  .text              ro code  0x08016518        0x4  startup_stm32f746xx.o [1]
  .text              ro code  0x0801651c        0x4  startup_stm32f746xx.o [1]
  .text              ro code  0x08016520        0x4  startup_stm32f746xx.o [1]
  .text              ro code  0x08016524        0x4  startup_stm32f746xx.o [1]
  .text              ro code  0x08016528        0x4  startup_stm32f746xx.o [1]
  .text              ro code  0x0801652c        0x4  startup_stm32f746xx.o [1]
  .text              ro code  0x08016530        0x4  startup_stm32f746xx.o [1]
  .text              ro code  0x08016534        0x4  startup_stm32f746xx.o [1]
  .text              ro code  0x08016538        0x4  startup_stm32f746xx.o [1]
  .text              ro code  0x0801653c        0x4  startup_stm32f746xx.o [1]
  .text              ro code  0x08016540        0x4  startup_stm32f746xx.o [1]
  .text              ro code  0x08016544        0x4  startup_stm32f746xx.o [1]
  .text              ro code  0x08016548        0x4  startup_stm32f746xx.o [1]
  .text              ro code  0x0801654c        0x4  startup_stm32f746xx.o [1]
  .text              ro code  0x08016550        0x4  startup_stm32f746xx.o [1]
  .rodata            const    0x08016554        0x0  zero_init3.o [6]
  .rodata            const    0x08016554        0x0  packbits_init_single.o [6]
  Initializer bytes  const    0x08016554       0xa9  <for P2-1>
                            - 0x080165fd    0x16435

"P2", part 1 of 3:                            0x390
  P2-1                        0x20000000      0x390  <Init block>
    .data            inited   0x20000000      0x100  core.o [1]
    .data            inited   0x20000100      0x100  core.o [1]
    .data            inited   0x20000200      0x100  core.o [1]
    .data            inited   0x20000300        0xc  lcd.o [1]
    .data            inited   0x2000030c        0xc  stmpe811.o [1]
    .data            inited   0x20000318        0x4  system_stm32f7xx.o [1]
    .data            inited   0x2000031c       0x20  usbh_msc.o [1]
    .data            inited   0x2000033c        0xc  userinterface.o [1]
    .data            inited   0x20000348        0xc  userinterface.o [1]
    .data            inited   0x20000354       0x10  userinterface.o [1]
    .data            inited   0x20000364       0x10  userinterface.o [1]
    .data            inited   0x20000374       0x10  userinterface.o [1]
    .data            inited   0x20000384        0x4  userinterface.o [1]
    .data            inited   0x20000388        0x4  video.o [1]
    .data            inited   0x2000038c        0x2  keyboard.o [1]
    .data            inited   0x2000038e        0x1  keyboard.o [1]
    .data            inited   0x2000038f        0x1  sd_diskio.o [1]
                            - 0x20000390      0x390

"P2", part 2 of 3:                           0x2200
  CSTACK                      0x20000390     0x2000  <Block>
    CSTACK           uninit   0x20000390     0x2000  <Block tail>
  HEAP                        0x20002390      0x200  <Block>
    HEAP             uninit   0x20002390      0x200  <Block tail>
                            - 0x20002590     0x2200

"P2", part 3 of 3:                           0x19f8
  .bss               zero     0x20002590      0xa00  gui.o [1]
  .bss               zero     0x20002f90      0x3c8  usb_host.o [1]
  .bss               zero     0x20003358      0x294  usbh_conf.o [1]
  .bss               zero     0x200035ec      0x1d8  dlmalloc.o [3]
  .bss               zero     0x200037c4       0xa8  ltdc.o [1]
  .bss               zero     0x2000386c       0x70  usart.o [1]
  .bss               zero     0x200038dc       0x70  usart.o [1]
  .bss               zero     0x2000394c       0x70  usart.o [1]
  .bss               zero     0x200039bc       0x64  spi.o [1]
  .bss               zero     0x20003a20       0x60  calculations.o [1]
  .bss               zero     0x20003a80       0x60  sdmmc.o [1]
  .bss               zero     0x20003ae0       0x58  sdmmc.o [1]
  .bss               zero     0x20003b38       0x48  adc.o [1]
  .bss               zero     0x20003b80       0x40  can.o [1]
  .bss               zero     0x20003bc0       0x40  can.o [1]
  .bss               zero     0x20003c00       0x40  dma2d.o [1]
  .bss               zero     0x20003c40       0x3c  i2c.o [1]
  .bss               zero     0x20003c7c       0x3c  tim.o [1]
  .bss               zero     0x20003cb8       0x3c  tim.o [1]
  .bss               zero     0x20003cf4       0x3c  tim.o [1]
  .bss               zero     0x20003d30       0x3c  tim.o [1]
  .bss               zero     0x20003d6c       0x3c  tim.o [1]
  .bss               zero     0x20003da8       0x38  fmc.o [1]
  .bss               zero     0x20003de0       0x34  fmc.o [1]
  .bss               zero     0x20003e14       0x28  gui.o [1]
  .bss               zero     0x20003e3c       0x18  ff.o [1]
  .bss               zero     0x20003e54       0x18  lcd.o [1]
  .bss               zero     0x20003e6c       0x18  dlmalloc.o [3]
  .bss               zero     0x20003e84       0x14  dac.o [1]
  .bss               zero     0x20003e98       0x14  ff_gen_drv.o [1]
  .bss               zero     0x20003eac       0x10  userinterface.o [1]
  .bss               zero     0x20003ebc        0xc  ff.o [1]
  .bss               zero     0x20003ec8        0x8  stmpe811.o [1]
  .bss               zero     0x20003ed0        0x4  calculations.o [1]
  .bss               zero     0x20003ed4        0x4  calculations.o [1]
  .bss               zero     0x20003ed8        0x4  calculations.o [1]
  .bss               zero     0x20003edc        0x4  calculations.o [1]
  .bss               zero     0x20003ee0        0x4  calculations.o [1]
  .bss               zero     0x20003ee4        0x4  calculations.o [1]
  .bss               zero     0x20003ee8        0x4  can.o [1]
  .bss               zero     0x20003eec        0x4  fatfs.o [1]
  .bss               zero     0x20003ef0        0x4  fatfs.o [1]
  .bss               zero     0x20003ef4        0x4  fmc.o [1]
  .bss               zero     0x20003ef8        0x4  gui.o [1]
  .bss               zero     0x20003efc        0x4  gui.o [1]
  .bss               zero     0x20003f00        0x4  gui.o [1]
  .bss               zero     0x20003f04        0x4  gui.o [1]
  .bss               zero     0x20003f08        0x4  keyboard.o [1]
  .bss               zero     0x20003f0c        0x4  keyboard.o [1]
  .bss               zero     0x20003f10        0x4  lcd.o [1]
  .bss               zero     0x20003f14        0x4  lcd.o [1]
  .bss               zero     0x20003f18        0x4  lcd.o [1]
  .bss               zero     0x20003f1c        0x4  lcd.o [1]
  .bss               zero     0x20003f20        0x4  lcd.o [1]
  .bss               zero     0x20003f24        0x4  lcd.o [1]
  .bss               zero     0x20003f28        0x4  lcd.o [1]
  .bss               zero     0x20003f2c        0x4  lcd.o [1]
  .bss               zero     0x20003f30        0x4  lcd.o [1]
  .bss               zero     0x20003f34        0x4  lcd.o [1]
  .bss               zero     0x20003f38        0x4  stm32f7xx_hal.o [1]
  .bss               zero     0x20003f3c        0x4  stmpe811.o [1]
  .bss               zero     0x20003f40        0x4  stmpe811.o [1]
  .bss               zero     0x20003f44        0x4  timer13.o [1]
  .bss               zero     0x20003f48        0x4  timer14.o [1]
  .bss               zero     0x20003f4c        0x4  userinterface.o [1]
  .bss               zero     0x20003f50        0x4  userinterface.o [1]
  .bss               zero     0x20003f54        0x4  userinterface.o [1]
  .bss               zero     0x20003f58        0x4  userinterface.o [1]
  .bss               zero     0x20003f5c        0x4  userinterface.o [1]
  .bss               zero     0x20003f60        0x4  userinterface.o [1]
  .bss               zero     0x20003f64        0x4  xgetmemchunk.o [3]
  .bss               zero     0x20003f68        0x2  ff.o [1]
  .bss               zero     0x20003f6a        0x2  lcd.o [1]
  .bss               zero     0x20003f6c        0x2  lcd.o [1]
  .bss               zero     0x20003f6e        0x1  calculations.o [1]
  .bss               zero     0x20003f6f        0x1  core.o [1]
  .bss               zero     0x20003f70        0x1  core.o [1]
  .bss               zero     0x20003f71        0x1  core.o [1]
  .bss               zero     0x20003f72        0x1  core.o [1]
  .bss               zero     0x20003f73        0x1  core.o [1]
  .bss               zero     0x20003f74        0x1  core.o [1]
  .bss               zero     0x20003f75        0x1  core.o [1]
  .bss               zero     0x20003f76        0x1  core.o [1]
  .bss               zero     0x20003f77        0x1  core.o [1]
  .bss               zero     0x20003f78        0x1  core.o [1]
  .bss               zero     0x20003f79        0x1  core.o [1]
  .bss               zero     0x20003f7a        0x1  fatfs.o [1]
  .bss               zero     0x20003f7b        0x1  fatfs.o [1]
  .bss               zero     0x20003f7c        0x1  keyboard.o [1]
  .bss               zero     0x20003f7d        0x1  keyboard.o [1]
  .bss               zero     0x20003f7e        0x1  keyboard.o [1]
  .bss               zero     0x20003f7f        0x1  keyboard.o [1]
  .bss               zero     0x20003f80        0x1  lcd.o [1]
  .bss               zero     0x20003f81        0x1  lcd.o [1]
  .bss               zero     0x20003f82        0x1  lcd.o [1]
  .bss               zero     0x20003f83        0x1  lcd.o [1]
  .bss               zero     0x20003f84        0x1  stmpe811.o [1]
  .bss               zero     0x20003f85        0x1  timer14.o [1]
  .bss               zero     0x20003f86        0x1  usb_host.o [1]
  .bss               zero     0x20003f87        0x1  video.o [1]
                            - 0x20003f88     0x19f8

Absolute sections:                        0x2000000
  .noinit            uninit   0xc0000000  0x2000000  memory.o [1]
                            - 0xc2000000  0x2000000


*******************************************************************************
*** INIT TABLE
***

          Address     Size
          -------     ----
Zero (__iar_zero_init3)
    1 destination range, total size 0x19f8:
          0x20002590  0x19f8

Copy/packbits (__iar_packbits_init_single3)
    1 source range, total size 0xa9 (18% of destination):
          0x08016554    0xa9
    1 destination range, total size 0x390:
          0x20000000   0x390



*******************************************************************************
*** MODULE SUMMARY
***

    Module                  ro code  ro data  rw data     rw data
                                                           (abs)
    ------                  -------  -------  -------     -------
E:\PLC\IAR\PLC\EWARM\PLC\Obj: [1]
    adc.o                       184                72
    bsp_driver_sd.o             208
    calculations.o              552               121
    can.o                       456               132
    core.o                      784      142      779
    dac.o                       140                20
    diskio.o                    248
    dma2d.o                     108                64
    fatfs.o                      56                10
    ff.o                      6 880      144       38
    ff_gen_drv.o                112                20
    fmc.o                       528               112
    gpio.o                      896
    gui.o                     1 648             2 616
    i2c.o                       200                60
    initial.o                   136       24
    interrupts.o                104
    keyboard.o                  636        8       15
    lcd.o                     4 428    8 394       84
    leds.o                       44
    ltdc.o                      560               168
    main.o                      512
    memory.o                     84       40           33 554 432
    rtc.o                       448
    sd_diskio.o                 292       21        1
    sdmmc.o                     172               184
    spi.o                       224               100
    startup_stm32f746xx.o       824
    stm32f7xx_hal.o             124                 4
    stm32f7xx_hal_adc.o         904
    stm32f7xx_hal_can.o       1 550
    stm32f7xx_hal_cortex.o      362
    stm32f7xx_hal_dac.o         322
    stm32f7xx_hal_dma2d.o     1 318
    stm32f7xx_hal_gpio.o        652
    stm32f7xx_hal_hcd.o       4 578
    stm32f7xx_hal_i2c.o       4 256
    stm32f7xx_hal_i2c_ex.o      132
    stm32f7xx_hal_ltdc.o      1 268
    stm32f7xx_hal_msp.o          70
    stm32f7xx_hal_nand.o        316
    stm32f7xx_hal_pwr_ex.o      136
    stm32f7xx_hal_rcc.o       2 244       16
    stm32f7xx_hal_rcc_ex.o    2 040
    stm32f7xx_hal_sd.o        5 168
    stm32f7xx_hal_sdram.o       204
    stm32f7xx_hal_spi.o         218
    stm32f7xx_hal_tim.o         740
    stm32f7xx_hal_tim_ex.o      112
    stm32f7xx_hal_uart.o      2 202
    stm32f7xx_it.o              224
    stm32f7xx_ll_fmc.o          524
    stm32f7xx_ll_sdmmc.o        208
    stm32f7xx_ll_usb.o        2 504
    stmpe811.o                1 256        2       29
    system_stm32f7xx.o          872        1        4
    tim.o                       524               300
    timer13.o                   228                 4
    timer14.o                   240                 5
    usart.o                     484               336
    usb_host.o                  104               969
    usbh_conf.o                 740               660
    usbh_core.o               1 438
    usbh_ctlreq.o             1 516
    usbh_diskio.o               444       20
    usbh_ioreq.o                270
    usbh_msc.o                2 416       10       32
    usbh_msc_bot.o            1 096
    usbh_msc_scsi.o           1 152
    usbh_pipes.o                212
    userinterface.o             576       14      116
    video.o                     632        9        5
    -------------------------------------------------------------
    Total:                   68 040    8 845    7 060  33 554 432

command line: [2]
    -------------------------------------------------------------
    Total:

dl7M_tln.a: [3]
    abort.o                       6
    div.o                        14
    dlmalloc.o                5 364               496
    exit.o                        4
    low_level_init.o              4
    sprintf.o                    52
    xgetmemchunk.o               44                 4
    xprintffull.o             3 554
    xsprout.o                    10
    -------------------------------------------------------------
    Total:                    9 052               500

iar_cortexM7ls_math.a: [4]
    arm_common_tables.o                2 052
    arm_cos_f32.o               128
    arm_sin_f32.o               144
    -------------------------------------------------------------
    Total:                      272    2 052

m7M_tls.a: [5]
    DblAdd.o                    232
    DblCmpGe.o                   46
    DblCmpLe.o                   46
    DblDiv.o                    598
    DblMul.o                    418
    DblSub.o                    384
    DblToFlt.o                  144
    DblToI32.o                   88
    FltToDbl.o                   78
    I32ToDbl.o                   48
    fpinit_M.o                   34
    xdnorm.o                     68
    xdscale.o                   276
    -------------------------------------------------------------
    Total:                    2 460

rt7M_tl.a: [6]
    ABImemcpy_unaligned.o       118
    ABImemset.o                 102
    I64DivMod.o                 238
    I64DivZer.o                   2
    cexit.o                      10
    cmain.o                      26
    cstartup_M.o                 12
    data_init.o                  40
    memchr.o                     88
    packbits_init_single.o       56
    strchr.o                     22
    strlen.o                     54
    zero_init3.o                 64
    -------------------------------------------------------------
    Total:                      832

shb_l.a: [7]
    exit.o                       20
    -------------------------------------------------------------
    Total:                       20

    Gaps                         36        4
    Linker created                        32    8 704
-----------------------------------------------------------------
    Grand Total:             80 712   10 933   16 264  33 554 432


*******************************************************************************
*** ENTRY LIST
***

Entry                      Address       Size  Type      Object
-----                      -------       ----  ----      ------
.iar.init_table$$Base   0x08016314              --   Gb  - Linker created -
.iar.init_table$$Limit  0x08016334              --   Gb  - Linker created -
?main                   0x08016335             Code  Gb  cmain.o [6]
ADC_Init                0x080141d5      0x168  Code  Lc  stm32f7xx_hal_adc.o [1]
APBAHBPrescTable        0x0801639c       0x10  Data  Gb  stm32f7xx_hal_rcc.o [1]
ActiveLayer             0x20003f10        0x4  Data  Lc  lcd.o [1]
Appli_state             0x20003f86        0x1  Data  Gb  usb_host.o [1]
BSP_SD_GetCardInfo      0x08015d61        0xe  Code  Gb  bsp_driver_sd.o [1]
BSP_SD_GetStatus        0x08015d57        0xa  Code  Gb  bsp_driver_sd.o [1]
BSP_SD_Init             0x08015cb9       0x3e  Code  Gb  bsp_driver_sd.o [1]
BSP_SD_IsDetected       0x08015d79       0x10  Code  Gb  bsp_driver_sd.o [1]
BSP_SD_ReadBlocks       0x08015cf7       0x30  Code  Gb  bsp_driver_sd.o [1]
BSP_SD_WriteBlocks      0x08015d27       0x30  Code  Gb  bsp_driver_sd.o [1]
CAN1_RX0_IRQHandler     0x080160eb        0xa  Code  Gb  stm32f7xx_it.o [1]
CAN1_RX1_IRQHandler     0x080160f5        0xa  Code  Gb  stm32f7xx_it.o [1]
CAN1_TX_IRQHandler      0x080160e1        0xa  Code  Gb  stm32f7xx_it.o [1]
CAN_Receive_IT          0x08013c5f      0x1a4  Code  Lc  stm32f7xx_hal_can.o [1]
CAN_Transmit_IT         0x08013beb       0x74  Code  Lc  stm32f7xx_hal_can.o [1]
CSTACK$$Base            0x20000390              --   Gb  - Linker created -
CSTACK$$Limit           0x20002390              --   Gb  - Linker created -
ChangeCircle1           0x08007f95       0x24  Code  Gb  userinterface.o [1]
Circles                 0x20003eac       0x10  Data  Gb  userinterface.o [1]
DMA2D_IRQHandler        0x08016171        0xa  Code  Gb  stm32f7xx_it.o [1]
DMA2D_SetConfig         0x0800bd8d      0x102  Code  Lc  stm32f7xx_hal_dma2d.o [1]
DeInitStateMachine      0x0800e9db       0x5c  Code  Lc  usbh_core.o [1]
DealNumber              0x20003f85        0x1  Data  Gb  timer14.o [1]
DelayOnFastQ            0x080077f3       0x16  Code  Gb  core.o [1]
DrawChar                0x0800a1ef      0x138  Code  Lc  lcd.o [1]
DrawFastLineHorizontal  0x0800a541       0x88  Code  Gb  lcd.o [1]
DrawFastLineHorizontal::address
                        0x20003f30        0x4  Data  Lc  lcd.o [1]
DrawFastLineHorizontal::color
                        0x20003f2c        0x4  Data  Lc  lcd.o [1]
DrawFastLineHorizontal::temp
                        0x20003f28        0x4  Data  Lc  lcd.o [1]
DrawFastLineVertical    0x0800a4bb       0x86  Code  Gb  lcd.o [1]
DrawFastLineVertical::address
                        0x20003f24        0x4  Data  Lc  lcd.o [1]
DrawFastLineVertical::color
                        0x20003f20        0x4  Data  Lc  lcd.o [1]
DrawFastLineVertical::temp
                        0x20003f1c        0x4  Data  Lc  lcd.o [1]
DrawProp                0x20003e54       0x18  Data  Lc  lcd.o [1]
EXTI0_IRQHandler        0x080160d7        0xa  Code  Gb  stm32f7xx_it.o [1]
EXTI9_5_IRQHandler      0x0800749b       0x30  Code  Gb  interrupts.o [1]
ExCvt                   0x080161a8       0x80  Data  Lc  ff.o [1]
FATFS_LinkDriver        0x08003b7d       0x12  Code  Gb  ff_gen_drv.o [1]
FATFS_LinkDriverEx      0x08003b25       0x58  Code  Gb  ff_gen_drv.o [1]
FMC_IRQHandler          0x08016139       0x10  Code  Gb  stm32f7xx_it.o [1]
FMC_Initialized         0x20003ef4        0x4  Data  Lc  fmc.o [1]
FMC_NAND_AttributeSpace_Timing_Init
                        0x0800ad69       0x2c  Code  Gb  stm32f7xx_ll_fmc.o [1]
FMC_NAND_CommonSpace_Timing_Init
                        0x0800ad3d       0x2c  Code  Gb  stm32f7xx_ll_fmc.o [1]
FMC_NAND_Init           0x0800ad01       0x36  Code  Gb  stm32f7xx_ll_fmc.o [1]
FMC_SDRAM_Init          0x0800ad95       0x7c  Code  Gb  stm32f7xx_ll_fmc.o [1]
FMC_SDRAM_ProgramRefreshRate
                        0x0800aeff        0xe  Code  Gb  stm32f7xx_ll_fmc.o [1]
FMC_SDRAM_SendCommand   0x0800aeaf       0x50  Code  Gb  stm32f7xx_ll_fmc.o [1]
FMC_SDRAM_Timing_Init   0x0800ae11       0x9e  Code  Gb  stm32f7xx_ll_fmc.o [1]
F_first                 0x20003f76        0x1  Data  Gb  core.o [1]
F_last                  0x20003f74        0x1  Data  Gb  core.o [1]
F_pull                  0x08007797       0x5c  Code  Gb  core.o [1]
F_push                  0x080076d3       0x68  Code  Gb  core.o [1]
Fast_LCD_DrawPixel      0x08009f09       0x84  Code  Gb  lcd.o [1]
Fast_LCD_DrawPixel::addressDraw
                        0x20003f18        0x4  Data  Lc  lcd.o [1]
FatFs                   0x20003ebc        0xc  Data  Lc  ff.o [1]
Files                   0x20003e3c       0x18  Data  Lc  ff.o [1]
FillImageSoft           0x0800a645       0x48  Code  Gb  lcd.o [1]
Fsid                    0x20003f68        0x2  Data  Lc  ff.o [1]
GOST_B_23_var           0x20000300        0xc  Data  Gb  lcd.o [1]
GUI_Free                0x08009175       0x70  Code  Gb  gui.o [1]
GUI_Objects             0x20002590      0xa00  Data  Lc  gui.o [1]
GUI_Release             0x080092ff      0x442  Code  Gb  gui.o [1]
GUI_Release::i          0x20003f00        0x4  Data  Lc  gui.o [1]
GUI_Release::j          0x20003f04        0x4  Data  Lc  gui.o [1]
GUI_SetObject           0x080091e5      0x11a  Code  Gb  gui.o [1]
GUI_SetObject::NullObj  0x20003e14       0x28  Data  Lc  gui.o [1]
GUI_SetObject::i        0x20003ef8        0x4  Data  Lc  gui.o [1]
GUI_SetObject::j        0x20003efc        0x4  Data  Lc  gui.o [1]
GenerateKbdMessages     0x0801558f       0x92  Code  Gb  keyboard.o [1]
GenerateKbdMessages::Event
                        0x20003f7e        0x1  Data  Lc  keyboard.o [1]
GenerateKbdMessages::i  0x20003f7f        0x1  Data  Lc  keyboard.o [1]
GetDateToStr            0x0800aa1d       0x6e  Code  Gb  rtc.o [1]
GetTimeToStr            0x0800aa8b       0x66  Code  Gb  rtc.o [1]
HAL_ADC_ConfigChannel   0x08014035      0x1a0  Code  Gb  stm32f7xx_hal_adc.o [1]
HAL_ADC_Init            0x08013fcd       0x68  Code  Gb  stm32f7xx_hal_adc.o [1]
HAL_ADC_MspInit         0x080143bb       0x42  Code  Gb  adc.o [1]
HAL_CAN_ErrorCallback   0x08013be9        0x2  Code  Wk  stm32f7xx_hal_can.o [1]
HAL_CAN_IRQHandler      0x080139b5      0x222  Code  Gb  stm32f7xx_hal_can.o [1]
HAL_CAN_Init            0x080137f5      0x1c0  Code  Gb  stm32f7xx_hal_can.o [1]
HAL_CAN_MspInit         0x08013eb1       0xfe  Code  Gb  can.o [1]
HAL_CAN_RxCpltCallback  0x08013be7        0x2  Code  Wk  stm32f7xx_hal_can.o [1]
HAL_CAN_TxCpltCallback  0x08013be5        0x2  Code  Wk  stm32f7xx_hal_can.o [1]
HAL_DAC_ConfigChannel   0x0800bf4d       0x56  Code  Gb  stm32f7xx_hal_dac.o [1]
HAL_DAC_Init            0x0800be91       0x2c  Code  Gb  stm32f7xx_hal_dac.o [1]
HAL_DAC_MspInit         0x0800c93d       0x42  Code  Gb  dac.o [1]
HAL_DAC_SetValue        0x0800bfa3       0x30  Code  Gb  stm32f7xx_hal_dac.o [1]
HAL_DAC_Start           0x0800bebd       0x90  Code  Gb  stm32f7xx_hal_dac.o [1]
HAL_DMA2D_ConfigLayer   0x0800bc6d      0x11a  Code  Gb  stm32f7xx_hal_dma2d.o [1]
HAL_DMA2D_IRQHandler    0x0800bba5       0xc8  Code  Gb  stm32f7xx_hal_dma2d.o [1]
HAL_DMA2D_Init          0x0800b969       0x6c  Code  Gb  stm32f7xx_hal_dma2d.o [1]
HAL_DMA2D_MspInit       0x0800c8bd       0x3c  Code  Gb  dma2d.o [1]
HAL_DMA2D_PollForTransfer
                        0x0800baa9       0xfc  Code  Gb  stm32f7xx_hal_dma2d.o [1]
HAL_DMA2D_Start         0x0800b9d5       0x58  Code  Gb  stm32f7xx_hal_dma2d.o [1]
HAL_DMA2D_Start_IT      0x0800ba2d       0x7c  Code  Gb  stm32f7xx_hal_dma2d.o [1]
HAL_Delay               0x08006755       0x1a  Code  Wk  stm32f7xx_hal.o [1]
HAL_FMC_MspInit         0x0800abe9       0xd6  Code  Lc  fmc.o [1]
HAL_GPIO_EXTI_Callback  0x0800748d        0xe  Code  Gb  interrupts.o [1]
HAL_GPIO_EXTI_IRQHandler
                        0x080069a1       0x1e  Code  Gb  stm32f7xx_hal_gpio.o [1]
HAL_GPIO_Init           0x08006779      0x1fc  Code  Gb  stm32f7xx_hal_gpio.o [1]
HAL_GPIO_ReadPin        0x08006975       0x18  Code  Gb  stm32f7xx_hal_gpio.o [1]
HAL_GPIO_WritePin       0x0800698d       0x14  Code  Gb  stm32f7xx_hal_gpio.o [1]
HAL_GetTick             0x0800674f        0x6  Code  Wk  stm32f7xx_hal.o [1]
HAL_HCD_Connect_Callback
                        0x0800dd7b        0xe  Code  Gb  usbh_conf.o [1]
HAL_HCD_Disconnect_Callback
                        0x0800dd89        0xe  Code  Gb  usbh_conf.o [1]
HAL_HCD_GetCurrentFrame
                        0x0800d0ef        0xc  Code  Gb  stm32f7xx_hal_hcd.o [1]
HAL_HCD_GetCurrentSpeed
                        0x0800d0fb        0xc  Code  Gb  stm32f7xx_hal_hcd.o [1]
HAL_HCD_HC_GetURBState  0x0800d0d5        0xe  Code  Gb  stm32f7xx_hal_hcd.o [1]
HAL_HCD_HC_GetXferCount
                        0x0800d0e3        0xc  Code  Gb  stm32f7xx_hal_hcd.o [1]
HAL_HCD_HC_Halt         0x0800cc41       0x30  Code  Gb  stm32f7xx_hal_hcd.o [1]
HAL_HCD_HC_Init         0x0800cb6d       0xd4  Code  Gb  stm32f7xx_hal_hcd.o [1]
HAL_HCD_HC_NotifyURBChange_Callback
                        0x0800dd97        0x2  Code  Gb  usbh_conf.o [1]
HAL_HCD_HC_SubmitRequest
                        0x0800cc71      0x2c4  Code  Gb  stm32f7xx_hal_hcd.o [1]
HAL_HCD_IRQHandler      0x0800cf35      0x140  Code  Gb  stm32f7xx_hal_hcd.o [1]
HAL_HCD_Init            0x0800cb11       0x5c  Code  Gb  stm32f7xx_hal_hcd.o [1]
HAL_HCD_MspInit         0x0800dcf5       0x78  Code  Gb  usbh_conf.o [1]
HAL_HCD_ResetPort       0x0800d0c9        0xc  Code  Gb  stm32f7xx_hal_hcd.o [1]
HAL_HCD_SOF_Callback    0x0800dd6d        0xe  Code  Gb  usbh_conf.o [1]
HAL_HCD_Start           0x0800d075       0x2e  Code  Gb  stm32f7xx_hal_hcd.o [1]
HAL_HCD_Stop            0x0800d0a3       0x26  Code  Gb  stm32f7xx_hal_hcd.o [1]
HAL_I2CEx_ConfigAnalogFilter
                        0x0800c10f       0x84  Code  Gb  stm32f7xx_hal_i2c_ex.o [1]
HAL_I2C_ER_IRQHandler   0x080088af       0x78  Code  Gb  stm32f7xx_hal_i2c.o [1]
HAL_I2C_EV_IRQHandler   0x08008781      0x12e  Code  Gb  stm32f7xx_hal_i2c.o [1]
HAL_I2C_ErrorCallback   0x08008933        0x2  Code  Wk  stm32f7xx_hal_i2c.o [1]
HAL_I2C_Init            0x080080d5       0xbc  Code  Gb  stm32f7xx_hal_i2c.o [1]
HAL_I2C_MasterRxCpltCallback
                        0x08008929        0x2  Code  Wk  stm32f7xx_hal_i2c.o [1]
HAL_I2C_MasterTxCpltCallback
                        0x08008927        0x2  Code  Wk  stm32f7xx_hal_i2c.o [1]
HAL_I2C_Master_Receive  0x080082ef      0x15e  Code  Gb  stm32f7xx_hal_i2c.o [1]
HAL_I2C_Master_Transmit
                        0x08008191      0x15e  Code  Gb  stm32f7xx_hal_i2c.o [1]
HAL_I2C_MemRxCpltCallback
                        0x08008931        0x2  Code  Wk  stm32f7xx_hal_i2c.o [1]
HAL_I2C_MemTxCpltCallback
                        0x0800892f        0x2  Code  Wk  stm32f7xx_hal_i2c.o [1]
HAL_I2C_Mem_Read        0x080085e5      0x196  Code  Gb  stm32f7xx_hal_i2c.o [1]
HAL_I2C_Mem_Write       0x0800844d      0x198  Code  Gb  stm32f7xx_hal_i2c.o [1]
HAL_I2C_MspInit         0x0800af57       0x6a  Code  Gb  i2c.o [1]
HAL_I2C_SlaveRxCpltCallback
                        0x0800892d        0x2  Code  Wk  stm32f7xx_hal_i2c.o [1]
HAL_I2C_SlaveTxCpltCallback
                        0x0800892b        0x2  Code  Wk  stm32f7xx_hal_i2c.o [1]
HAL_IncTick             0x08006743        0xc  Code  Wk  stm32f7xx_hal.o [1]
HAL_Init                0x080066fd       0x22  Code  Gb  stm32f7xx_hal.o [1]
HAL_InitTick            0x0800671f       0x24  Code  Wk  stm32f7xx_hal.o [1]
HAL_LTDC_ConfigLayer    0x0800b3d1       0x52  Code  Gb  stm32f7xx_hal_ltdc.o [1]
HAL_LTDC_ErrorCallback  0x0800b3cd        0x2  Code  Wk  stm32f7xx_hal_ltdc.o [1]
HAL_LTDC_IRQHandler     0x0800b337       0x96  Code  Gb  stm32f7xx_hal_ltdc.o [1]
HAL_LTDC_Init           0x0800b1fd      0x13a  Code  Gb  stm32f7xx_hal_ltdc.o [1]
HAL_LTDC_LineEventCallback
                        0x0800b3cf        0x2  Code  Wk  stm32f7xx_hal_ltdc.o [1]
HAL_LTDC_MspInit        0x0800c793       0xe2  Code  Gb  ltdc.o [1]
HAL_LTDC_SetAddress     0x0800b423       0x4e  Code  Gb  stm32f7xx_hal_ltdc.o [1]
HAL_MspInit             0x08006b6f       0x46  Code  Gb  stm32f7xx_hal_msp.o [1]
HAL_NAND_IRQHandler     0x0800c029       0x74  Code  Gb  stm32f7xx_hal_nand.o [1]
HAL_NAND_ITCallback     0x0800c09d        0x2  Code  Wk  stm32f7xx_hal_nand.o [1]
HAL_NAND_Init           0x0800bfd3       0x56  Code  Gb  stm32f7xx_hal_nand.o [1]
HAL_NAND_MspInit        0x0800acbf        0xa  Code  Gb  fmc.o [1]
HAL_NAND_Read_ID        0x0800c09f       0x70  Code  Gb  stm32f7xx_hal_nand.o [1]
HAL_NVIC_EnableIRQ      0x08006b07        0xe  Code  Gb  stm32f7xx_hal_cortex.o [1]
HAL_NVIC_SetPriority    0x08006ae1       0x26  Code  Gb  stm32f7xx_hal_cortex.o [1]
HAL_NVIC_SetPriorityGrouping
                        0x08006ad5        0xc  Code  Gb  stm32f7xx_hal_cortex.o [1]
HAL_PWREx_EnableOverDrive
                        0x08015a1d       0x7a  Code  Gb  stm32f7xx_hal_pwr_ex.o [1]
HAL_RCCEx_PeriphCLKConfig
                        0x08012ffd      0x7cc  Code  Gb  stm32f7xx_hal_rcc_ex.o [1]
HAL_RCC_CAN1_CLK_ENABLED
                        0x20003ee8        0x4  Data  Lc  can.o [1]
HAL_RCC_ClockConfig     0x080070cf      0x25a  Code  Gb  stm32f7xx_hal_rcc.o [1]
HAL_RCC_EnableCSS       0x08007329        0xe  Code  Gb  stm32f7xx_hal_rcc.o [1]
HAL_RCC_GetHCLKFreq     0x080073db       0x28  Code  Gb  stm32f7xx_hal_rcc.o [1]
HAL_RCC_GetPCLK1Freq    0x08007403       0x20  Code  Gb  stm32f7xx_hal_rcc.o [1]
HAL_RCC_GetPCLK2Freq    0x08007423       0x20  Code  Gb  stm32f7xx_hal_rcc.o [1]
HAL_RCC_GetSysClockFreq
                        0x08007337       0xa4  Code  Gb  stm32f7xx_hal_rcc.o [1]
HAL_RCC_OscConfig       0x08006bb5      0x51a  Code  Gb  stm32f7xx_hal_rcc.o [1]
HAL_SDRAM_IRQHandler    0x0800804d       0x20  Code  Gb  stm32f7xx_hal_sdram.o [1]
HAL_SDRAM_Init          0x08008009       0x44  Code  Gb  stm32f7xx_hal_sdram.o [1]
HAL_SDRAM_MspInit       0x0800acc9        0xa  Code  Gb  fmc.o [1]
HAL_SDRAM_ProgramRefreshRate
                        0x080080ab       0x2a  Code  Gb  stm32f7xx_hal_sdram.o [1]
HAL_SDRAM_RefreshErrorCallback
                        0x0800806d        0x2  Code  Wk  stm32f7xx_hal_sdram.o [1]
HAL_SDRAM_SendCommand   0x0800806f       0x3c  Code  Gb  stm32f7xx_hal_sdram.o [1]
HAL_SD_GetStatus        0x08005a3b       0x26  Code  Gb  stm32f7xx_hal_sd.o [1]
HAL_SD_Get_CardInfo     0x0800560f      0x362  Code  Gb  stm32f7xx_hal_sd.o [1]
HAL_SD_Init             0x080050d9       0xb6  Code  Gb  stm32f7xx_hal_sd.o [1]
HAL_SD_MspInit          0x08006537       0x68  Code  Gb  sdmmc.o [1]
HAL_SD_ReadBlocks       0x0800518f      0x1f6  Code  Gb  stm32f7xx_hal_sd.o [1]
HAL_SD_StopTransfer     0x08005a03       0x38  Code  Gb  stm32f7xx_hal_sd.o [1]
HAL_SD_WideBusOperation_Config
                        0x08005971       0x92  Code  Gb  stm32f7xx_hal_sd.o [1]
HAL_SD_WriteBlocks      0x08005385      0x28a  Code  Gb  stm32f7xx_hal_sd.o [1]
HAL_SPI_Init            0x08015aa5       0xda  Code  Gb  stm32f7xx_hal_spi.o [1]
HAL_SPI_MspInit         0x080158af       0x68  Code  Gb  spi.o [1]
HAL_SYSTICK_CLKSourceConfig
                        0x08006b21       0x22  Code  Gb  stm32f7xx_hal_cortex.o [1]
HAL_SYSTICK_Callback    0x08006b6d        0x2  Code  Wk  stm32f7xx_hal_cortex.o [1]
HAL_SYSTICK_Config      0x08006b15        0xc  Code  Gb  stm32f7xx_hal_cortex.o [1]
HAL_SYSTICK_IRQHandler  0x08006b65        0x8  Code  Gb  stm32f7xx_hal_cortex.o [1]
HAL_TIMEx_BreakCallback
                        0x080153c5        0x2  Code  Wk  stm32f7xx_hal_tim_ex.o [1]
HAL_TIMEx_CommutationCallback
                        0x080153c3        0x2  Code  Wk  stm32f7xx_hal_tim_ex.o [1]
HAL_TIMEx_MasterConfigSynchronization
                        0x08015361       0x62  Code  Gb  stm32f7xx_hal_tim_ex.o [1]
HAL_TIM_Base_Init       0x08014e71       0x32  Code  Gb  stm32f7xx_hal_tim.o [1]
HAL_TIM_Base_MspInit    0x0801523d       0xf4  Code  Gb  tim.o [1]
HAL_TIM_IC_CaptureCallback
                        0x0801503b        0x2  Code  Wk  stm32f7xx_hal_tim.o [1]
HAL_TIM_IRQHandler      0x08014ea3      0x194  Code  Gb  stm32f7xx_hal_tim.o [1]
HAL_TIM_OC_DelayElapsedCallback
                        0x08015039        0x2  Code  Wk  stm32f7xx_hal_tim.o [1]
HAL_TIM_PWM_PulseFinishedCallback
                        0x0801503d        0x2  Code  Wk  stm32f7xx_hal_tim.o [1]
HAL_TIM_PeriodElapsedCallback
                        0x08015037        0x2  Code  Wk  stm32f7xx_hal_tim.o [1]
HAL_TIM_TriggerCallback
                        0x0801503f        0x2  Code  Wk  stm32f7xx_hal_tim.o [1]
HAL_UART_ErrorCallback  0x08011fd3        0x2  Code  Wk  stm32f7xx_hal_uart.o [1]
HAL_UART_IRQHandler     0x08011df9       0xf0  Code  Gb  stm32f7xx_hal_uart.o [1]
HAL_UART_Init           0x08011d79       0x80  Code  Gb  stm32f7xx_hal_uart.o [1]
HAL_UART_MspInit        0x080126ed       0xe0  Code  Gb  usart.o [1]
HAL_UART_RxCpltCallback
                        0x08011fd1        0x2  Code  Wk  stm32f7xx_hal_uart.o [1]
HAL_UART_TxCpltCallback
                        0x08011fcf        0x2  Code  Wk  stm32f7xx_hal_uart.o [1]
HCD_HC_IN_IRQHandler    0x0800d107      0x50a  Code  Lc  stm32f7xx_hal_hcd.o [1]
HCD_HC_OUT_IRQHandler   0x0800d611      0x506  Code  Lc  stm32f7xx_hal_hcd.o [1]
HCD_Port_IRQHandler     0x0800dc11       0xe2  Code  Lc  stm32f7xx_hal_hcd.o [1]
HCD_RXQLVL_IRQHandler   0x0800db17       0xf6  Code  Lc  stm32f7xx_hal_hcd.o [1]
HEAP$$Base              0x20002390              --   Gb  - Linker created -
HEAP$$Limit             0x20002590              --   Gb  - Linker created -
I2C2_ER_IRQHandler      0x08016113        0xa  Code  Gb  stm32f7xx_it.o [1]
I2C2_EV_IRQHandler      0x08016109        0xa  Code  Gb  stm32f7xx_it.o [1]
I2C_IsAcknowledgeFailed
                        0x080090c1       0x80  Code  Lc  stm32f7xx_hal_i2c.o [1]
I2C_MasterReceive_ISR   0x08008ad5      0x190  Code  Lc  stm32f7xx_hal_i2c.o [1]
I2C_MasterTransmit_ISR  0x08008935      0x19e  Code  Lc  stm32f7xx_hal_i2c.o [1]
I2C_RequestMemoryRead   0x08008e73       0x98  Code  Lc  stm32f7xx_hal_i2c.o [1]
I2C_RequestMemoryWrite  0x08008dd9       0x9a  Code  Lc  stm32f7xx_hal_i2c.o [1]
I2C_SlaveReceive_ISR    0x08008d29       0xb0  Code  Lc  stm32f7xx_hal_i2c.o [1]
I2C_SlaveTransmit_ISR   0x08008c65       0xc4  Code  Lc  stm32f7xx_hal_i2c.o [1]
I2C_TransferConfig      0x08009141       0x2a  Code  Lc  stm32f7xx_hal_i2c.o [1]
I2C_WaitOnFlagUntilTimeout
                        0x08008f11       0x8e  Code  Lc  stm32f7xx_hal_i2c.o [1]
I2C_WaitOnRXNEFlagUntilTimeout
                        0x08009043       0x7e  Code  Lc  stm32f7xx_hal_i2c.o [1]
I2C_WaitOnSTOPFlagUntilTimeout
                        0x08008ff3       0x50  Code  Lc  stm32f7xx_hal_i2c.o [1]
I2C_WaitOnTXISFlagUntilTimeout
                        0x08008f9f       0x54  Code  Lc  stm32f7xx_hal_i2c.o [1]
Image1                  0x20003f4c        0x4  Data  Gb  userinterface.o [1]
InitPeriph              0x08015995       0x88  Code  Gb  initial.o [1]
KB_Status               0x20003f0c        0x4  Data  Gb  keyboard.o [1]
LCD_DisplayChar         0x08009959       0x6a  Code  Gb  lcd.o [1]
LCD_DisplayStringAt     0x080099c3      0x128  Code  Gb  lcd.o [1]
LCD_DrawCircle          0x08009c8b      0x13e  Code  Gb  lcd.o [1]
LCD_DrawFullCircle      0x08009dcd       0xc8  Code  Gb  lcd.o [1]
LCD_DrawLine            0x08009aeb      0x1a0  Code  Gb  lcd.o [1]
LCD_DrawPolygon         0x08009e95       0x6c  Code  Gb  lcd.o [1]
LCD_FillPolygon         0x08009f91      0x25e  Code  Gb  lcd.o [1]
LCD_FillRect            0x0800a5c9       0x38  Code  Gb  lcd.o [1]
LCD_FillTriangle        0x0800a68d      0x24a  Code  Gb  lcd.o [1]
LCD_FillTriangle::i     0x20003f80        0x1  Data  Lc  lcd.o [1]
LCD_FillTriangle::indexA
                        0x20003f81        0x1  Data  Lc  lcd.o [1]
LCD_FillTriangle::indexB
                        0x20003f82        0x1  Data  Lc  lcd.o [1]
LCD_FillTriangle::indexC
                        0x20003f83        0x1  Data  Lc  lcd.o [1]
LCD_FillTriangle::sy    0x20003f6a        0x2  Data  Lc  lcd.o [1]
LCD_FillTriangle::tmp   0x20003f6c        0x2  Data  Lc  lcd.o [1]
LCD_Fill_Image          0x0800a601       0x3c  Code  Gb  lcd.o [1]
LCD_Fill_Image::address
                        0x20003f34        0x4  Data  Lc  lcd.o [1]
LCD_GetXSize            0x080097e5       0x14  Code  Gb  lcd.o [1]
LCD_GetYSize            0x080097f9       0x14  Code  Gb  lcd.o [1]
LCD_Init                0x0800a401       0x3e  Code  Gb  lcd.o [1]
LCD_InitParams          0x0800a3af       0x40  Code  Gb  lcd.o [1]
LCD_LayerDefaultInit    0x08009835       0x9e  Code  Gb  lcd.o [1]
LCD_Layers_Init         0x0800b7cd       0x4a  Code  Gb  video.o [1]
LCD_SelectLayer         0x080098d3        0x8  Code  Gb  lcd.o [1]
LCD_SetBackColor        0x08009945       0x14  Code  Gb  lcd.o [1]
LCD_SetColorPixel       0x0800a3ef       0x12  Code  Gb  lcd.o [1]
LCD_SetLayerVisible     0x080098db       0x6a  Code  Gb  lcd.o [1]
LCD_SetLight            0x0800a43f       0x7c  Code  Gb  lcd.o [1]
LCD_SetXSize            0x0800980d       0x14  Code  Gb  lcd.o [1]
LCD_SetYSize            0x08009821       0x14  Code  Gb  lcd.o [1]
LED_control             0x08015d89       0x2c  Code  Gb  leds.o [1]
LL_ConvertLineToARGB8888
                        0x0800a327       0x88  Code  Gb  lcd.o [1]
LTDC_ER_IRQHandler      0x08016167        0xa  Code  Gb  stm32f7xx_it.o [1]
LTDC_IRQHandler         0x0801615d        0xa  Code  Gb  stm32f7xx_it.o [1]
LTDC_SetConfig          0x0800b471      0x276  Code  Lc  stm32f7xx_hal_ltdc.o [1]
LayerIndex              0x20003f14        0x4  Data  Lc  lcd.o [1]
LayerOfView             0x20003f87        0x1  Data  Gb  video.o [1]
LoadBitmapFromSD        0x0800b817      0x122  Code  Gb  video.o [1]
LoadInt                 0x0800fcb5       0x70  Code  Lc  xprintffull.o [3]
Load_GUI_1              0x08007dc9      0x176  Code  Gb  userinterface.o [1]
Load_GUI_1::CircleCenterTest
                        0x20000384        0x4  Data  Lc  userinterface.o [1]
Load_GUI_1::Poly1_points
                        0x20000354       0x10  Data  Lc  userinterface.o [1]
Load_GUI_1::Poly2_points
                        0x20000364       0x10  Data  Lc  userinterface.o [1]
Load_GUI_1::Poly3_points
                        0x20000374       0x10  Data  Lc  userinterface.o [1]
MX_ADC1_Init            0x08014355       0x66  Code  Gb  adc.o [1]
MX_CAN1_Init            0x08013e05       0x56  Code  Gb  can.o [1]
MX_CAN2_Init            0x08013e5b       0x56  Code  Gb  can.o [1]
MX_DAC_Init             0x0800c905       0x38  Code  Gb  dac.o [1]
MX_DMA2D_Init           0x0800c899       0x24  Code  Gb  dma2d.o [1]
MX_FATFS_Init           0x08003aed       0x1c  Code  Gb  fatfs.o [1]
MX_FMC_Init             0x0800aaf1       0xf8  Code  Gb  fmc.o [1]
MX_GPIO_Init            0x0801440d      0x380  Code  Gb  gpio.o [1]
MX_I2C2_Init            0x0800af0d       0x4a  Code  Gb  i2c.o [1]
MX_LTDC_Init            0x0800c669      0x12a  Code  Gb  ltdc.o [1]
MX_SDMMC1_SD_Init       0x08006509       0x2e  Code  Gb  sdmmc.o [1]
MX_SPI2_Init            0x0801584d       0x62  Code  Gb  spi.o [1]
MX_TIM11_Init           0x080151b9       0x2a  Code  Gb  tim.o [1]
MX_TIM13_Init           0x080151e3       0x2e  Code  Gb  tim.o [1]
MX_TIM14_Init           0x08015211       0x2c  Code  Gb  tim.o [1]
MX_TIM6_Init            0x08015155       0x32  Code  Gb  tim.o [1]
MX_TIM7_Init            0x08015187       0x32  Code  Gb  tim.o [1]
MX_USART2_UART_Init     0x08012615       0x48  Code  Gb  usart.o [1]
MX_USART3_UART_Init     0x0801265d       0x48  Code  Gb  usart.o [1]
MX_USART6_UART_Init     0x080126a5       0x48  Code  Gb  usart.o [1]
MX_USB_HOST_Init        0x0801592d       0x1e  Code  Gb  usb_host.o [1]
MX_USB_HOST_Process     0x0801594b        0xa  Code  Gb  usb_host.o [1]
M_first                 0x20003f75        0x1  Data  Gb  core.o [1]
M_last                  0x20003f73        0x1  Data  Gb  core.o [1]
M_pull                  0x0800773b       0x5c  Code  Gb  core.o [1]
MemManage_Handler       0x080160c9        0x2  Code  Gb  stm32f7xx_it.o [1]
NAND_readId             0x08015b9b       0x30  Code  Gb  memory.o [1]
NVIC_ClearPendingIRQ    0x08007479       0x14  Code  Lc  interrupts.o [1]
NVIC_EnableIRQ          0x08006a2d       0x14  Code  Lc  stm32f7xx_hal_cortex.o [1]
NVIC_EnableIRQ          0x08015bd5       0x14  Code  Lc  timer13.o [1]
NVIC_EnableIRQ          0x080074e1       0x14  Code  Lc  timer14.o [1]
NVIC_EncodePriority     0x08006a67       0x3e  Code  Lc  stm32f7xx_hal_cortex.o [1]
NVIC_GetPriorityGrouping
                        0x08006a23        0xa  Code  Lc  stm32f7xx_hal_cortex.o [1]
NVIC_SetPriority        0x08006a41       0x26  Code  Lc  stm32f7xx_hal_cortex.o [1]
NVIC_SetPriorityGrouping
                        0x08006a05       0x1e  Code  Lc  stm32f7xx_hal_cortex.o [1]
OTG_FS_IRQHandler       0x08016149        0xa  Code  Gb  stm32f7xx_it.o [1]
PCF8563_Init            0x0800a955        0xc  Code  Gb  rtc.o [1]
PCF8563_read_datetime   0x0800a97d       0x9c  Code  Gb  rtc.o [1]
PCF8563_write_byte      0x0800a931       0x24  Code  Gb  rtc.o [1]
PLC_DMA2D_Status        0x20000388        0x4  Data  Gb  video.o [1]
P_Touch_Config          0x08007b09      0x144  Code  Gb  stmpe811.o [1]
P_Touch_Config::regArray
                        0x2000030c        0xc  Data  Lc  stmpe811.o [1]
P_Touch_FnctCmd         0x08007a6d       0x76  Code  Gb  stmpe811.o [1]
P_Touch_FreeIRQ         0x08007ae3       0x26  Code  Gb  stmpe811.o [1]
P_Touch_ReadID          0x08007c4d       0x68  Code  Gb  stmpe811.o [1]
P_Touch_Read_16b        0x08007d1d       0x66  Code  Gb  stmpe811.o [1]
P_Touch_Read_X          0x08007cb5       0x34  Code  Lc  stmpe811.o [1]
P_Touch_Read_Y          0x08007ce9       0x34  Code  Lc  stmpe811.o [1]
P_Touch_Reset           0x08007a1b       0x52  Code  Gb  stmpe811.o [1]
Poly1                   0x20003f58        0x4  Data  Gb  userinterface.o [1]
Poly2                   0x20003f5c        0x4  Data  Gb  userinterface.o [1]
Poly3                   0x20003f60        0x4  Data  Gb  userinterface.o [1]
ProjectionLayerAddress  0x080163e8        0x8  Data  Gb  video.o [1]
ReadLineKbd             0x0801546b       0xb6  Code  Gb  keyboard.o [1]
Region$$Table$$Base     0x08016314              --   Gb  - Linker created -
Region$$Table$$Limit    0x08016334              --   Gb  - Linker created -
RestorePoly             0x0800b191       0x3c  Code  Gb  calculations.o [1]
RotatePoint             0x0800afd5      0x11c  Code  Gb  calculations.o [1]
RotatePoint::X          0x20003ee0        0x4  Data  Lc  calculations.o [1]
RotatePoint::Xo         0x20003ed8        0x4  Data  Lc  calculations.o [1]
RotatePoint::Y          0x20003ee4        0x4  Data  Lc  calculations.o [1]
RotatePoint::Yo         0x20003edc        0x4  Data  Lc  calculations.o [1]
RotatePoint::cosV       0x20003ed0        0x4  Data  Lc  calculations.o [1]
RotatePoint::sinV       0x20003ed4        0x4  Data  Lc  calculations.o [1]
RotatePoly              0x0800b0f1       0x64  Code  Gb  calculations.o [1]
RotatedF                0x20003f6e        0x1  Data  Lc  calculations.o [1]
RoutineFast             0x080075fd       0x2e  Code  Gb  core.o [1]
RoutineFast::branch     0x20003f72        0x1  Data  Lc  core.o [1]
RoutineMedium           0x080075d1       0x2c  Code  Gb  core.o [1]
RoutineMedium::branch   0x20003f71        0x1  Data  Lc  core.o [1]
Run_GUI_1               0x08007f3f       0x56  Code  Gb  userinterface.o [1]
SCB_EnableDCache        0x08015671       0x5a  Code  Lc  main.o [1]
SCB_EnableICache        0x0801564d       0x24  Code  Lc  main.o [1]
SDCardInfo1             0x20003ae0       0x58  Data  Gb  sdmmc.o [1]
SDMMC_DataConfig        0x080066cd       0x30  Code  Gb  stm32f7xx_ll_sdmmc.o [1]
SDMMC_GetCommandResponse
                        0x080066af        0x6  Code  Gb  stm32f7xx_ll_sdmmc.o [1]
SDMMC_GetPowerState     0x0800667d        0x8  Code  Gb  stm32f7xx_ll_sdmmc.o [1]
SDMMC_GetResponse       0x080066b5       0x18  Code  Gb  stm32f7xx_ll_sdmmc.o [1]
SDMMC_Init              0x0800662d       0x2e  Code  Gb  stm32f7xx_ll_sdmmc.o [1]
SDMMC_PowerState_ON     0x08006673        0xa  Code  Gb  stm32f7xx_ll_sdmmc.o [1]
SDMMC_ReadFIFO          0x08006661        0x6  Code  Gb  stm32f7xx_ll_sdmmc.o [1]
SDMMC_SendCommand       0x08006685       0x2a  Code  Gb  stm32f7xx_ll_sdmmc.o [1]
SDMMC_WriteFIFO         0x08006667        0xc  Code  Gb  stm32f7xx_ll_sdmmc.o [1]
SDRAM_Initialization_Sequence
                        0x0800784d       0x94  Code  Gb  core.o [1]
SDRAM_free              0x08015b81       0x1a  Code  Gb  memory.o [1]
SD_CmdError             0x08005dc7       0x4a  Code  Lc  stm32f7xx_hal_sd.o [1]
SD_CmdResp1Error        0x08005e85      0x118  Code  Lc  stm32f7xx_hal_sd.o [1]
SD_CmdResp2Error        0x08005fcd       0x46  Code  Lc  stm32f7xx_hal_sd.o [1]
SD_CmdResp3Error        0x08005f9d       0x30  Code  Lc  stm32f7xx_hal_sd.o [1]
SD_CmdResp6Error        0x08006013       0xa8  Code  Lc  stm32f7xx_hal_sd.o [1]
SD_CmdResp7Error        0x08005e11       0x74  Code  Lc  stm32f7xx_hal_sd.o [1]
SD_Driver               0x08016364       0x14  Data  Gb  sd_diskio.o [1]
SD_FindSCR              0x0800621f      0x176  Code  Lc  stm32f7xx_hal_sd.o [1]
SD_GetState             0x08005a61       0x24  Code  Lc  stm32f7xx_hal_sd.o [1]
SD_Initialize_Cards     0x08005a85      0x128  Code  Lc  stm32f7xx_hal_sd.o [1]
SD_IsCardProgramming    0x08006395      0x16c  Code  Lc  stm32f7xx_hal_sd.o [1]
SD_Path                 0x20003eec        0x4  Data  Gb  fatfs.o [1]
SD_PowerON              0x08005be7      0x180  Code  Lc  stm32f7xx_hal_sd.o [1]
SD_Select_Deselect      0x08005bad       0x3a  Code  Lc  stm32f7xx_hal_sd.o [1]
SD_SendStatus           0x08005d67       0x60  Code  Lc  stm32f7xx_hal_sd.o [1]
SD_WideBus_Disable      0x0800616d       0xb2  Code  Lc  stm32f7xx_hal_sd.o [1]
SD_WideBus_Enable       0x080060bb       0xb2  Code  Lc  stm32f7xx_hal_sd.o [1]
SD_initialize           0x08015fa5       0x24  Code  Gb  sd_diskio.o [1]
SD_ioctl                0x08016059       0x6a  Code  Gb  sd_diskio.o [1]
SD_read                 0x08015fed       0x36  Code  Gb  sd_diskio.o [1]
SD_status               0x08015fc9       0x24  Code  Gb  sd_diskio.o [1]
SD_write                0x08016023       0x36  Code  Gb  sd_diskio.o [1]
SetLineKbd              0x080153d1       0x9a  Code  Gb  keyboard.o [1]
Show_GUI                0x08009741       0x6c  Code  Gb  gui.o [1]
SolvePressedKeys        0x08015521       0x6e  Code  Gb  keyboard.o [1]
SolvePressedKeys::Index
                        0x20003f7c        0x1  Data  Lc  keyboard.o [1]
SolvePressedKeys::Lines_Kb
                        0x2000038c        0x2  Data  Lc  keyboard.o [1]
SolvePressedKeys::OldKeysLine
                        0x2000038e        0x1  Data  Lc  keyboard.o [1]
SolvePressedKeys::Pressed
                        0x20003f7d        0x1  Data  Lc  keyboard.o [1]
Stat                    0x2000038f        0x1  Data  Lc  sd_diskio.o [1]
StoreArrayOfPoly        0x20003a20       0x60  Data  Lc  calculations.o [1]
StorePoly               0x0800b155       0x3c  Code  Gb  calculations.o [1]
StrDate                 0x2000033c        0xc  Data  Gb  userinterface.o [1]
StrTime                 0x20000348        0xc  Data  Gb  userinterface.o [1]
SysTick_Config          0x08006aa5       0x30  Code  Lc  stm32f7xx_hal_cortex.o [1]
SysTick_Handler         0x080160cb        0xc  Code  Gb  stm32f7xx_it.o [1]
SystemClock_Config      0x0801573b       0xf0  Code  Gb  main.o [1]
SystemCoreClock         0x20000318        0x4  Data  Gb  system_stm32f7xx.o [1]
SystemInit              0x08014b09       0x5a  Code  Gb  system_stm32f7xx.o [1]
SystemInit_ExtMemCtl    0x08014b63      0x1ee  Code  Lc  system_stm32f7xx.o [1]
TIM13_IRQHandler        0x08015c19       0x84  Code  Gb  timer13.o [1]
TIM13_IRQHandler::Counter
                        0x20003f44        0x4  Data  Lc  timer13.o [1]
TIM14_IRQHandler        0x0800753b       0x6c  Code  Gb  timer14.o [1]
TIM14_IRQHandler::Counter
                        0x20003f48        0x4  Data  Lc  timer14.o [1]
TIM1_TRG_COM_TIM11_IRQHandler
                        0x080160ff        0xa  Code  Gb  stm32f7xx_it.o [1]
TIM8_TRG_COM_TIM14_IRQHandler
                        0x0801612b        0xe  Code  Gb  stm32f7xx_it.o [1]
TIM8_UP_TIM13_IRQHandler
                        0x0801611d        0xe  Code  Gb  stm32f7xx_it.o [1]
TIM_Base_SetConfig      0x08015041       0xe8  Code  Gb  stm32f7xx_hal_tim.o [1]
Text2                   0x20003f50        0x4  Data  Gb  userinterface.o [1]
Text3                   0x20003f54        0x4  Data  Gb  userinterface.o [1]
Timer13_Init            0x08015be9       0x30  Code  Gb  timer13.o [1]
Timer14_Init_Deal       0x080074f5       0x46  Code  Gb  timer14.o [1]
Touch_Data              0x20003ec8        0x8  Data  Gb  stmpe811.o [1]
Transfer_DMA2D_Completed
                        0x0800b93d        0xe  Code  Gb  video.o [1]
UART_AdvFeatureConfig   0x080124e1       0xda  Code  Gb  stm32f7xx_hal_uart.o [1]
UART_CheckIdleState     0x080125bb       0x58  Code  Gb  stm32f7xx_hal_uart.o [1]
UART_EndTransmit_IT     0x08012077       0x32  Code  Lc  stm32f7xx_hal_uart.o [1]
UART_Receive_IT         0x080120a9       0xa8  Code  Lc  stm32f7xx_hal_uart.o [1]
UART_SetConfig          0x08012151      0x35c  Code  Gb  stm32f7xx_hal_uart.o [1]
UART_Transmit_IT        0x08011fd5       0xa2  Code  Lc  stm32f7xx_hal_uart.o [1]
UART_WaitOnFlagUntilTimeout
                        0x08011ee9       0xe6  Code  Gb  stm32f7xx_hal_uart.o [1]
UB_Touch_Init           0x080078e1       0x2c  Code  Gb  stmpe811.o [1]
UB_Touch_Read           0x0800790d      0x10e  Code  Gb  stmpe811.o [1]
UB_Touch_Read::_x       0x20003f3c        0x4  Data  Lc  stmpe811.o [1]
UB_Touch_Read::_y       0x20003f40        0x4  Data  Lc  stmpe811.o [1]
USART6_IRQHandler       0x08016153        0xa  Code  Gb  stm32f7xx_it.o [1]
USBH_AllocPipe          0x0800ef93       0x2e  Code  Gb  usbh_pipes.o [1]
USBH_BulkReceiveData    0x0800f6dd       0x30  Code  Gb  usbh_ioreq.o [1]
USBH_BulkSendData       0x0800f69b       0x42  Code  Gb  usbh_ioreq.o [1]
USBH_ClosePipe          0x0800ef7f       0x14  Code  Gb  usbh_pipes.o [1]
USBH_ClrFeature         0x0800f185       0x2c  Code  Gb  usbh_ctlreq.o [1]
USBH_CtlReceiveData     0x0800f66b       0x30  Code  Gb  usbh_ioreq.o [1]
USBH_CtlReq             0x0800f397       0x5c  Code  Gb  usbh_ctlreq.o [1]
USBH_CtlSendData        0x0800f629       0x42  Code  Gb  usbh_ioreq.o [1]
USBH_CtlSendSetup       0x0800f5ff       0x2a  Code  Gb  usbh_ioreq.o [1]
USBH_Delay              0x0800dfcd        0xc  Code  Gb  usbh_conf.o [1]
USBH_Driver             0x08016378       0x14  Data  Gb  usbh_diskio.o [1]
USBH_FindInterface      0x0800ea93       0x6a  Code  Gb  usbh_core.o [1]
USBH_FreePipe           0x0800efc1       0x24  Code  Gb  usbh_pipes.o [1]
USBH_GetDescriptor      0x0800f0e5       0x4a  Code  Gb  usbh_ctlreq.o [1]
USBH_GetFreePipe        0x0800efe5       0x2e  Code  Lc  usbh_pipes.o [1]
USBH_GetNextDesc        0x0800f37f       0x18  Code  Gb  usbh_ctlreq.o [1]
USBH_Get_CfgDesc        0x0800f05d       0x3c  Code  Gb  usbh_ctlreq.o [1]
USBH_Get_DevDesc        0x0800f013       0x4a  Code  Gb  usbh_ctlreq.o [1]
USBH_Get_StringDesc     0x0800f099       0x4c  Code  Gb  usbh_ctlreq.o [1]
USBH_HandleControl      0x0800f3f3      0x20c  Code  Lc  usbh_ctlreq.o [1]
USBH_HandleEnum         0x0800ecfb      0x198  Code  Lc  usbh_core.o [1]
USBH_HandleSof          0x0800eeaf       0x1e  Code  Lc  usbh_core.o [1]
USBH_Init               0x0800e9a1       0x3a  Code  Gb  usbh_core.o [1]
USBH_LL_ClosePipe       0x0800debd       0x16  Code  Gb  usbh_conf.o [1]
USBH_LL_Connect         0x0800eecd       0x32  Code  Gb  usbh_core.o [1]
USBH_LL_Disconnect      0x0800eeff       0x40  Code  Gb  usbh_core.o [1]
USBH_LL_DriverVBUS      0x0800df31       0x16  Code  Gb  usbh_conf.o [1]
USBH_LL_GetLastXferSize
                        0x0800de67       0x14  Code  Gb  usbh_conf.o [1]
USBH_LL_GetSpeed        0x0800de21       0x36  Code  Gb  usbh_conf.o [1]
USBH_LL_GetToggle       0x0800df87       0x46  Code  Gb  usbh_conf.o [1]
USBH_LL_GetURBState     0x0800df1d       0x14  Code  Gb  usbh_conf.o [1]
USBH_LL_IncTimer        0x0800ee99       0x16  Code  Gb  usbh_core.o [1]
USBH_LL_Init            0x0800dd99       0x56  Code  Gb  usbh_conf.o [1]
USBH_LL_OpenPipe        0x0800de7b       0x42  Code  Gb  usbh_conf.o [1]
USBH_LL_ResetPort       0x0800de57       0x10  Code  Gb  usbh_conf.o [1]
USBH_LL_SetTimer        0x0800ee93        0x6  Code  Gb  usbh_core.o [1]
USBH_LL_SetToggle       0x0800df47       0x40  Code  Gb  usbh_conf.o [1]
USBH_LL_Start           0x0800de01       0x10  Code  Gb  usbh_conf.o [1]
USBH_LL_Stop            0x0800de11       0x10  Code  Gb  usbh_conf.o [1]
USBH_LL_SubmitURB       0x0800ded3       0x4a  Code  Gb  usbh_conf.o [1]
USBH_MSC_BOT_Abort      0x080117dd       0x44  Code  Lc  usbh_msc_bot.o [1]
USBH_MSC_BOT_Init       0x08011493       0x24  Code  Gb  usbh_msc_bot.o [1]
USBH_MSC_BOT_Process    0x080114b7      0x326  Code  Gb  usbh_msc_bot.o [1]
USBH_MSC_BOT_REQ_GetMaxLUN
                        0x0801146d       0x26  Code  Gb  usbh_msc_bot.o [1]
USBH_MSC_BOT_REQ_Reset  0x08011449       0x24  Code  Gb  usbh_msc_bot.o [1]
USBH_MSC_ClassRequest   0x08010cc9       0x8a  Code  Lc  usbh_msc.o [1]
USBH_MSC_DecodeCSW      0x08011821       0x62  Code  Lc  usbh_msc_bot.o [1]
USBH_MSC_GetLUNInfo     0x080112a7       0x3c  Code  Gb  usbh_msc.o [1]
USBH_MSC_InterfaceDeInit
                        0x08010c6b       0x5e  Code  Lc  usbh_msc.o [1]
USBH_MSC_InterfaceInit  0x08010ad7      0x194  Code  Lc  usbh_msc.o [1]
USBH_MSC_Process        0x08010d53      0x392  Code  Lc  usbh_msc.o [1]
USBH_MSC_RdWrProcess    0x080110eb      0x18e  Code  Lc  usbh_msc.o [1]
USBH_MSC_Read           0x080112e3       0xb2  Code  Gb  usbh_msc.o [1]
USBH_MSC_SCSI_Inquiry   0x08011a27      0x12c  Code  Gb  usbh_msc_scsi.o [1]
USBH_MSC_SCSI_Read      0x08011cc5       0xb2  Code  Gb  usbh_msc_scsi.o [1]
USBH_MSC_SCSI_ReadCapacity
                        0x08011969       0xbe  Code  Gb  usbh_msc_scsi.o [1]
USBH_MSC_SCSI_RequestSense
                        0x08011b53       0xc0  Code  Gb  usbh_msc_scsi.o [1]
USBH_MSC_SCSI_TestUnitReady
                        0x080118f7       0x72  Code  Gb  usbh_msc_scsi.o [1]
USBH_MSC_SCSI_Write     0x08011c13       0xb2  Code  Gb  usbh_msc_scsi.o [1]
USBH_MSC_SOFProcess     0x080110e5        0x6  Code  Lc  usbh_msc.o [1]
USBH_MSC_UnitIsReady    0x08011279       0x2e  Code  Gb  usbh_msc.o [1]
USBH_MSC_Write          0x08011395       0xb2  Code  Gb  usbh_msc.o [1]
USBH_OpenPipe           0x0800ef3f       0x40  Code  Gb  usbh_pipes.o [1]
USBH_ParseCfgDesc       0x0800f20d       0xec  Code  Lc  usbh_ctlreq.o [1]
USBH_ParseDevDesc       0x0800f1b1       0x5c  Code  Lc  usbh_ctlreq.o [1]
USBH_ParseEPDesc        0x0800f31f       0x20  Code  Lc  usbh_ctlreq.o [1]
USBH_ParseInterfaceDesc
                        0x0800f2f9       0x26  Code  Lc  usbh_ctlreq.o [1]
USBH_ParseStringDesc    0x0800f33f       0x40  Code  Lc  usbh_ctlreq.o [1]
USBH_Path               0x20003ef0        0x4  Data  Gb  fatfs.o [1]
USBH_Process            0x0800eb13      0x1e8  Code  Gb  usbh_core.o [1]
USBH_RegisterClass      0x0800ea37       0x3a  Code  Gb  usbh_core.o [1]
USBH_SelectInterface    0x0800ea71       0x22  Code  Gb  usbh_core.o [1]
USBH_SetAddress         0x0800f12f       0x2c  Code  Gb  usbh_ctlreq.o [1]
USBH_SetCfg             0x0800f15b       0x2a  Code  Gb  usbh_ctlreq.o [1]
USBH_Start              0x0800eafd       0x16  Code  Gb  usbh_core.o [1]
USBH_UserProcess        0x08015955       0x32  Code  Lc  usb_host.o [1]
USBH_initialize         0x08015de9        0x6  Code  Gb  usbh_diskio.o [1]
USBH_ioctl              0x08015f0b       0x94  Code  Gb  usbh_diskio.o [1]
USBH_msc                0x2000031c       0x20  Data  Gb  usbh_msc.o [1]
USBH_read               0x08015e13       0x76  Code  Gb  usbh_diskio.o [1]
USBH_status             0x08015def       0x24  Code  Gb  usbh_diskio.o [1]
USBH_write              0x08015e89       0x82  Code  Gb  usbh_diskio.o [1]
USB_CoreInit            0x0800dfd9       0x6e  Code  Gb  stm32f7xx_ll_usb.o [1]
USB_CoreReset           0x0800e169       0x38  Code  Lc  stm32f7xx_ll_usb.o [1]
USB_DisableGlobalInt    0x0800e055        0xe  Code  Gb  stm32f7xx_ll_usb.o [1]
USB_DoPing              0x0800e8a9       0x44  Code  Gb  stm32f7xx_ll_usb.o [1]
USB_DriveVbus           0x0800e30f       0x4c  Code  Gb  stm32f7xx_ll_usb.o [1]
USB_EnableGlobalInt     0x0800e047        0xe  Code  Gb  stm32f7xx_ll_usb.o [1]
USB_FlushRxFifo         0x0800e0bd       0x20  Code  Gb  stm32f7xx_ll_usb.o [1]
USB_FlushTxFifo         0x0800e099       0x24  Code  Gb  stm32f7xx_ll_usb.o [1]
USB_GetCurrentFrame     0x0800e371        0xa  Code  Gb  stm32f7xx_ll_usb.o [1]
USB_GetHostSpeed        0x0800e35b       0x16  Code  Gb  stm32f7xx_ll_usb.o [1]
USB_GetMode             0x0800e161        0x8  Code  Gb  stm32f7xx_ll_usb.o [1]
USB_HC_Halt             0x0800e723      0x186  Code  Gb  stm32f7xx_ll_usb.o [1]
USB_HC_Init             0x0800e37b      0x1b0  Code  Gb  stm32f7xx_ll_usb.o [1]
USB_HC_ReadInterrupt    0x0800e719        0xa  Code  Gb  stm32f7xx_ll_usb.o [1]
USB_HC_StartXfer        0x0800e52b      0x1d6  Code  Gb  stm32f7xx_ll_usb.o [1]
USB_HostInit            0x0800e1a1       0xe2  Code  Gb  stm32f7xx_ll_usb.o [1]
USB_InitFSLSPClkSel     0x0800e289       0x4c  Code  Gb  stm32f7xx_ll_usb.o [1]
USB_ReadInterrupts      0x0800e153        0xe  Code  Gb  stm32f7xx_ll_usb.o [1]
USB_ReadPacket          0x0800e127       0x2c  Code  Gb  stm32f7xx_ll_usb.o [1]
USB_ResetPort           0x0800e2d5       0x3a  Code  Gb  stm32f7xx_ll_usb.o [1]
USB_SetCurrentMode      0x0800e063       0x36  Code  Gb  stm32f7xx_ll_usb.o [1]
USB_StopHost            0x0800e8ed       0xb4  Code  Gb  stm32f7xx_ll_usb.o [1]
USB_WritePacket         0x0800e0e1       0x46  Code  Gb  stm32f7xx_ll_usb.o [1]
_GenldFull              0x0801023d      0x26a  Code  Lc  xprintffull.o [3]
_HW_Fill_Display_From_Mem
                        0x0800b76b       0x62  Code  Gb  video.o [1]
_HW_Fill_Finite_Color   0x0800b6f1       0x7a  Code  Gb  video.o [1]
_LdtobFull              0x0800fe31      0x406  Code  Lc  xprintffull.o [3]
_LitobFull              0x0800fd25      0x10a  Code  Lc  xprintffull.o [3]
_PrintfFull             0x0800f70d      0x5a2  Code  Gb  xprintffull.o [3]
_PutcharsFull           0x080104a7       0x2e  Code  Lc  xprintffull.o [3]
_SProut                 0x0800508f        0xa  Code  Gb  xsprout.o [3]
__aeabi_cdcmple         0x080106cd             Code  Gb  DblCmpLe.o [5]
__aeabi_cdrcmple        0x080106fd             Code  Gb  DblCmpGe.o [5]
__aeabi_d2f             0x0800c5d9             Code  Gb  DblToFlt.o [5]
__aeabi_d2iz            0x0800c3dd             Code  Gb  DblToI32.o [5]
__aeabi_d2uiz           0x0800c409             Code  Gb  DblToI32.o [5]
__aeabi_dadd            0x0800c2f5             Code  Gb  DblAdd.o [5]
__aeabi_ddiv            0x08010871             Code  Gb  DblDiv.o [5]
__aeabi_dmul            0x0800c435             Code  Gb  DblMul.o [5]
__aeabi_dsub            0x0800c991             Code  Gb  DblSub.o [5]
__aeabi_f2d             0x0800c2a5             Code  Gb  FltToDbl.o [5]
__aeabi_i2d             0x08010841             Code  Gb  I32ToDbl.o [5]
__aeabi_ldiv0           0x08010ad5             Code  Gb  I64DivZer.o [6]
__aeabi_memset          0x08011891             Code  Gb  ABImemset.o [6]
__aeabi_ui2d            0x08010855             Code  Gb  I32ToDbl.o [5]
__aeabi_uldivmod        0x08010599             Code  Gb  I64DivMod.o [6]
__cmain                 0x08016335             Code  Gb  cmain.o [6]
__data_GetMemChunk      0x08005099       0x2c  Code  Gb  xgetmemchunk.o [3]
__data_GetMemChunk::start
                        0x20003f64        0x4  Data  Lc  xgetmemchunk.o [3]
__exit                  0x080050c5       0x14  Code  Gb  exit.o [7]
__iar_Dnorm             0x08010687       0x44  Code  Gb  xdnorm.o [5]
__iar_Dscale            0x0801072d      0x114  Code  Gb  xdscale.o [5]
__iar_Memchr            0x08010541             Code  Gb  memchr.o [6]
__iar_Memset            0x08011891             Code  Gb  ABImemset.o [6]
__iar_Memset_word       0x08011899             Code  Gb  ABImemset.o [6]
__iar_Strchr            0x080104f1             Code  Gb  strchr.o [6]
__iar_d2uiz             0x0800c415             Code  Gb  DblToI32.o [5]
__iar_dadd              0x0800c309             Code  Gb  DblAdd.o [5]
__iar_data_init3        0x080162c9       0x28  Code  Gb  data_init.o [6]
__iar_dlfree            0x08004b67      0x51a  Code  Gb  dlmalloc.o [3]
__iar_dlmalloc          0x080048b1      0x2aa  Code  Gb  dlmalloc.o [3]
__iar_dsub              0x0800c9a5             Code  Gb  DblSub.o [5]
__iar_dsubStart         0x0800c9b7             Code  Gb  DblSub.o [5]
__iar_init_vfp          0x080162f1             Code  Gb  fpinit_M.o [5]
__iar_packbits_init_single3
                        0x08016269       0x38  Code  Gb  packbits_init_single.o [6]
__iar_program_start     0x080163d5             Code  Gb  cstartup_M.o [6]
__iar_ui2d              0x08010859             Code  Gb  I32ToDbl.o [5]
__iar_unaligned___aeabi_memcpy
                        0x080065b5             Code  Gb  ABImemcpy_unaligned.o [6]
__iar_unaligned___aeabi_memcpy4
                        0x080065d5             Code  Gb  ABImemcpy_unaligned.o [6]
__iar_unaligned___aeabi_memcpy8
                        0x080065d5             Code  Gb  ABImemcpy_unaligned.o [6]
__iar_zero_init3        0x08016229       0x40  Code  Gb  zero_init3.o [6]
__low_level_init        0x0801634f        0x4  Code  Gb  low_level_init.o [3]
__vector_table          0x08000000             Data  Gb  startup_stm32f746xx.o [1]
_call_main              0x08016341             Code  Gb  cmain.o [6]
_exit                   0x08016359             Code  Gb  cexit.o [6]
_gm_                    0x200035ec      0x1d8  Data  Lc  dlmalloc.o [3]
_main                   0x0801634b             Code  Gb  cmain.o [6]
abort                   0x08005089        0x6  Code  Gb  abort.o [3]
arm_cos_f32             0x0800c195       0x80  Code  Gb  arm_cos_f32.o [4]
arm_sin_f32             0x0800c215       0x90  Code  Gb  arm_sin_f32.o [4]
bcd2bin                 0x0800a961       0x1c  Code  Gb  rtc.o [1]
check_fs                0x08002cdd       0x82  Code  Lc  ff.o [1]
chk_chr                 0x08001f6b       0x14  Code  Lc  ff.o [1]
chk_lock                0x08001f7f       0x9a  Code  Lc  ff.o [1]
clear_lock              0x08002199       0x30  Code  Lc  ff.o [1]
clmt_clust              0x08002757       0x3a  Code  Lc  ff.o [1]
clust2sect              0x08002361       0x20  Code  Gb  ff.o [1]
create_chain            0x08002659       0xfe  Code  Lc  ff.o [1]
create_name             0x08002ad1      0x12c  Code  Lc  ff.o [1]
dec_lock                0x08002139       0x60  Code  Lc  ff.o [1]
dir_alloc               0x08002975       0x66  Code  Lc  ff.o [1]
dir_find                0x08002a1d       0x68  Code  Lc  ff.o [1]
dir_next                0x08002849      0x12c  Code  Lc  ff.o [1]
dir_register            0x08002a85       0x46  Code  Lc  ff.o [1]
dir_sdi                 0x08002791       0xb8  Code  Lc  ff.o [1]
disk                    0x20003e98       0x14  Data  Gb  ff_gen_drv.o [1]
disk_initialize         0x08003a17       0x36  Code  Gb  diskio.o [1]
disk_ioctl              0x08003abd       0x2c  Code  Gb  diskio.o [1]
disk_read               0x08003a4d       0x38  Code  Gb  diskio.o [1]
disk_status             0x080039f5       0x22  Code  Gb  diskio.o [1]
disk_write              0x08003a85       0x38  Code  Gb  diskio.o [1]
div                     0x08010ac7        0xe  Code  Gb  div.o [3]
emptyF                  0x0800762f        0x2  Code  Gb  core.o [1]
emptyM                  0x0800762d        0x2  Code  Gb  core.o [1]
emptyS                  0x0800762b        0x2  Code  Gb  core.o [1]
enq_lock                0x08002019       0x28  Code  Lc  ff.o [1]
exit                    0x08016353        0x4  Code  Gb  exit.o [3]
f_close                 0x080036d9       0x38  Code  Gb  ff.o [1]
f_lseek                 0x08003711      0x2e4  Code  Gb  ff.o [1]
f_mount                 0x080031e3       0x6a  Code  Gb  ff.o [1]
f_open                  0x0800326d      0x1da  Code  Gb  ff.o [1]
f_read                  0x08003447      0x200  Code  Gb  ff.o [1]
f_sync                  0x08003647       0x92  Code  Gb  ff.o [1]
find_volume             0x08002d5f      0x448  Code  Lc  ff.o [1]
follow_path             0x08002bfd       0x90  Code  Lc  ff.o [1]
gOSTtypeB_16ptBitmaps   0x080001c8     0x1d4c  Data  Gb  lcd.o [1]
gOSTtypeB_16ptDescriptors
                        0x0801478c      0x37c  Data  Gb  lcd.o [1]
get_fat                 0x08002381       0xfc  Code  Gb  ff.o [1]
get_fattime             0x08003b21        0x4  Code  Gb  fatfs.o [1]
get_ldnumber            0x08002c8d       0x50  Code  Lc  ff.o [1]
hUsbHostFS              0x20002f90      0x3c8  Data  Gb  usb_host.o [1]
hadc1                   0x20003b38       0x48  Data  Gb  adc.o [1]
hcan1                   0x20003b80       0x40  Data  Gb  can.o [1]
hcan2                   0x20003bc0       0x40  Data  Gb  can.o [1]
hdac                    0x20003e84       0x14  Data  Gb  dac.o [1]
hdma2d                  0x20003c00       0x40  Data  Gb  dma2d.o [1]
hhcd_USB_OTG_FS         0x20003358      0x294  Data  Gb  usbh_conf.o [1]
hi2c2                   0x20003c40       0x3c  Data  Gb  i2c.o [1]
hltdc                   0x200037c4       0xa8  Data  Gb  ltdc.o [1]
hnand1                  0x20003da8       0x38  Data  Gb  fmc.o [1]
hsd1                    0x20003a80       0x60  Data  Gb  sdmmc.o [1]
hsdram1                 0x20003de0       0x34  Data  Gb  fmc.o [1]
hspi2                   0x200039bc       0x64  Data  Gb  spi.o [1]
htim11                  0x20003cf4       0x3c  Data  Gb  tim.o [1]
htim13                  0x20003d30       0x3c  Data  Gb  tim.o [1]
htim14                  0x20003d6c       0x3c  Data  Gb  tim.o [1]
htim6                   0x20003c7c       0x3c  Data  Gb  tim.o [1]
htim7                   0x20003cb8       0x3c  Data  Gb  tim.o [1]
huart2                  0x2000386c       0x70  Data  Gb  usart.o [1]
huart3                  0x200038dc       0x70  Data  Gb  usart.o [1]
huart6                  0x2000394c       0x70  Data  Gb  usart.o [1]
inc_lock                0x08002041       0xf8  Code  Lc  ff.o [1]
init_mparams            0x08003bb1       0x32  Code  Lc  dlmalloc.o [3]
init_top                0x08003be3       0x34  Code  Lc  dlmalloc.o [3]
ld_clust                0x080029db       0x2a  Code  Lc  ff.o [1]
main                    0x080156cb       0x70  Code  Gb  main.o [1]
mem_cmp                 0x08001f47       0x24  Code  Lc  ff.o [1]
mem_cpy                 0x08001f15       0x1c  Code  Lc  ff.o [1]
mem_set                 0x08001f31       0x16  Code  Lc  ff.o [1]
memchr                  0x08010541             Code  Gb  memchr.o [6]
move_window             0x08002231       0x44  Code  Lc  ff.o [1]
mparams                 0x20003e6c       0x18  Data  Lc  dlmalloc.o [3]
mutexF                  0x20003f6f        0x1  Data  Gb  core.o [1]
mutexM                  0x20003f70        0x1  Data  Gb  core.o [1]
my_array_in_SDRAM       0xc0000000  0x2000000  Data  Gb  memory.o [1]
pFastQueue              0x20000200      0x100  Data  Gb  core.o [1]
pFastQueueIni           0x0800769d       0x36  Code  Gb  core.o [1]
pFastQueueIni::i        0x20003f79        0x1  Data  Lc  core.o [1]
pMediumQueue            0x20000100      0x100  Data  Gb  core.o [1]
pMediumQueueIni         0x08007667       0x36  Code  Gb  core.o [1]
pMediumQueueIni::i      0x20003f78        0x1  Data  Lc  core.o [1]
pSlowQueue              0x20000000      0x100  Data  Gb  core.o [1]
pSlowQueueIni           0x08007631       0x36  Code  Gb  core.o [1]
pSlowQueueIni::i        0x20003f77        0x1  Data  Lc  core.o [1]
prepend_alloc           0x08003c17      0x372  Code  Lc  dlmalloc.o [3]
put_fat                 0x0800247d      0x158  Code  Gb  ff.o [1]
readedKeys              0x20003f08        0x4  Data  Gb  keyboard.o [1]
remove_chain            0x080025d5       0x84  Code  Lc  ff.o [1]
retSD                   0x20003f7a        0x1  Data  Gb  fatfs.o [1]
retUSBH                 0x20003f7b        0x1  Data  Gb  fatfs.o [1]
segment_holding         0x08003b95       0x1c  Code  Lc  dlmalloc.o [3]
sinTable_f32            0x080127f8      0x804  Data  Gb  arm_common_tables.o [4]
sprintf                 0x08015db5       0x34  Code  Gb  sprintf.o [3]
st_clust                0x08002a05       0x18  Code  Lc  ff.o [1]
strchr                  0x080104f1             Code  Gb  strchr.o [6]
strlen                  0x08010509             Code  Gb  strlen.o [6]
sync_fs                 0x08002275       0xec  Code  Lc  ff.o [1]
sync_window             0x080021c9       0x68  Code  Lc  ff.o [1]
sys_alloc               0x08003f89      0x388  Code  Lc  dlmalloc.o [3]
temp                    0x20003f84        0x1  Data  Gb  stmpe811.o [1]
tmalloc_large           0x0800431d      0x380  Code  Lc  dlmalloc.o [3]
tmalloc_small           0x0800469d      0x206  Code  Lc  dlmalloc.o [3]
uwTick                  0x20003f38        0x4  Data  Lc  stm32f7xx_hal.o [1]
validate                0x080031a7       0x3c  Code  Lc  ff.o [1]


[1] = E:\PLC\IAR\PLC\EWARM\PLC\Obj
[2] = command line
[3] = dl7M_tln.a
[4] = iar_cortexM7ls_math.a
[5] = m7M_tls.a
[6] = rt7M_tl.a
[7] = shb_l.a

  80 712 bytes of readonly  code memory
  10 933 bytes of readonly  data memory
  16 264 bytes of readwrite data memory (+ 33 554 432 absolute)

Errors: none
Warnings: none
